[0.197s] Invoking command in '/home/olympusolutions/senior_ws/build/serial': CMAKE_PREFIX_PATH=${CMAKE_PREFIX_PATH}:/home/olympusolutions/senior_ws/install/twist_stamper:/home/olympusolutions/senior_ws/install/serial_motor_demo:/home/olympusolutions/senior_ws/install/my_package:/home/olympusolutions/senior_ws/install/listener_package:/home/olympusolutions/senior_ws/install/joy_tester:/opt/ros/jazzy DEBUGINFOD_URLS=https://debuginfod.ubuntu.com /usr/bin/cmake --build /home/olympusolutions/senior_ws/build/serial -- -j4 -l4
[0.582s] [ 28%] Built target serial
[0.870s] [ 42%] Built target gtest
[1.120s] [ 57%] Built target serial_example
[1.571s] [ 71%] Built target gtest_main
[1.834s] [ 85%] Built target serial-test
[1.966s] [100%] Built target serial-test-timer
[2.100s] Invoked command in '/home/olympusolutions/senior_ws/build/serial' returned '0': CMAKE_PREFIX_PATH=${CMAKE_PREFIX_PATH}:/home/olympusolutions/senior_ws/install/twist_stamper:/home/olympusolutions/senior_ws/install/serial_motor_demo:/home/olympusolutions/senior_ws/install/my_package:/home/olympusolutions/senior_ws/install/listener_package:/home/olympusolutions/senior_ws/install/joy_tester:/opt/ros/jazzy DEBUGINFOD_URLS=https://debuginfod.ubuntu.com /usr/bin/cmake --build /home/olympusolutions/senior_ws/build/serial -- -j4 -l4
[2.101s] Invoking command in '/home/olympusolutions/senior_ws/build/serial': CMAKE_PREFIX_PATH=${CMAKE_PREFIX_PATH}:/home/olympusolutions/senior_ws/install/twist_stamper:/home/olympusolutions/senior_ws/install/serial_motor_demo:/home/olympusolutions/senior_ws/install/my_package:/home/olympusolutions/senior_ws/install/listener_package:/home/olympusolutions/senior_ws/install/joy_tester:/opt/ros/jazzy DEBUGINFOD_URLS=https://debuginfod.ubuntu.com /usr/bin/cmake --install /home/olympusolutions/senior_ws/build/serial
[2.599s] -- Install configuration: ""
[2.614s] -- Up-to-date: /home/olympusolutions/senior_ws/install/serial/lib/libserial.a
[2.615s] -- Up-to-date: /home/olympusolutions/senior_ws/install/serial/include/serial/serial.h
[2.622s] -- Up-to-date: /home/olympusolutions/senior_ws/install/serial/include/serial/v8stdint.h
[2.622s] -- Up-to-date: /home/olympusolutions/senior_ws/install/serial/share/serial/environment/library_path.sh
[2.622s] -- Up-to-date: /home/olympusolutions/senior_ws/install/serial/share/serial/environment/library_path.dsv
[2.622s] -- Up-to-date: /home/olympusolutions/senior_ws/install/serial/share/ament_index/resource_index/package_run_dependencies/serial
[2.629s] -- Up-to-date: /home/olympusolutions/senior_ws/install/serial/share/ament_index/resource_index/parent_prefix_path/serial
[2.633s] -- Up-to-date: /home/olympusolutions/senior_ws/install/serial/share/serial/environment/ament_prefix_path.sh
[2.633s] -- Up-to-date: /home/olympusolutions/senior_ws/install/serial/share/serial/environment/ament_prefix_path.dsv
[2.633s] -- Up-to-date: /home/olympusolutions/senior_ws/install/serial/share/serial/environment/path.sh
[2.633s] -- Up-to-date: /home/olympusolutions/senior_ws/install/serial/share/serial/environment/path.dsv
[2.634s] -- Up-to-date: /home/olympusolutions/senior_ws/install/serial/share/serial/local_setup.bash
[2.643s] -- Up-to-date: /home/olympusolutions/senior_ws/install/serial/share/serial/local_setup.sh
[2.650s] -- Up-to-date: /home/olympusolutions/senior_ws/install/serial/share/serial/local_setup.zsh
[2.656s] -- Up-to-date: /home/olympusolutions/senior_ws/install/serial/share/serial/local_setup.dsv
[2.657s] -- Installing: /home/olympusolutions/senior_ws/install/serial/share/serial/package.dsv
[2.657s] -- Up-to-date: /home/olympusolutions/senior_ws/install/serial/share/ament_index/resource_index/packages/serial
[2.657s] -- Up-to-date: /home/olympusolutions/senior_ws/install/serial/share/serial/cmake/ament_cmake_export_include_directories-extras.cmake
[2.657s] -- Up-to-date: /home/olympusolutions/senior_ws/install/serial/share/serial/cmake/ament_cmake_export_libraries-extras.cmake
[2.659s] -- Up-to-date: /home/olympusolutions/senior_ws/install/serial/share/serial/cmake/serialConfig.cmake
[2.660s] -- Up-to-date: /home/olympusolutions/senior_ws/install/serial/share/serial/cmake/serialConfig-version.cmake
[2.660s] -- Up-to-date: /home/olympusolutions/senior_ws/install/serial/share/serial/package.xml
[2.708s] Invoked command in '/home/olympusolutions/senior_ws/build/serial' returned '0': CMAKE_PREFIX_PATH=${CMAKE_PREFIX_PATH}:/home/olympusolutions/senior_ws/install/twist_stamper:/home/olympusolutions/senior_ws/install/serial_motor_demo:/home/olympusolutions/senior_ws/install/my_package:/home/olympusolutions/senior_ws/install/listener_package:/home/olympusolutions/senior_ws/install/joy_tester:/opt/ros/jazzy DEBUGINFOD_URLS=https://debuginfod.ubuntu.com /usr/bin/cmake --install /home/olympusolutions/senior_ws/build/serial
