[3.379s] Invoking command in '/home/olympusolutions/senior_ws/build/listener_package': DEBUGINFOD_URLS=https://debuginfod.ubuntu.com PYTHONPATH=/home/olympusolutions/senior_ws/build/listener_package/prefix_override:/usr/lib/python3/dist-packages/colcon_core/task/python/colcon_distutils_commands:/home/olympusolutions/senior_ws/install/listener_package/lib/python3.12/site-packages:${PYTHONPATH} /usr/bin/python3 -W ignore:setup.py install is deprecated -W ignore:easy_install command is deprecated setup.py develop --editable --build-directory /home/olympusolutions/senior_ws/build/listener_package/build --no-deps symlink_data
[4.909s] running develop
[5.995s] running egg_info
[6.173s] writing listener_package.egg-info/PKG-INFO
[6.179s] writing dependency_links to listener_package.egg-info/dependency_links.txt
[6.186s] writing entry points to listener_package.egg-info/entry_points.txt
[6.186s] writing requirements to listener_package.egg-info/requires.txt
[6.187s] writing top-level names to listener_package.egg-info/top_level.txt
[6.563s] reading manifest file 'listener_package.egg-info/SOURCES.txt'
[6.563s] writing manifest file 'listener_package.egg-info/SOURCES.txt'
[6.750s] running build_ext
[6.750s] Creating /home/olympusolutions/senior_ws/install/listener_package/lib/python3.12/site-packages/listener-package.egg-link (link to .)
[6.750s] Installing listener script to /home/olympusolutions/senior_ws/install/listener_package/lib/listener_package
[6.763s] Installing map_publisher script to /home/olympusolutions/senior_ws/install/listener_package/lib/listener_package
[6.766s] Installing phone_listener script to /home/olympusolutions/senior_ws/install/listener_package/lib/listener_package
[6.766s] Installing talker script to /home/olympusolutions/senior_ws/install/listener_package/lib/listener_package
[6.776s] Installing tcp_map_node script to /home/olympusolutions/senior_ws/install/listener_package/lib/listener_package
[6.776s] 
[6.780s] Installed /home/olympusolutions/senior_ws/build/listener_package
[6.781s] running symlink_data
[7.250s] Invoked command in '/home/olympusolutions/senior_ws/build/listener_package' returned '0': DEBUGINFOD_URLS=https://debuginfod.ubuntu.com PYTHONPATH=/home/olympusolutions/senior_ws/build/listener_package/prefix_override:/usr/lib/python3/dist-packages/colcon_core/task/python/colcon_distutils_commands:/home/olympusolutions/senior_ws/install/listener_package/lib/python3.12/site-packages:${PYTHONPATH} /usr/bin/python3 -W ignore:setup.py install is deprecated -W ignore:easy_install command is deprecated setup.py develop --editable --build-directory /home/olympusolutions/senior_ws/build/listener_package/build --no-deps symlink_data
