-- Found ament_cmake: 2.5.3 (/opt/ros/jazzy/share/ament_cmake/cmake)
-- Found ament_cmake_gtest: 2.5.3 (/opt/ros/jazzy/share/ament_cmake_gtest/cmake)
-- Found gtest sources under '/opt/ros/jazzy/src/gtest_vendor': C++ tests using 'Google Test' will be built
-- Configuring done (1.6s)
-- Generating done (0.1s)
-- Build files have been written to: /home/olympusolutions/senior_ws/build/serial
[ 14%] Built target gtest
[ 28%] Built target gtest_main
[ 57%] Built target serial
[ 71%] Built target serial_example
[ 85%] Built target serial-test
[100%] Built target serial-test-timer
-- Install configuration: ""
-- Up-to-date: /home/olympusolutions/senior_ws/install/serial/lib/libserial.a
-- Installing: /home/olympusolutions/senior_ws/install/serial/include/serial/serial.h
-- Installing: /home/olympusolutions/senior_ws/install/serial/include/serial/v8stdint.h
-- Installing: /home/olympusolutions/senior_ws/install/serial/share/serial/environment/library_path.sh
-- Up-to-date: /home/olympusolutions/senior_ws/install/serial/share/serial/environment/library_path.dsv
-- Up-to-date: /home/olympusolutions/senior_ws/install/serial/share/ament_index/resource_index/package_run_dependencies/serial
-- Up-to-date: /home/olympusolutions/senior_ws/install/serial/share/ament_index/resource_index/parent_prefix_path/serial
-- Installing: /home/olympusolutions/senior_ws/install/serial/share/serial/environment/ament_prefix_path.sh
-- Up-to-date: /home/olympusolutions/senior_ws/install/serial/share/serial/environment/ament_prefix_path.dsv
-- Installing: /home/olympusolutions/senior_ws/install/serial/share/serial/environment/path.sh
-- Up-to-date: /home/olympusolutions/senior_ws/install/serial/share/serial/environment/path.dsv
-- Up-to-date: /home/olympusolutions/senior_ws/install/serial/share/serial/local_setup.bash
-- Up-to-date: /home/olympusolutions/senior_ws/install/serial/share/serial/local_setup.sh
-- Up-to-date: /home/olympusolutions/senior_ws/install/serial/share/serial/local_setup.zsh
-- Up-to-date: /home/olympusolutions/senior_ws/install/serial/share/serial/local_setup.dsv
-- Up-to-date: /home/olympusolutions/senior_ws/install/serial/share/serial/package.dsv
-- Up-to-date: /home/olympusolutions/senior_ws/install/serial/share/ament_index/resource_index/packages/serial
-- Up-to-date: /home/olympusolutions/senior_ws/install/serial/share/serial/cmake/ament_cmake_export_include_directories-extras.cmake
-- Up-to-date: /home/olympusolutions/senior_ws/install/serial/share/serial/cmake/ament_cmake_export_libraries-extras.cmake
-- Up-to-date: /home/olympusolutions/senior_ws/install/serial/share/serial/cmake/serialConfig.cmake
-- Up-to-date: /home/olympusolutions/senior_ws/install/serial/share/serial/cmake/serialConfig-version.cmake
-- Installing: /home/olympusolutions/senior_ws/install/serial/share/serial/package.xml
