[0.060s] Invoking command in '/home/olympusolutions/senior_ws/build/serial': CMAKE_PREFIX_PATH=${CMAKE_PREFIX_PATH}:/opt/ros/jazzy DEBUGINFOD_URLS=https://debuginfod.ubuntu.com /usr/bin/cmake --build /home/olympusolutions/senior_ws/build/serial -- -j4 -l4
[0.246s] -- Found ament_cmake: 2.5.3 (/opt/ros/jazzy/share/ament_cmake/cmake)
[1.343s] -- Found ament_cmake_gtest: 2.5.3 (/opt/ros/jazzy/share/ament_cmake_gtest/cmake)
[1.385s] -- Found gtest sources under '/opt/ros/jazzy/src/gtest_vendor': C++ tests using 'Google Test' will be built
[1.827s] -- Configuring done (1.6s)
[1.945s] -- Generating done (0.1s)
[1.990s] -- Build files have been written to: /home/olympusolutions/senior_ws/build/serial
[2.197s] [ 14%] Built target gtest
[2.217s] [ 28%] Built target gtest_main
[2.223s] [ 57%] Built target serial
[2.345s] [ 71%] Built target serial_example
[2.388s] [ 85%] Built target serial-test
[2.610s] [100%] Built target serial-test-timer
[2.652s] Invoked command in '/home/olympusolutions/senior_ws/build/serial' returned '0': CMAKE_PREFIX_PATH=${CMAKE_PREFIX_PATH}:/opt/ros/jazzy DEBUGINFOD_URLS=https://debuginfod.ubuntu.com /usr/bin/cmake --build /home/olympusolutions/senior_ws/build/serial -- -j4 -l4
[2.657s] Invoking command in '/home/olympusolutions/senior_ws/build/serial': CMAKE_PREFIX_PATH=${CMAKE_PREFIX_PATH}:/opt/ros/jazzy DEBUGINFOD_URLS=https://debuginfod.ubuntu.com /usr/bin/cmake --install /home/olympusolutions/senior_ws/build/serial
[2.690s] -- Install configuration: ""
[2.695s] -- Up-to-date: /home/olympusolutions/senior_ws/install/serial/lib/libserial.a
[2.696s] -- Installing: /home/olympusolutions/senior_ws/install/serial/include/serial/serial.h
[2.699s] -- Installing: /home/olympusolutions/senior_ws/install/serial/include/serial/v8stdint.h
[2.702s] -- Installing: /home/olympusolutions/senior_ws/install/serial/share/serial/environment/library_path.sh
[2.702s] -- Up-to-date: /home/olympusolutions/senior_ws/install/serial/share/serial/environment/library_path.dsv
[2.705s] -- Up-to-date: /home/olympusolutions/senior_ws/install/serial/share/ament_index/resource_index/package_run_dependencies/serial
[2.706s] -- Up-to-date: /home/olympusolutions/senior_ws/install/serial/share/ament_index/resource_index/parent_prefix_path/serial
[2.707s] -- Installing: /home/olympusolutions/senior_ws/install/serial/share/serial/environment/ament_prefix_path.sh
[2.709s] -- Up-to-date: /home/olympusolutions/senior_ws/install/serial/share/serial/environment/ament_prefix_path.dsv
[2.711s] -- Installing: /home/olympusolutions/senior_ws/install/serial/share/serial/environment/path.sh
[2.713s] -- Up-to-date: /home/olympusolutions/senior_ws/install/serial/share/serial/environment/path.dsv
[2.714s] -- Up-to-date: /home/olympusolutions/senior_ws/install/serial/share/serial/local_setup.bash
[2.714s] -- Up-to-date: /home/olympusolutions/senior_ws/install/serial/share/serial/local_setup.sh
[2.714s] -- Up-to-date: /home/olympusolutions/senior_ws/install/serial/share/serial/local_setup.zsh
[2.714s] -- Up-to-date: /home/olympusolutions/senior_ws/install/serial/share/serial/local_setup.dsv
[2.714s] -- Up-to-date: /home/olympusolutions/senior_ws/install/serial/share/serial/package.dsv
[2.714s] -- Up-to-date: /home/olympusolutions/senior_ws/install/serial/share/ament_index/resource_index/packages/serial
[2.715s] -- Up-to-date: /home/olympusolutions/senior_ws/install/serial/share/serial/cmake/ament_cmake_export_include_directories-extras.cmake
[2.715s] -- Up-to-date: /home/olympusolutions/senior_ws/install/serial/share/serial/cmake/ament_cmake_export_libraries-extras.cmake
[2.715s] -- Up-to-date: /home/olympusolutions/senior_ws/install/serial/share/serial/cmake/serialConfig.cmake
[2.719s] -- Up-to-date: /home/olympusolutions/senior_ws/install/serial/share/serial/cmake/serialConfig-version.cmake
[2.722s] -- Installing: /home/olympusolutions/senior_ws/install/serial/share/serial/package.xml
[2.728s] Invoked command in '/home/olympusolutions/senior_ws/build/serial' returned '0': CMAKE_PREFIX_PATH=${CMAKE_PREFIX_PATH}:/opt/ros/jazzy DEBUGINFOD_URLS=https://debuginfod.ubuntu.com /usr/bin/cmake --install /home/olympusolutions/senior_ws/build/serial
