[2.246s] Invoking command in '/home/olympusolutions/senior_ws/src/riley_ws/src/my_package': DEBUGINFOD_URLS=https://debuginfod.ubuntu.com PYTHONPATH=/home/olympusolutions/senior_ws/build/my_package/prefix_override:/usr/lib/python3/dist-packages/colcon_core/task/python/colcon_distutils_commands:/home/olympusolutions/senior_ws/install/my_package/lib/python3.12/site-packages:${PYTHONPATH} /usr/bin/python3 -W ignore:setup.py install is deprecated -W ignore:easy_install command is deprecated setup.py egg_info --egg-base ../../../../build/my_package build --build-base /home/olympusolutions/senior_ws/build/my_package/build install --record /home/olympusolutions/senior_ws/build/my_package/install.log --single-version-externally-managed install_data
[2.738s] running egg_info
[2.770s] writing ../../../../build/my_package/my_package.egg-info/PKG-INFO
[2.771s] writing dependency_links to ../../../../build/my_package/my_package.egg-info/dependency_links.txt
[2.772s] writing entry points to ../../../../build/my_package/my_package.egg-info/entry_points.txt
[2.773s] writing requirements to ../../../../build/my_package/my_package.egg-info/requires.txt
[2.774s] writing top-level names to ../../../../build/my_package/my_package.egg-info/top_level.txt
[2.841s] reading manifest file '../../../../build/my_package/my_package.egg-info/SOURCES.txt'
[2.842s] adding license file 'LICENSE'
[2.843s] writing manifest file '../../../../build/my_package/my_package.egg-info/SOURCES.txt'
[2.843s] running build
[2.844s] running build_py
[2.846s] running install
[2.856s] running install_lib
[2.889s] running install_data
[2.890s] running install_egg_info
[2.926s] removing '/home/olympusolutions/senior_ws/install/my_package/lib/python3.12/site-packages/my_package-0.0.0-py3.12.egg-info' (and everything under it)
[2.927s] Copying ../../../../build/my_package/my_package.egg-info to /home/olympusolutions/senior_ws/install/my_package/lib/python3.12/site-packages/my_package-0.0.0-py3.12.egg-info
[2.933s] running install_scripts
[3.158s] Installing my_node script to /home/olympusolutions/senior_ws/install/my_package/lib/my_package
[3.162s] writing list of installed files to '/home/olympusolutions/senior_ws/build/my_package/install.log'
[3.275s] Invoked command in '/home/olympusolutions/senior_ws/src/riley_ws/src/my_package' returned '0': DEBUGINFOD_URLS=https://debuginfod.ubuntu.com PYTHONPATH=/home/olympusolutions/senior_ws/build/my_package/prefix_override:/usr/lib/python3/dist-packages/colcon_core/task/python/colcon_distutils_commands:/home/olympusolutions/senior_ws/install/my_package/lib/python3.12/site-packages:${PYTHONPATH} /usr/bin/python3 -W ignore:setup.py install is deprecated -W ignore:easy_install command is deprecated setup.py egg_info --egg-base ../../../../build/my_package build --build-base /home/olympusolutions/senior_ws/build/my_package/build install --record /home/olympusolutions/senior_ws/build/my_package/install.log --single-version-externally-managed install_data
