[10.559s] Invoking command in '/home/olympusolutions/senior_ws/src/riley_ws/src/listener_package': DEBUGINFOD_URLS=https://debuginfod.ubuntu.com PYTHONPATH=/home/olympusolutions/senior_ws/build/listener_package/prefix_override:/usr/lib/python3/dist-packages/colcon_core/task/python/colcon_distutils_commands:/home/olympusolutions/senior_ws/install/listener_package/lib/python3.12/site-packages:${PYTHONPATH} /usr/bin/python3 -W ignore:setup.py install is deprecated -W ignore:easy_install command is deprecated setup.py egg_info --egg-base ../../../../build/listener_package build --build-base /home/olympusolutions/senior_ws/build/listener_package/build install --record /home/olympusolutions/senior_ws/build/listener_package/install.log --single-version-externally-managed install_data
[16.335s] running egg_info
[17.032s] writing ../../../../build/listener_package/listener_package.egg-info/PKG-INFO
[17.040s] writing dependency_links to ../../../../build/listener_package/listener_package.egg-info/dependency_links.txt
[17.047s] writing entry points to ../../../../build/listener_package/listener_package.egg-info/entry_points.txt
[17.053s] writing requirements to ../../../../build/listener_package/listener_package.egg-info/requires.txt
[17.058s] writing top-level names to ../../../../build/listener_package/listener_package.egg-info/top_level.txt
[17.960s] reading manifest file '../../../../build/listener_package/listener_package.egg-info/SOURCES.txt'
[17.962s] adding license file 'LICENSE'
[17.970s] writing manifest file '../../../../build/listener_package/listener_package.egg-info/SOURCES.txt'
[17.979s] running build
[17.981s] running build_py
[17.982s] running install
[18.043s] running install_lib
[18.357s] running install_data
[18.359s] running install_egg_info
[18.559s] removing '/home/olympusolutions/senior_ws/install/listener_package/lib/python3.12/site-packages/listener_package-0.0.0-py3.12.egg-info' (and everything under it)
[18.577s] Copying ../../../../build/listener_package/listener_package.egg-info to /home/olympusolutions/senior_ws/install/listener_package/lib/python3.12/site-packages/listener_package-0.0.0-py3.12.egg-info
[18.581s] running install_scripts
[20.548s] Installing listener script to /home/olympusolutions/senior_ws/install/listener_package/lib/listener_package
[20.562s] Installing phone_listener script to /home/olympusolutions/senior_ws/install/listener_package/lib/listener_package
[20.578s] Installing talker script to /home/olympusolutions/senior_ws/install/listener_package/lib/listener_package
[20.580s] Installing tcp_map_node script to /home/olympusolutions/senior_ws/install/listener_package/lib/listener_package
[20.585s] writing list of installed files to '/home/olympusolutions/senior_ws/build/listener_package/install.log'
[22.458s] Invoked command in '/home/olympusolutions/senior_ws/src/riley_ws/src/listener_package' returned '0': DEBUGINFOD_URLS=https://debuginfod.ubuntu.com PYTHONPATH=/home/olympusolutions/senior_ws/build/listener_package/prefix_override:/usr/lib/python3/dist-packages/colcon_core/task/python/colcon_distutils_commands:/home/olympusolutions/senior_ws/install/listener_package/lib/python3.12/site-packages:${PYTHONPATH} /usr/bin/python3 -W ignore:setup.py install is deprecated -W ignore:easy_install command is deprecated setup.py egg_info --egg-base ../../../../build/listener_package build --build-base /home/olympusolutions/senior_ws/build/listener_package/build install --record /home/olympusolutions/senior_ws/build/listener_package/install.log --single-version-externally-managed install_data
