[8.166s] Invoking command in '/home/olympusolutions/senior_ws/src/riley_ws/src/my_package': DEBUGINFOD_URLS=https://debuginfod.ubuntu.com PYTHONPATH=/home/olympusolutions/senior_ws/build/my_package/prefix_override:/usr/lib/python3/dist-packages/colcon_core/task/python/colcon_distutils_commands:/home/olympusolutions/senior_ws/install/my_package/lib/python3.12/site-packages:${PYTHONPATH} /usr/bin/python3 -W ignore:setup.py install is deprecated -W ignore:easy_install command is deprecated setup.py egg_info --egg-base ../../../../build/my_package build --build-base /home/olympusolutions/senior_ws/build/my_package/build install --record /home/olympusolutions/senior_ws/build/my_package/install.log --single-version-externally-managed install_data
[9.646s] running egg_info
[9.789s] writing ../../../../build/my_package/my_package.egg-info/PKG-INFO
[9.790s] writing dependency_links to ../../../../build/my_package/my_package.egg-info/dependency_links.txt
[9.790s] writing entry points to ../../../../build/my_package/my_package.egg-info/entry_points.txt
[9.793s] writing requirements to ../../../../build/my_package/my_package.egg-info/requires.txt
[9.793s] writing top-level names to ../../../../build/my_package/my_package.egg-info/top_level.txt
[10.073s] reading manifest file '../../../../build/my_package/my_package.egg-info/SOURCES.txt'
[10.074s] adding license file 'LICENSE'
[10.077s] writing manifest file '../../../../build/my_package/my_package.egg-info/SOURCES.txt'
[10.080s] running build
[10.081s] running build_py
[10.084s] running install
[10.101s] running install_lib
[10.252s] running install_data
[10.254s] running install_egg_info
[10.353s] removing '/home/olympusolutions/senior_ws/install/my_package/lib/python3.12/site-packages/my_package-0.0.0-py3.12.egg-info' (and everything under it)
[10.360s] Copying ../../../../build/my_package/my_package.egg-info to /home/olympusolutions/senior_ws/install/my_package/lib/python3.12/site-packages/my_package-0.0.0-py3.12.egg-info
[10.364s] running install_scripts
[11.132s] Installing my_node script to /home/olympusolutions/senior_ws/install/my_package/lib/my_package
[11.136s] writing list of installed files to '/home/olympusolutions/senior_ws/build/my_package/install.log'
[11.407s] Invoked command in '/home/olympusolutions/senior_ws/src/riley_ws/src/my_package' returned '0': DEBUGINFOD_URLS=https://debuginfod.ubuntu.com PYTHONPATH=/home/olympusolutions/senior_ws/build/my_package/prefix_override:/usr/lib/python3/dist-packages/colcon_core/task/python/colcon_distutils_commands:/home/olympusolutions/senior_ws/install/my_package/lib/python3.12/site-packages:${PYTHONPATH} /usr/bin/python3 -W ignore:setup.py install is deprecated -W ignore:easy_install command is deprecated setup.py egg_info --egg-base ../../../../build/my_package build --build-base /home/olympusolutions/senior_ws/build/my_package/build install --record /home/olympusolutions/senior_ws/build/my_package/install.log --single-version-externally-managed install_data
