[5.174s] Invoking command in '/home/olympusolutions/senior_ws/src/riley_ws/src/my_package': DEBUGINFOD_URLS=https://debuginfod.ubuntu.com PYTHONPATH=/home/olympusolutions/senior_ws/build/my_package/prefix_override:/usr/lib/python3/dist-packages/colcon_core/task/python/colcon_distutils_commands:/home/olympusolutions/senior_ws/install/my_package/lib/python3.12/site-packages:${PYTHONPATH} /usr/bin/python3 -W ignore:setup.py install is deprecated -W ignore:easy_install command is deprecated setup.py egg_info --egg-base ../../../../build/my_package build --build-base /home/olympusolutions/senior_ws/build/my_package/build install --record /home/olympusolutions/senior_ws/build/my_package/install.log --single-version-externally-managed install_data
[6.396s] running egg_info
[6.485s] writing ../../../../build/my_package/my_package.egg-info/PKG-INFO
[6.488s] writing dependency_links to ../../../../build/my_package/my_package.egg-info/dependency_links.txt
[6.488s] writing entry points to ../../../../build/my_package/my_package.egg-info/entry_points.txt
[6.490s] writing requirements to ../../../../build/my_package/my_package.egg-info/requires.txt
[6.490s] writing top-level names to ../../../../build/my_package/my_package.egg-info/top_level.txt
[6.636s] reading manifest file '../../../../build/my_package/my_package.egg-info/SOURCES.txt'
[6.638s] adding license file 'LICENSE'
[6.640s] writing manifest file '../../../../build/my_package/my_package.egg-info/SOURCES.txt'
[6.642s] running build
[6.643s] running build_py
[6.643s] running install
[6.662s] running install_lib
[6.743s] running install_data
[6.745s] running install_egg_info
[6.838s] removing '/home/olympusolutions/senior_ws/install/my_package/lib/python3.12/site-packages/my_package-0.0.0-py3.12.egg-info' (and everything under it)
[6.839s] Copying ../../../../build/my_package/my_package.egg-info to /home/olympusolutions/senior_ws/install/my_package/lib/python3.12/site-packages/my_package-0.0.0-py3.12.egg-info
[6.839s] running install_scripts
[7.436s] Installing my_node script to /home/olympusolutions/senior_ws/install/my_package/lib/my_package
[7.436s] writing list of installed files to '/home/olympusolutions/senior_ws/build/my_package/install.log'
[7.714s] Invoked command in '/home/olympusolutions/senior_ws/src/riley_ws/src/my_package' returned '0': DEBUGINFOD_URLS=https://debuginfod.ubuntu.com PYTHONPATH=/home/olympusolutions/senior_ws/build/my_package/prefix_override:/usr/lib/python3/dist-packages/colcon_core/task/python/colcon_distutils_commands:/home/olympusolutions/senior_ws/install/my_package/lib/python3.12/site-packages:${PYTHONPATH} /usr/bin/python3 -W ignore:setup.py install is deprecated -W ignore:easy_install command is deprecated setup.py egg_info --egg-base ../../../../build/my_package build --build-base /home/olympusolutions/senior_ws/build/my_package/build install --record /home/olympusolutions/senior_ws/build/my_package/install.log --single-version-externally-managed install_data
