[19.099s] Invoking command in '/home/olympusolutions/senior_ws/src/riley_ws/src/my_package': DEBUGINFOD_URLS=https://debuginfod.ubuntu.com PYTHONPATH=/home/olympusolutions/senior_ws/build/my_package/prefix_override:/usr/lib/python3/dist-packages/colcon_core/task/python/colcon_distutils_commands:/home/olympusolutions/senior_ws/install/my_package/lib/python3.12/site-packages:${PYTHONPATH} /usr/bin/python3 -W ignore:setup.py install is deprecated -W ignore:easy_install command is deprecated setup.py egg_info --egg-base ../../../../build/my_package build --build-base /home/olympusolutions/senior_ws/build/my_package/build install --record /home/olympusolutions/senior_ws/build/my_package/install.log --single-version-externally-managed install_data
[26.160s] running egg_info
[26.357s] writing ../../../../build/my_package/my_package.egg-info/PKG-INFO
[26.359s] writing dependency_links to ../../../../build/my_package/my_package.egg-info/dependency_links.txt
[26.362s] writing entry points to ../../../../build/my_package/my_package.egg-info/entry_points.txt
[26.368s] writing requirements to ../../../../build/my_package/my_package.egg-info/requires.txt
[26.371s] writing top-level names to ../../../../build/my_package/my_package.egg-info/top_level.txt
[26.783s] reading manifest file '../../../../build/my_package/my_package.egg-info/SOURCES.txt'
[26.822s] adding license file 'LICENSE'
[26.824s] writing manifest file '../../../../build/my_package/my_package.egg-info/SOURCES.txt'
[26.825s] running build
[26.825s] running build_py
[26.825s] running install
[26.862s] running install_lib
[27.070s] running install_data
[27.072s] running install_egg_info
[28.230s] removing '/home/olympusolutions/senior_ws/install/my_package/lib/python3.12/site-packages/my_package-0.0.0-py3.12.egg-info' (and everything under it)
[28.230s] Copying ../../../../build/my_package/my_package.egg-info to /home/olympusolutions/senior_ws/install/my_package/lib/python3.12/site-packages/my_package-0.0.0-py3.12.egg-info
[28.267s] running install_scripts
[33.125s] Installing my_node script to /home/olympusolutions/senior_ws/install/my_package/lib/my_package
[33.125s] writing list of installed files to '/home/olympusolutions/senior_ws/build/my_package/install.log'
[33.728s] Invoked command in '/home/olympusolutions/senior_ws/src/riley_ws/src/my_package' returned '0': DEBUGINFOD_URLS=https://debuginfod.ubuntu.com PYTHONPATH=/home/olympusolutions/senior_ws/build/my_package/prefix_override:/usr/lib/python3/dist-packages/colcon_core/task/python/colcon_distutils_commands:/home/olympusolutions/senior_ws/install/my_package/lib/python3.12/site-packages:${PYTHONPATH} /usr/bin/python3 -W ignore:setup.py install is deprecated -W ignore:easy_install command is deprecated setup.py egg_info --egg-base ../../../../build/my_package build --build-base /home/olympusolutions/senior_ws/build/my_package/build install --record /home/olympusolutions/senior_ws/build/my_package/install.log --single-version-externally-managed install_data
