[1.567s] Invoking command in '/home/olympusolutions/senior_ws/src/riley_ws/src/listener_package': DEBUGINFOD_URLS=https://debuginfod.ubuntu.com PYTHONPATH=/home/olympusolutions/senior_ws/build/listener_package/prefix_override:/usr/lib/python3/dist-packages/colcon_core/task/python/colcon_distutils_commands:/home/olympusolutions/senior_ws/install/listener_package/lib/python3.12/site-packages:${PYTHONPATH} /usr/bin/python3 -W ignore:setup.py install is deprecated -W ignore:easy_install command is deprecated setup.py egg_info --egg-base ../../../../build/listener_package build --build-base /home/olympusolutions/senior_ws/build/listener_package/build install --record /home/olympusolutions/senior_ws/build/listener_package/install.log --single-version-externally-managed install_data
[1.984s] running egg_info
[2.016s] writing ../../../../build/listener_package/listener_package.egg-info/PKG-INFO
[2.016s] writing dependency_links to ../../../../build/listener_package/listener_package.egg-info/dependency_links.txt
[2.017s] writing entry points to ../../../../build/listener_package/listener_package.egg-info/entry_points.txt
[2.019s] writing requirements to ../../../../build/listener_package/listener_package.egg-info/requires.txt
[2.020s] writing top-level names to ../../../../build/listener_package/listener_package.egg-info/top_level.txt
[2.082s] reading manifest file '../../../../build/listener_package/listener_package.egg-info/SOURCES.txt'
[2.083s] adding license file 'LICENSE'
[2.083s] writing manifest file '../../../../build/listener_package/listener_package.egg-info/SOURCES.txt'
[2.084s] running build
[2.084s] running build_py
[2.084s] copying listener_package/phone_listener.py -> /home/olympusolutions/senior_ws/build/listener_package/build/lib/listener_package
[2.085s] running install
[2.094s] running install_lib
[2.127s] copying /home/olympusolutions/senior_ws/build/listener_package/build/lib/listener_package/phone_listener.py -> /home/olympusolutions/senior_ws/install/listener_package/lib/python3.12/site-packages/listener_package
[2.128s] byte-compiling /home/olympusolutions/senior_ws/install/listener_package/lib/python3.12/site-packages/listener_package/phone_listener.py to phone_listener.cpython-312.pyc
[2.130s] running install_data
[2.131s] running install_egg_info
[2.164s] removing '/home/olympusolutions/senior_ws/install/listener_package/lib/python3.12/site-packages/listener_package-0.0.0-py3.12.egg-info' (and everything under it)
[2.165s] Copying ../../../../build/listener_package/listener_package.egg-info to /home/olympusolutions/senior_ws/install/listener_package/lib/python3.12/site-packages/listener_package-0.0.0-py3.12.egg-info
[2.166s] running install_scripts
[2.384s] Installing listener script to /home/olympusolutions/senior_ws/install/listener_package/lib/listener_package
[2.385s] Installing map_publisher script to /home/olympusolutions/senior_ws/install/listener_package/lib/listener_package
[2.386s] Installing phone_listener script to /home/olympusolutions/senior_ws/install/listener_package/lib/listener_package
[2.388s] Installing talker script to /home/olympusolutions/senior_ws/install/listener_package/lib/listener_package
[2.392s] Installing tcp_map_node script to /home/olympusolutions/senior_ws/install/listener_package/lib/listener_package
[2.393s] writing list of installed files to '/home/olympusolutions/senior_ws/build/listener_package/install.log'
[2.481s] Invoked command in '/home/olympusolutions/senior_ws/src/riley_ws/src/listener_package' returned '0': DEBUGINFOD_URLS=https://debuginfod.ubuntu.com PYTHONPATH=/home/olympusolutions/senior_ws/build/listener_package/prefix_override:/usr/lib/python3/dist-packages/colcon_core/task/python/colcon_distutils_commands:/home/olympusolutions/senior_ws/install/listener_package/lib/python3.12/site-packages:${PYTHONPATH} /usr/bin/python3 -W ignore:setup.py install is deprecated -W ignore:easy_install command is deprecated setup.py egg_info --egg-base ../../../../build/listener_package build --build-base /home/olympusolutions/senior_ws/build/listener_package/build install --record /home/olympusolutions/senior_ws/build/listener_package/install.log --single-version-externally-managed install_data
