[0.046s] Invoking command in '/home/olympusolutions/senior_ws/build/minibot': CMAKE_PREFIX_PATH=${CMAKE_PREFIX_PATH}:/opt/ros/jazzy DEBUGINFOD_URLS=https://debuginfod.ubuntu.com /usr/bin/cmake --build /home/olympusolutions/senior_ws/build/minibot -- -j4 -l4
[0.210s] -- Found ament_cmake: 2.5.3 (/opt/ros/jazzy/share/ament_cmake/cmake)
[1.388s] -- Found rclcpp: 28.1.6 (/opt/ros/jazzy/share/rclcpp/cmake)
[1.527s] -- Found rosidl_generator_c: 4.6.5 (/opt/ros/jazzy/share/rosidl_generator_c/cmake)
[1.581s] -- Found rosidl_generator_cpp: 4.6.5 (/opt/ros/jazzy/share/rosidl_generator_cpp/cmake)
[1.658s] -- Using all available rosidl_typesupport_c: rosidl_typesupport_fastrtps_c;rosidl_typesupport_introspection_c
[1.717s] -- Using all available rosidl_typesupport_cpp: rosidl_typesupport_fastrtps_cpp;rosidl_typesupport_introspection_cpp
[1.889s] -- Found rmw_implementation_cmake: 7.3.1 (/opt/ros/jazzy/share/rmw_implementation_cmake/cmake)
[1.892s] -- Found rmw_fastrtps_cpp: 8.4.1 (/opt/ros/jazzy/share/rmw_fastrtps_cpp/cmake)
[2.082s] -- Using RMW implementation 'rmw_fastrtps_cpp' as default
[2.266s] -- Found geometry_msgs: 5.3.5 (/opt/ros/jazzy/share/geometry_msgs/cmake)
[2.347s] -- Found rclpy: 7.1.3 (/opt/ros/jazzy/share/rclpy/cmake)
[2.347s] -- Found ament_lint_auto: 0.17.1 (/opt/ros/jazzy/share/ament_lint_auto/cmake)
[2.748s] -- Added test 'copyright' to check source files copyright and LICENSE
[2.768s] -- Added test 'cppcheck' to perform static code analysis on C / C++ code
[2.768s] -- Configured cppcheck include dirs: 
[2.769s] -- Configured cppcheck exclude dirs and/or files: 
[2.777s] -- Added test 'cpplint' to check C / C++ code against the Google style
[2.777s] -- Configured cpplint exclude dirs and/or files: 
[2.780s] -- Added test 'flake8' to check Python code syntax and style conventions
[2.780s] -- Configured 'flake8' exclude dirs and/or files: 
[2.785s] -- Added test 'lint_cmake' to check CMake code style
[2.789s] -- Added test 'pep257' to check Python code against some of the docstring style conventions in PEP 257
[2.799s] -- Added test 'uncrustify' to check C / C++ code style
[2.799s] -- Configured uncrustify additional arguments: 
[2.803s] -- Added test 'xmllint' to check XML markup files
[2.819s] -- Configuring done (2.6s)
[2.923s] -- Generating done (0.1s)
[2.961s] -- Build files have been written to: /home/olympusolutions/senior_ws/build/minibot
[3.186s] [ 50%] [32mBuilding CXX object CMakeFiles/velocity_publisher.dir/demo_publisher_node/velocity_publisher.cpp.o[0m
[19.012s] [100%] [32m[1mLinking CXX executable velocity_publisher[0m
[19.489s] [100%] Built target velocity_publisher
[19.516s] Invoked command in '/home/olympusolutions/senior_ws/build/minibot' returned '0': CMAKE_PREFIX_PATH=${CMAKE_PREFIX_PATH}:/opt/ros/jazzy DEBUGINFOD_URLS=https://debuginfod.ubuntu.com /usr/bin/cmake --build /home/olympusolutions/senior_ws/build/minibot -- -j4 -l4
[19.520s] Invoking command in '/home/olympusolutions/senior_ws/build/minibot': CMAKE_PREFIX_PATH=${CMAKE_PREFIX_PATH}:/opt/ros/jazzy DEBUGINFOD_URLS=https://debuginfod.ubuntu.com /usr/bin/cmake --install /home/olympusolutions/senior_ws/build/minibot
[19.543s] -- Install configuration: ""
[19.544s] -- Installing: /home/olympusolutions/senior_ws/install/minibot/lib/minibot/velocity_publisher
[19.548s] -- Set non-toolchain portion of runtime path of "/home/olympusolutions/senior_ws/install/minibot/lib/minibot/velocity_publisher" to ""
[19.548s] -- Up-to-date: /home/olympusolutions/senior_ws/install/minibot/share/minibot/config
[19.548s] -- Installing: /home/olympusolutions/senior_ws/install/minibot/share/minibot/config/minibot_display.rviz
[19.548s] -- Installing: /home/olympusolutions/senior_ws/install/minibot/share/minibot/config/empty.yaml
[19.549s] -- Up-to-date: /home/olympusolutions/senior_ws/install/minibot/share/minibot/config/minibot_config.rviz
[19.549s] -- Installing: /home/olympusolutions/senior_ws/install/minibot/share/minibot/config/controller_gz_sim.yaml
[19.549s] -- Installing: /home/olympusolutions/senior_ws/install/minibot/share/minibot/config/gz_params.yaml
[19.550s] -- Installing: /home/olympusolutions/senior_ws/install/minibot/share/minibot/config/twist_mux.yaml
[19.550s] -- Installing: /home/olympusolutions/senior_ws/install/minibot/share/minibot/config/mapper_params_online_async.yaml
[19.551s] -- Up-to-date: /home/olympusolutions/senior_ws/install/minibot/share/minibot/config/controller.yaml
[19.551s] -- Up-to-date: /home/olympusolutions/senior_ws/install/minibot/share/minibot/config/sim_config.rviz
[19.551s] -- Up-to-date: /home/olympusolutions/senior_ws/install/minibot/share/minibot/config/nav2_params.yaml
[19.551s] -- Up-to-date: /home/olympusolutions/senior_ws/install/minibot/share/minibot/config/joystick_params.yaml
[19.551s] -- Up-to-date: /home/olympusolutions/senior_ws/install/minibot/share/minibot/config/mapper_params_localization.yaml
[19.551s] -- Up-to-date: /home/olympusolutions/senior_ws/install/minibot/share/minibot/description
[19.552s] -- Up-to-date: /home/olympusolutions/senior_ws/install/minibot/share/minibot/description/robot.urdf.xacro
[19.552s] -- Installing: /home/olympusolutions/senior_ws/install/minibot/share/minibot/description/inertial_macros.xacro
[19.552s] -- Up-to-date: /home/olympusolutions/senior_ws/install/minibot/share/minibot/description/robot_main.xacro
[19.552s] -- Up-to-date: /home/olympusolutions/senior_ws/install/minibot/share/minibot/description/ros2_control.xacro
[19.552s] -- Installing: /home/olympusolutions/senior_ws/install/minibot/share/minibot/description/gz_diff_drive_control.xacro
[19.552s] -- Installing: /home/olympusolutions/senior_ws/install/minibot/share/minibot/description/depth_camera.xacro
[19.552s] -- Up-to-date: /home/olympusolutions/senior_ws/install/minibot/share/minibot/description/camera.xacro
[19.552s] -- Up-to-date: /home/olympusolutions/senior_ws/install/minibot/share/minibot/description/lidar.xacro
[19.553s] -- Up-to-date: /home/olympusolutions/senior_ws/install/minibot/share/minibot/launch
[19.553s] -- Up-to-date: /home/olympusolutions/senior_ws/install/minibot/share/minibot/launch/navigation_launch.py
[19.553s] -- Up-to-date: /home/olympusolutions/senior_ws/install/minibot/share/minibot/launch/joystick_teleop.launch.py
[19.553s] -- Up-to-date: /home/olympusolutions/senior_ws/install/minibot/share/minibot/launch/sim.launch.py
[19.553s] -- Installing: /home/olympusolutions/senior_ws/install/minibot/share/minibot/launch/robot_remote_station.launch.py
[19.553s] -- Up-to-date: /home/olympusolutions/senior_ws/install/minibot/share/minibot/launch/keyboard_combine.launch.py
[19.553s] -- Up-to-date: /home/olympusolutions/senior_ws/install/minibot/share/minibot/launch/sim_control_station.launch.py
[19.553s] -- Installing: /home/olympusolutions/senior_ws/install/minibot/share/minibot/launch/keyboard.launch.py
[19.554s] -- Up-to-date: /home/olympusolutions/senior_ws/install/minibot/share/minibot/launch/robot.launch.py
[19.554s] -- Up-to-date: /home/olympusolutions/senior_ws/install/minibot/share/minibot/launch/camera.launch.py
[19.554s] -- Up-to-date: /home/olympusolutions/senior_ws/install/minibot/share/minibot/worlds
[19.554s] -- Installing: /home/olympusolutions/senior_ws/install/minibot/share/minibot/worlds/empty.sdf
[19.554s] -- Installing: /home/olympusolutions/senior_ws/install/minibot/share/minibot/worlds/playground.sdf
[19.554s] -- Up-to-date: /home/olympusolutions/senior_ws/install/minibot/share/minibot/demo_publisher_node
[19.555s] -- Up-to-date: /home/olympusolutions/senior_ws/install/minibot/share/minibot/demo_publisher_node/gripper_teleop_node.py
[19.555s] -- Up-to-date: /home/olympusolutions/senior_ws/install/minibot/share/minibot/demo_publisher_node/platform_teleop_node.py
[19.555s] -- Up-to-date: /home/olympusolutions/senior_ws/install/minibot/share/minibot/demo_publisher_node/extender_teleop_node.py
[19.555s] -- Up-to-date: /home/olympusolutions/senior_ws/install/minibot/share/minibot/demo_publisher_node/emergent_shutdown_node.py
[19.556s] -- Up-to-date: /home/olympusolutions/senior_ws/install/minibot/share/minibot/demo_publisher_node/imu_publisher_node.py
[19.556s] -- Installing: /home/olympusolutions/senior_ws/install/minibot/share/minibot/demo_publisher_node/velocity_publisher.cpp
[19.556s] -- Up-to-date: /home/olympusolutions/senior_ws/install/minibot/share/minibot/demo_publisher_node/linear_data_collector_node.py
[19.556s] -- Up-to-date: /home/olympusolutions/senior_ws/install/minibot/share/minibot/maps
[19.556s] -- Installing: /home/olympusolutions/senior_ws/install/minibot/share/minibot/maps/sample_map.pgm
[19.556s] -- Installing: /home/olympusolutions/senior_ws/install/minibot/share/minibot/maps/map_01.pgm
[19.557s] -- Installing: /home/olympusolutions/senior_ws/install/minibot/share/minibot/maps/sample_map_serial.data
[19.568s] -- Installing: /home/olympusolutions/senior_ws/install/minibot/share/minibot/maps/map_01_serial.posegraph
[19.754s] -- Installing: /home/olympusolutions/senior_ws/install/minibot/share/minibot/maps/sample_map.yaml
[19.754s] -- Installing: /home/olympusolutions/senior_ws/install/minibot/share/minibot/maps/sample_map_serial.posegraph
[19.877s] -- Installing: /home/olympusolutions/senior_ws/install/minibot/share/minibot/maps/map_01_serial.data
[19.901s] -- Installing: /home/olympusolutions/senior_ws/install/minibot/share/minibot/maps/map_01.yaml
[19.902s] -- Up-to-date: /home/olympusolutions/senior_ws/install/minibot/share/minibot/visual_demos
[19.902s] -- Installing: /home/olympusolutions/senior_ws/install/minibot/share/minibot/visual_demos/robot_hardware.jpg
[19.906s] -- Installing: /home/olympusolutions/senior_ws/install/minibot/share/minibot/visual_demos/robot_visual.jpg
[19.908s] -- Installing: /home/olympusolutions/senior_ws/install/minibot/share/minibot/visual_demos/SLAM_demostration-ezgif.com-video-to-gif-converter.gif
[20.022s] -- Installing: /home/olympusolutions/senior_ws/install/minibot/share/minibot/visual_demos/Nav2_demostration-ezgif.com-video-to-gif-converter.gif
[20.057s] -- Up-to-date: /home/olympusolutions/senior_ws/install/minibot/share/minibot/launch
[20.058s] -- Up-to-date: /home/olympusolutions/senior_ws/install/minibot/share/minibot/launch/navigation_launch.py
[20.058s] -- Up-to-date: /home/olympusolutions/senior_ws/install/minibot/share/minibot/launch/joystick_teleop.launch.py
[20.058s] -- Up-to-date: /home/olympusolutions/senior_ws/install/minibot/share/minibot/launch/sim.launch.py
[20.058s] -- Up-to-date: /home/olympusolutions/senior_ws/install/minibot/share/minibot/launch/robot_remote_station.launch.py
[20.058s] -- Up-to-date: /home/olympusolutions/senior_ws/install/minibot/share/minibot/launch/keyboard_combine.launch.py
[20.058s] -- Up-to-date: /home/olympusolutions/senior_ws/install/minibot/share/minibot/launch/sim_control_station.launch.py
[20.058s] -- Up-to-date: /home/olympusolutions/senior_ws/install/minibot/share/minibot/launch/keyboard.launch.py
[20.059s] -- Up-to-date: /home/olympusolutions/senior_ws/install/minibot/share/minibot/launch/robot.launch.py
[20.059s] -- Up-to-date: /home/olympusolutions/senior_ws/install/minibot/share/minibot/launch/camera.launch.py
[20.059s] -- Up-to-date: /home/olympusolutions/senior_ws/install/minibot/share/minibot/config
[20.059s] -- Up-to-date: /home/olympusolutions/senior_ws/install/minibot/share/minibot/config/minibot_display.rviz
[20.059s] -- Up-to-date: /home/olympusolutions/senior_ws/install/minibot/share/minibot/config/empty.yaml
[20.059s] -- Up-to-date: /home/olympusolutions/senior_ws/install/minibot/share/minibot/config/minibot_config.rviz
[20.059s] -- Up-to-date: /home/olympusolutions/senior_ws/install/minibot/share/minibot/config/controller_gz_sim.yaml
[20.059s] -- Up-to-date: /home/olympusolutions/senior_ws/install/minibot/share/minibot/config/gz_params.yaml
[20.059s] -- Up-to-date: /home/olympusolutions/senior_ws/install/minibot/share/minibot/config/twist_mux.yaml
[20.060s] -- Up-to-date: /home/olympusolutions/senior_ws/install/minibot/share/minibot/config/mapper_params_online_async.yaml
[20.060s] -- Up-to-date: /home/olympusolutions/senior_ws/install/minibot/share/minibot/config/controller.yaml
[20.060s] -- Up-to-date: /home/olympusolutions/senior_ws/install/minibot/share/minibot/config/sim_config.rviz
[20.060s] -- Up-to-date: /home/olympusolutions/senior_ws/install/minibot/share/minibot/config/nav2_params.yaml
[20.060s] -- Up-to-date: /home/olympusolutions/senior_ws/install/minibot/share/minibot/config/joystick_params.yaml
[20.060s] -- Up-to-date: /home/olympusolutions/senior_ws/install/minibot/share/minibot/config/mapper_params_localization.yaml
[20.060s] -- Up-to-date: /home/olympusolutions/senior_ws/install/minibot/lib/minibot/extender_teleop_node.py
[20.061s] -- Up-to-date: /home/olympusolutions/senior_ws/install/minibot/lib/minibot/gripper_teleop_node.py
[20.061s] -- Up-to-date: /home/olympusolutions/senior_ws/install/minibot/lib/minibot/platform_teleop_node.py
[20.061s] -- Up-to-date: /home/olympusolutions/senior_ws/install/minibot/lib/minibot/linear_data_collector_node.py
[20.061s] -- Up-to-date: /home/olympusolutions/senior_ws/install/minibot/lib/minibot/imu_publisher_node.py
[20.062s] -- Up-to-date: /home/olympusolutions/senior_ws/install/minibot/lib/minibot/emergent_shutdown_node.py
[20.062s] -- Up-to-date: /home/olympusolutions/senior_ws/install/minibot/share/ament_index/resource_index/package_run_dependencies/minibot
[20.062s] -- Up-to-date: /home/olympusolutions/senior_ws/install/minibot/share/ament_index/resource_index/parent_prefix_path/minibot
[20.062s] -- Installing: /home/olympusolutions/senior_ws/install/minibot/share/minibot/environment/ament_prefix_path.sh
[20.062s] -- Up-to-date: /home/olympusolutions/senior_ws/install/minibot/share/minibot/environment/ament_prefix_path.dsv
[20.062s] -- Installing: /home/olympusolutions/senior_ws/install/minibot/share/minibot/environment/path.sh
[20.062s] -- Up-to-date: /home/olympusolutions/senior_ws/install/minibot/share/minibot/environment/path.dsv
[20.063s] -- Up-to-date: /home/olympusolutions/senior_ws/install/minibot/share/minibot/local_setup.bash
[20.063s] -- Up-to-date: /home/olympusolutions/senior_ws/install/minibot/share/minibot/local_setup.sh
[20.063s] -- Up-to-date: /home/olympusolutions/senior_ws/install/minibot/share/minibot/local_setup.zsh
[20.063s] -- Up-to-date: /home/olympusolutions/senior_ws/install/minibot/share/minibot/local_setup.dsv
[20.063s] -- Up-to-date: /home/olympusolutions/senior_ws/install/minibot/share/minibot/package.dsv
[20.063s] -- Up-to-date: /home/olympusolutions/senior_ws/install/minibot/share/ament_index/resource_index/packages/minibot
[20.063s] -- Up-to-date: /home/olympusolutions/senior_ws/install/minibot/share/minibot/cmake/minibotConfig.cmake
[20.063s] -- Up-to-date: /home/olympusolutions/senior_ws/install/minibot/share/minibot/cmake/minibotConfig-version.cmake
[20.063s] -- Up-to-date: /home/olympusolutions/senior_ws/install/minibot/share/minibot/package.xml
[20.066s] Invoked command in '/home/olympusolutions/senior_ws/build/minibot' returned '0': CMAKE_PREFIX_PATH=${CMAKE_PREFIX_PATH}:/opt/ros/jazzy DEBUGINFOD_URLS=https://debuginfod.ubuntu.com /usr/bin/cmake --install /home/olympusolutions/senior_ws/build/minibot
