[4.160s] Invoking command in '/home/olympusolutions/senior_ws/build/serial_motor_demo': AMENT_PREFIX_PATH=/home/olympusolutions/senior_ws/install/serial_motor_demo_msgs:${AMENT_PREFIX_PATH} CMAKE_PREFIX_PATH=/home/olympusolutions/senior_ws/install/serial_motor_demo_msgs:${CMAKE_PREFIX_PATH} DEBUGINFOD_URLS=https://debuginfod.ubuntu.com LD_LIBRARY_PATH=/home/olympusolutions/senior_ws/install/serial_motor_demo_msgs/lib:${LD_LIBRARY_PATH} PYTHONPATH=/home/olympusolutions/senior_ws/build/serial_motor_demo/prefix_override:/usr/lib/python3/dist-packages/colcon_core/task/python/colcon_distutils_commands:/home/olympusolutions/senior_ws/install/serial_motor_demo/lib/python3.12/site-packages:/home/olympusolutions/senior_ws/install/serial_motor_demo_msgs/lib/python3.12/site-packages:${PYTHONPATH} /usr/bin/python3 -W ignore:setup.py install is deprecated -W ignore:easy_install command is deprecated setup.py develop --uninstall --editable --build-directory /home/olympusolutions/senior_ws/build/serial_motor_demo/build
[4.809s] /usr/lib/python3/dist-packages/setuptools/dist.py:744: SetuptoolsDeprecationWarning: Invalid dash-separated options
[4.809s] !!
[4.810s] 
[4.810s]         ********************************************************************************
[4.810s]         Usage of dash-separated 'script-dir' will not be supported in future
[4.810s]         versions. Please use the underscore name 'script_dir' instead.
[4.810s] 
[4.810s]         This deprecation is overdue, please update your project and remove deprecated
[4.810s]         calls to avoid build errors in the future.
[4.814s] 
[4.814s]         See https://setuptools.pypa.io/en/latest/userguide/declarative_config.html for details.
[4.814s]         ********************************************************************************
[4.819s] 
[4.823s] !!
[4.823s]   opt = self.warn_dash_deprecation(opt, section)
[5.417s] running develop
[6.188s] Removing /home/olympusolutions/senior_ws/install/serial_motor_demo/lib/python3.12/site-packages/serial-motor-demo.egg-link (link to .)
[6.338s] Invoked command in '/home/olympusolutions/senior_ws/build/serial_motor_demo' returned '0': AMENT_PREFIX_PATH=/home/olympusolutions/senior_ws/install/serial_motor_demo_msgs:${AMENT_PREFIX_PATH} CMAKE_PREFIX_PATH=/home/olympusolutions/senior_ws/install/serial_motor_demo_msgs:${CMAKE_PREFIX_PATH} DEBUGINFOD_URLS=https://debuginfod.ubuntu.com LD_LIBRARY_PATH=/home/olympusolutions/senior_ws/install/serial_motor_demo_msgs/lib:${LD_LIBRARY_PATH} PYTHONPATH=/home/olympusolutions/senior_ws/build/serial_motor_demo/prefix_override:/usr/lib/python3/dist-packages/colcon_core/task/python/colcon_distutils_commands:/home/olympusolutions/senior_ws/install/serial_motor_demo/lib/python3.12/site-packages:/home/olympusolutions/senior_ws/install/serial_motor_demo_msgs/lib/python3.12/site-packages:${PYTHONPATH} /usr/bin/python3 -W ignore:setup.py install is deprecated -W ignore:easy_install command is deprecated setup.py develop --uninstall --editable --build-directory /home/olympusolutions/senior_ws/build/serial_motor_demo/build
[6.341s] Invoking command in '/home/olympusolutions/senior_ws/src/serial_motor_demo/serial_motor_demo': AMENT_PREFIX_PATH=/home/olympusolutions/senior_ws/install/serial_motor_demo_msgs:${AMENT_PREFIX_PATH} CMAKE_PREFIX_PATH=/home/olympusolutions/senior_ws/install/serial_motor_demo_msgs:${CMAKE_PREFIX_PATH} DEBUGINFOD_URLS=https://debuginfod.ubuntu.com LD_LIBRARY_PATH=/home/olympusolutions/senior_ws/install/serial_motor_demo_msgs/lib:${LD_LIBRARY_PATH} PYTHONPATH=/home/olympusolutions/senior_ws/build/serial_motor_demo/prefix_override:/usr/lib/python3/dist-packages/colcon_core/task/python/colcon_distutils_commands:/home/olympusolutions/senior_ws/install/serial_motor_demo/lib/python3.12/site-packages:/home/olympusolutions/senior_ws/install/serial_motor_demo_msgs/lib/python3.12/site-packages:${PYTHONPATH} /usr/bin/python3 -W ignore:setup.py install is deprecated -W ignore:easy_install command is deprecated setup.py egg_info --egg-base ../../../build/serial_motor_demo build --build-base /home/olympusolutions/senior_ws/build/serial_motor_demo/build install --record /home/olympusolutions/senior_ws/build/serial_motor_demo/install.log --install-scripts $base/lib/serial_motor_demo --single-version-externally-managed install_data --force
[6.631s] /usr/lib/python3/dist-packages/setuptools/dist.py:744: SetuptoolsDeprecationWarning: Invalid dash-separated options
[6.631s] !!
[6.631s] 
[6.631s]         ********************************************************************************
[6.632s]         Usage of dash-separated 'script-dir' will not be supported in future
[6.632s]         versions. Please use the underscore name 'script_dir' instead.
[6.632s] 
[6.632s]         This deprecation is overdue, please update your project and remove deprecated
[6.632s]         calls to avoid build errors in the future.
[6.632s] 
[6.632s]         See https://setuptools.pypa.io/en/latest/userguide/declarative_config.html for details.
[6.632s]         ********************************************************************************
[6.632s] 
[6.632s] !!
[6.633s]   opt = self.warn_dash_deprecation(opt, section)
[6.930s] running egg_info
[6.974s] writing ../../../build/serial_motor_demo/serial_motor_demo.egg-info/PKG-INFO
[6.976s] writing dependency_links to ../../../build/serial_motor_demo/serial_motor_demo.egg-info/dependency_links.txt
[6.983s] writing entry points to ../../../build/serial_motor_demo/serial_motor_demo.egg-info/entry_points.txt
[6.986s] writing requirements to ../../../build/serial_motor_demo/serial_motor_demo.egg-info/requires.txt
[6.987s] writing top-level names to ../../../build/serial_motor_demo/serial_motor_demo.egg-info/top_level.txt
[7.086s] reading manifest file '../../../build/serial_motor_demo/serial_motor_demo.egg-info/SOURCES.txt'
[7.090s] writing manifest file '../../../build/serial_motor_demo/serial_motor_demo.egg-info/SOURCES.txt'
[7.090s] running build
[7.091s] running build_py
[7.091s] running install
[7.107s] running install_lib
[7.176s] creating /home/olympusolutions/senior_ws/install/serial_motor_demo/lib/python3.12/site-packages/serial_motor_demo
[7.177s] copying /home/olympusolutions/senior_ws/build/serial_motor_demo/build/lib/serial_motor_demo/__init__.py -> /home/olympusolutions/senior_ws/install/serial_motor_demo/lib/python3.12/site-packages/serial_motor_demo
[7.177s] copying /home/olympusolutions/senior_ws/build/serial_motor_demo/build/lib/serial_motor_demo/driver.py -> /home/olympusolutions/senior_ws/install/serial_motor_demo/lib/python3.12/site-packages/serial_motor_demo
[7.180s] copying /home/olympusolutions/senior_ws/build/serial_motor_demo/build/lib/serial_motor_demo/gui.py -> /home/olympusolutions/senior_ws/install/serial_motor_demo/lib/python3.12/site-packages/serial_motor_demo
[7.181s] byte-compiling /home/olympusolutions/senior_ws/install/serial_motor_demo/lib/python3.12/site-packages/serial_motor_demo/__init__.py to __init__.cpython-312.pyc
[7.181s] byte-compiling /home/olympusolutions/senior_ws/install/serial_motor_demo/lib/python3.12/site-packages/serial_motor_demo/driver.py to driver.cpython-312.pyc
[7.188s] byte-compiling /home/olympusolutions/senior_ws/install/serial_motor_demo/lib/python3.12/site-packages/serial_motor_demo/gui.py to gui.cpython-312.pyc
[7.191s] running install_data
[7.197s] copying resource/serial_motor_demo -> /home/olympusolutions/senior_ws/install/serial_motor_demo/share/ament_index/resource_index/packages
[7.197s] copying package.xml -> /home/olympusolutions/senior_ws/install/serial_motor_demo/share/serial_motor_demo
[7.197s] running install_egg_info
[7.266s] Copying ../../../build/serial_motor_demo/serial_motor_demo.egg-info to /home/olympusolutions/senior_ws/install/serial_motor_demo/lib/python3.12/site-packages/serial_motor_demo-0.0.0-py3.12.egg-info
[7.267s] running install_scripts
[7.614s] Installing driver script to /home/olympusolutions/senior_ws/install/serial_motor_demo/lib/serial_motor_demo
[7.616s] Installing gui script to /home/olympusolutions/senior_ws/install/serial_motor_demo/lib/serial_motor_demo
[7.619s] writing list of installed files to '/home/olympusolutions/senior_ws/build/serial_motor_demo/install.log'
[7.809s] Invoked command in '/home/olympusolutions/senior_ws/src/serial_motor_demo/serial_motor_demo' returned '0': AMENT_PREFIX_PATH=/home/olympusolutions/senior_ws/install/serial_motor_demo_msgs:${AMENT_PREFIX_PATH} CMAKE_PREFIX_PATH=/home/olympusolutions/senior_ws/install/serial_motor_demo_msgs:${CMAKE_PREFIX_PATH} DEBUGINFOD_URLS=https://debuginfod.ubuntu.com LD_LIBRARY_PATH=/home/olympusolutions/senior_ws/install/serial_motor_demo_msgs/lib:${LD_LIBRARY_PATH} PYTHONPATH=/home/olympusolutions/senior_ws/build/serial_motor_demo/prefix_override:/usr/lib/python3/dist-packages/colcon_core/task/python/colcon_distutils_commands:/home/olympusolutions/senior_ws/install/serial_motor_demo/lib/python3.12/site-packages:/home/olympusolutions/senior_ws/install/serial_motor_demo_msgs/lib/python3.12/site-packages:${PYTHONPATH} /usr/bin/python3 -W ignore:setup.py install is deprecated -W ignore:easy_install command is deprecated setup.py egg_info --egg-base ../../../build/serial_motor_demo build --build-base /home/olympusolutions/senior_ws/build/serial_motor_demo/build install --record /home/olympusolutions/senior_ws/build/serial_motor_demo/install.log --install-scripts $base/lib/serial_motor_demo --single-version-externally-managed install_data --force
