[7.243s] Invoking command in '/home/olympusolutions/senior_ws/src/riley_ws/src/listener_package': DEBUGINFOD_URLS=https://debuginfod.ubuntu.com PYTHONPATH=/home/olympusolutions/senior_ws/build/listener_package/prefix_override:/usr/lib/python3/dist-packages/colcon_core/task/python/colcon_distutils_commands:/home/olympusolutions/senior_ws/install/listener_package/lib/python3.12/site-packages:${PYTHONPATH} /usr/bin/python3 -W ignore:setup.py install is deprecated -W ignore:easy_install command is deprecated setup.py egg_info --egg-base ../../../../build/listener_package build --build-base /home/olympusolutions/senior_ws/build/listener_package/build install --record /home/olympusolutions/senior_ws/build/listener_package/install.log --single-version-externally-managed install_data
[10.097s] running egg_info
[10.318s] writing ../../../../build/listener_package/listener_package.egg-info/PKG-INFO
[10.319s] writing dependency_links to ../../../../build/listener_package/listener_package.egg-info/dependency_links.txt
[10.319s] writing entry points to ../../../../build/listener_package/listener_package.egg-info/entry_points.txt
[10.319s] writing requirements to ../../../../build/listener_package/listener_package.egg-info/requires.txt
[10.319s] writing top-level names to ../../../../build/listener_package/listener_package.egg-info/top_level.txt
[10.602s] reading manifest file '../../../../build/listener_package/listener_package.egg-info/SOURCES.txt'
[10.606s] adding license file 'LICENSE'
[10.615s] writing manifest file '../../../../build/listener_package/listener_package.egg-info/SOURCES.txt'
[10.624s] running build
[10.628s] running build_py
[10.632s] copying listener_package/phone_listener.py -> /home/olympusolutions/senior_ws/build/listener_package/build/lib/listener_package
[10.635s] copying listener_package/map_publisher.py -> /home/olympusolutions/senior_ws/build/listener_package/build/lib/listener_package
[10.641s] running install
[10.672s] running install_lib
[10.911s] copying /home/olympusolutions/senior_ws/build/listener_package/build/lib/listener_package/phone_listener.py -> /home/olympusolutions/senior_ws/install/listener_package/lib/python3.12/site-packages/listener_package
[10.917s] copying /home/olympusolutions/senior_ws/build/listener_package/build/lib/listener_package/map_publisher.py -> /home/olympusolutions/senior_ws/install/listener_package/lib/python3.12/site-packages/listener_package
[10.917s] byte-compiling /home/olympusolutions/senior_ws/install/listener_package/lib/python3.12/site-packages/listener_package/phone_listener.py to phone_listener.cpython-312.pyc
[10.918s] byte-compiling /home/olympusolutions/senior_ws/install/listener_package/lib/python3.12/site-packages/listener_package/map_publisher.py to map_publisher.cpython-312.pyc
[10.926s] running install_data
[10.930s] running install_egg_info
[11.042s] removing '/home/olympusolutions/senior_ws/install/listener_package/lib/python3.12/site-packages/listener_package-0.0.0-py3.12.egg-info' (and everything under it)
[11.048s] Copying ../../../../build/listener_package/listener_package.egg-info to /home/olympusolutions/senior_ws/install/listener_package/lib/python3.12/site-packages/listener_package-0.0.0-py3.12.egg-info
[11.049s] running install_scripts
[12.348s] Installing listener script to /home/olympusolutions/senior_ws/install/listener_package/lib/listener_package
[12.350s] Installing map_publisher script to /home/olympusolutions/senior_ws/install/listener_package/lib/listener_package
[12.351s] Installing phone_listener script to /home/olympusolutions/senior_ws/install/listener_package/lib/listener_package
[12.355s] Installing talker script to /home/olympusolutions/senior_ws/install/listener_package/lib/listener_package
[12.359s] Installing tcp_map_node script to /home/olympusolutions/senior_ws/install/listener_package/lib/listener_package
[12.365s] writing list of installed files to '/home/olympusolutions/senior_ws/build/listener_package/install.log'
[12.661s] Invoked command in '/home/olympusolutions/senior_ws/src/riley_ws/src/listener_package' returned '0': DEBUGINFOD_URLS=https://debuginfod.ubuntu.com PYTHONPATH=/home/olympusolutions/senior_ws/build/listener_package/prefix_override:/usr/lib/python3/dist-packages/colcon_core/task/python/colcon_distutils_commands:/home/olympusolutions/senior_ws/install/listener_package/lib/python3.12/site-packages:${PYTHONPATH} /usr/bin/python3 -W ignore:setup.py install is deprecated -W ignore:easy_install command is deprecated setup.py egg_info --egg-base ../../../../build/listener_package build --build-base /home/olympusolutions/senior_ws/build/listener_package/build install --record /home/olympusolutions/senior_ws/build/listener_package/install.log --single-version-externally-managed install_data
