[5.687s] Invoking command in '/home/olympusolutions/senior_ws/build/my_package': DEBUGINFOD_URLS=https://debuginfod.ubuntu.com PYTHONPATH=/home/olympusolutions/senior_ws/build/my_package/prefix_override:/usr/lib/python3/dist-packages/colcon_core/task/python/colcon_distutils_commands:/home/olympusolutions/senior_ws/install/my_package/lib/python3.12/site-packages:${PYTHONPATH} /usr/bin/python3 -W ignore:setup.py install is deprecated -W ignore:easy_install command is deprecated setup.py develop --uninstall --editable --build-directory /home/olympusolutions/senior_ws/build/my_package/build
[7.788s] running develop
[8.809s] Removing /home/olympusolutions/senior_ws/install/my_package/lib/python3.12/site-packages/my-package.egg-link (link to .)
[9.088s] Invoked command in '/home/olympusolutions/senior_ws/build/my_package' returned '0': DEBUGINFOD_URLS=https://debuginfod.ubuntu.com PYTHONPATH=/home/olympusolutions/senior_ws/build/my_package/prefix_override:/usr/lib/python3/dist-packages/colcon_core/task/python/colcon_distutils_commands:/home/olympusolutions/senior_ws/install/my_package/lib/python3.12/site-packages:${PYTHONPATH} /usr/bin/python3 -W ignore:setup.py install is deprecated -W ignore:easy_install command is deprecated setup.py develop --uninstall --editable --build-directory /home/olympusolutions/senior_ws/build/my_package/build
[9.089s] Invoking command in '/home/olympusolutions/senior_ws/src/riley_ws/src/my_package': DEBUGINFOD_URLS=https://debuginfod.ubuntu.com PYTHONPATH=/home/olympusolutions/senior_ws/build/my_package/prefix_override:/usr/lib/python3/dist-packages/colcon_core/task/python/colcon_distutils_commands:/home/olympusolutions/senior_ws/install/my_package/lib/python3.12/site-packages:${PYTHONPATH} /usr/bin/python3 -W ignore:setup.py install is deprecated -W ignore:easy_install command is deprecated setup.py egg_info --egg-base ../../../../build/my_package build --build-base /home/olympusolutions/senior_ws/build/my_package/build install --record /home/olympusolutions/senior_ws/build/my_package/install.log --single-version-externally-managed install_data --force
[10.188s] running egg_info
[10.285s] writing ../../../../build/my_package/my_package.egg-info/PKG-INFO
[10.286s] writing dependency_links to ../../../../build/my_package/my_package.egg-info/dependency_links.txt
[10.293s] writing entry points to ../../../../build/my_package/my_package.egg-info/entry_points.txt
[10.294s] writing requirements to ../../../../build/my_package/my_package.egg-info/requires.txt
[10.294s] writing top-level names to ../../../../build/my_package/my_package.egg-info/top_level.txt
[10.460s] reading manifest file '../../../../build/my_package/my_package.egg-info/SOURCES.txt'
[10.460s] adding license file 'LICENSE'
[10.460s] writing manifest file '../../../../build/my_package/my_package.egg-info/SOURCES.txt'
[10.461s] running build
[10.461s] running build_py
[10.461s] running install
[10.474s] running install_lib
[10.561s] creating /home/olympusolutions/senior_ws/install/my_package/lib/python3.12/site-packages/my_package
[10.561s] copying /home/olympusolutions/senior_ws/build/my_package/build/lib/my_package/__init__.py -> /home/olympusolutions/senior_ws/install/my_package/lib/python3.12/site-packages/my_package
[10.567s] copying /home/olympusolutions/senior_ws/build/my_package/build/lib/my_package/my_node.py -> /home/olympusolutions/senior_ws/install/my_package/lib/python3.12/site-packages/my_package
[10.572s] byte-compiling /home/olympusolutions/senior_ws/install/my_package/lib/python3.12/site-packages/my_package/__init__.py to __init__.cpython-312.pyc
[10.573s] byte-compiling /home/olympusolutions/senior_ws/install/my_package/lib/python3.12/site-packages/my_package/my_node.py to my_node.cpython-312.pyc
[10.573s] running install_data
[10.573s] copying resource/my_package -> /home/olympusolutions/senior_ws/install/my_package/share/ament_index/resource_index/packages
[10.573s] copying package.xml -> /home/olympusolutions/senior_ws/install/my_package/share/my_package
[10.573s] running install_egg_info
[10.656s] Copying ../../../../build/my_package/my_package.egg-info to /home/olympusolutions/senior_ws/install/my_package/lib/python3.12/site-packages/my_package-0.0.0-py3.12.egg-info
[10.664s] running install_scripts
[11.182s] Installing my_node script to /home/olympusolutions/senior_ws/install/my_package/lib/my_package
[11.183s] writing list of installed files to '/home/olympusolutions/senior_ws/build/my_package/install.log'
[11.437s] Invoked command in '/home/olympusolutions/senior_ws/src/riley_ws/src/my_package' returned '0': DEBUGINFOD_URLS=https://debuginfod.ubuntu.com PYTHONPATH=/home/olympusolutions/senior_ws/build/my_package/prefix_override:/usr/lib/python3/dist-packages/colcon_core/task/python/colcon_distutils_commands:/home/olympusolutions/senior_ws/install/my_package/lib/python3.12/site-packages:${PYTHONPATH} /usr/bin/python3 -W ignore:setup.py install is deprecated -W ignore:easy_install command is deprecated setup.py egg_info --egg-base ../../../../build/my_package build --build-base /home/olympusolutions/senior_ws/build/my_package/build install --record /home/olympusolutions/senior_ws/build/my_package/install.log --single-version-externally-managed install_data --force
