[3.733s] Invoking command in '/home/olympusolutions/senior_ws/src/riley_ws/src/listener_package': DEBUGINFOD_URLS=https://debuginfod.ubuntu.com PYTHONPATH=/home/olympusolutions/senior_ws/build/listener_package/prefix_override:/usr/lib/python3/dist-packages/colcon_core/task/python/colcon_distutils_commands:/home/olympusolutions/senior_ws/install/listener_package/lib/python3.12/site-packages:${PYTHONPATH} /usr/bin/python3 -W ignore:setup.py install is deprecated -W ignore:easy_install command is deprecated setup.py egg_info --egg-base ../../../../build/listener_package build --build-base /home/olympusolutions/senior_ws/build/listener_package/build install --record /home/olympusolutions/senior_ws/build/listener_package/install.log --single-version-externally-managed install_data
[5.390s] running egg_info
[5.516s] writing ../../../../build/listener_package/listener_package.egg-info/PKG-INFO
[5.516s] writing dependency_links to ../../../../build/listener_package/listener_package.egg-info/dependency_links.txt
[5.517s] writing entry points to ../../../../build/listener_package/listener_package.egg-info/entry_points.txt
[5.520s] writing requirements to ../../../../build/listener_package/listener_package.egg-info/requires.txt
[5.521s] writing top-level names to ../../../../build/listener_package/listener_package.egg-info/top_level.txt
[5.754s] reading manifest file '../../../../build/listener_package/listener_package.egg-info/SOURCES.txt'
[5.759s] adding license file 'LICENSE'
[5.759s] writing manifest file '../../../../build/listener_package/listener_package.egg-info/SOURCES.txt'
[5.759s] running build
[5.760s] running build_py
[5.760s] copying listener_package/tcp_map_node.py -> /home/olympusolutions/senior_ws/build/listener_package/build/lib/listener_package
[5.761s] running install
[5.773s] running install_lib
[5.873s] copying /home/olympusolutions/senior_ws/build/listener_package/build/lib/listener_package/tcp_map_node.py -> /home/olympusolutions/senior_ws/install/listener_package/lib/python3.12/site-packages/listener_package
[5.883s] byte-compiling /home/olympusolutions/senior_ws/install/listener_package/lib/python3.12/site-packages/listener_package/tcp_map_node.py to tcp_map_node.cpython-312.pyc
[5.889s] running install_data
[5.889s] running install_egg_info
[6.002s] removing '/home/olympusolutions/senior_ws/install/listener_package/lib/python3.12/site-packages/listener_package-0.0.0-py3.12.egg-info' (and everything under it)
[6.007s] Copying ../../../../build/listener_package/listener_package.egg-info to /home/olympusolutions/senior_ws/install/listener_package/lib/python3.12/site-packages/listener_package-0.0.0-py3.12.egg-info
[6.007s] running install_scripts
[7.210s] Installing listener script to /home/olympusolutions/senior_ws/install/listener_package/lib/listener_package
[7.211s] Installing phone_listener script to /home/olympusolutions/senior_ws/install/listener_package/lib/listener_package
[7.213s] Installing talker script to /home/olympusolutions/senior_ws/install/listener_package/lib/listener_package
[7.215s] Installing tcp_map_node script to /home/olympusolutions/senior_ws/install/listener_package/lib/listener_package
[7.216s] writing list of installed files to '/home/olympusolutions/senior_ws/build/listener_package/install.log'
[8.204s] Invoked command in '/home/olympusolutions/senior_ws/src/riley_ws/src/listener_package' returned '0': DEBUGINFOD_URLS=https://debuginfod.ubuntu.com PYTHONPATH=/home/olympusolutions/senior_ws/build/listener_package/prefix_override:/usr/lib/python3/dist-packages/colcon_core/task/python/colcon_distutils_commands:/home/olympusolutions/senior_ws/install/listener_package/lib/python3.12/site-packages:${PYTHONPATH} /usr/bin/python3 -W ignore:setup.py install is deprecated -W ignore:easy_install command is deprecated setup.py egg_info --egg-base ../../../../build/listener_package build --build-base /home/olympusolutions/senior_ws/build/listener_package/build install --record /home/olympusolutions/senior_ws/build/listener_package/install.log --single-version-externally-managed install_data
