[4.400s] Invoking command in '/home/olympusolutions/senior_ws/build/listener_package': DEBUGINFOD_URLS=https://debuginfod.ubuntu.com PYTHONPATH=/home/olympusolutions/senior_ws/build/listener_package/prefix_override:/usr/lib/python3/dist-packages/colcon_core/task/python/colcon_distutils_commands:/home/olympusolutions/senior_ws/install/listener_package/lib/python3.12/site-packages:${PYTHONPATH} /usr/bin/python3 -W ignore:setup.py install is deprecated -W ignore:easy_install command is deprecated setup.py develop --editable --build-directory /home/olympusolutions/senior_ws/build/listener_package/build --no-deps symlink_data
[5.592s] running develop
[6.693s] running egg_info
[6.693s] creating listener_package.egg-info
[6.786s] writing listener_package.egg-info/PKG-INFO
[6.789s] writing dependency_links to listener_package.egg-info/dependency_links.txt
[6.791s] writing entry points to listener_package.egg-info/entry_points.txt
[6.795s] writing requirements to listener_package.egg-info/requires.txt
[6.795s] writing top-level names to listener_package.egg-info/top_level.txt
[6.799s] writing manifest file 'listener_package.egg-info/SOURCES.txt'
[6.940s] reading manifest file 'listener_package.egg-info/SOURCES.txt'
[6.942s] writing manifest file 'listener_package.egg-info/SOURCES.txt'
[7.040s] running build_ext
[7.040s] Creating /home/olympusolutions/senior_ws/install/listener_package/lib/python3.12/site-packages/listener-package.egg-link (link to .)
[7.042s] Installing listener script to /home/olympusolutions/senior_ws/install/listener_package/lib/listener_package
[7.043s] Installing map_publisher script to /home/olympusolutions/senior_ws/install/listener_package/lib/listener_package
[7.044s] Installing phone_listener script to /home/olympusolutions/senior_ws/install/listener_package/lib/listener_package
[7.045s] Installing talker script to /home/olympusolutions/senior_ws/install/listener_package/lib/listener_package
[7.046s] Installing tcp_map_node script to /home/olympusolutions/senior_ws/install/listener_package/lib/listener_package
[7.047s] 
[7.047s] Installed /home/olympusolutions/senior_ws/build/listener_package
[7.047s] running symlink_data
[7.048s] creating /home/olympusolutions/senior_ws/install/listener_package/share/ament_index
[7.048s] creating /home/olympusolutions/senior_ws/install/listener_package/share/ament_index/resource_index
[7.048s] creating /home/olympusolutions/senior_ws/install/listener_package/share/ament_index/resource_index/packages
[7.048s] symbolically linking /home/olympusolutions/senior_ws/build/listener_package/resource/listener_package -> /home/olympusolutions/senior_ws/install/listener_package/share/ament_index/resource_index/packages
[7.048s] symbolically linking /home/olympusolutions/senior_ws/build/listener_package/package.xml -> /home/olympusolutions/senior_ws/install/listener_package/share/listener_package
[7.296s] Invoked command in '/home/olympusolutions/senior_ws/build/listener_package' returned '0': DEBUGINFOD_URLS=https://debuginfod.ubuntu.com PYTHONPATH=/home/olympusolutions/senior_ws/build/listener_package/prefix_override:/usr/lib/python3/dist-packages/colcon_core/task/python/colcon_distutils_commands:/home/olympusolutions/senior_ws/install/listener_package/lib/python3.12/site-packages:${PYTHONPATH} /usr/bin/python3 -W ignore:setup.py install is deprecated -W ignore:easy_install command is deprecated setup.py develop --editable --build-directory /home/olympusolutions/senior_ws/build/listener_package/build --no-deps symlink_data
