[5.452s] Invoking command in '/home/olympusolutions/senior_ws/src/twist_stamper': DEBUGINFOD_URLS=https://debuginfod.ubuntu.com PYTHONPATH=/home/olympusolutions/senior_ws/build/twist_stamper/prefix_override:/usr/lib/python3/dist-packages/colcon_core/task/python/colcon_distutils_commands:/home/olympusolutions/senior_ws/install/twist_stamper/lib/python3.12/site-packages:${PYTHONPATH} /usr/bin/python3 -W ignore:setup.py install is deprecated -W ignore:easy_install command is deprecated setup.py egg_info --egg-base ../../build/twist_stamper build --build-base /home/olympusolutions/senior_ws/build/twist_stamper/build install --record /home/olympusolutions/senior_ws/build/twist_stamper/install.log --single-version-externally-managed install_data
[7.447s] running egg_info
[7.449s] creating ../../build/twist_stamper/twist_stamper.egg-info
[7.536s] writing ../../build/twist_stamper/twist_stamper.egg-info/PKG-INFO
[7.539s] writing dependency_links to ../../build/twist_stamper/twist_stamper.egg-info/dependency_links.txt
[7.544s] writing entry points to ../../build/twist_stamper/twist_stamper.egg-info/entry_points.txt
[7.547s] writing requirements to ../../build/twist_stamper/twist_stamper.egg-info/requires.txt
[7.549s] writing top-level names to ../../build/twist_stamper/twist_stamper.egg-info/top_level.txt
[7.549s] writing manifest file '../../build/twist_stamper/twist_stamper.egg-info/SOURCES.txt'
[7.743s] reading manifest file '../../build/twist_stamper/twist_stamper.egg-info/SOURCES.txt'
[7.746s] adding license file 'LICENSE'
[7.748s] writing manifest file '../../build/twist_stamper/twist_stamper.egg-info/SOURCES.txt'
[7.750s] running build
[7.751s] running build_py
[7.751s] creating /home/olympusolutions/senior_ws/build/twist_stamper/build
[7.754s] creating /home/olympusolutions/senior_ws/build/twist_stamper/build/lib
[7.754s] creating /home/olympusolutions/senior_ws/build/twist_stamper/build/lib/twist_stamper
[7.755s] copying twist_stamper/__init__.py -> /home/olympusolutions/senior_ws/build/twist_stamper/build/lib/twist_stamper
[7.762s] copying twist_stamper/twist_stamper.py -> /home/olympusolutions/senior_ws/build/twist_stamper/build/lib/twist_stamper
[7.763s] copying twist_stamper/twist_unstamper.py -> /home/olympusolutions/senior_ws/build/twist_stamper/build/lib/twist_stamper
[7.765s] running install
[7.786s] running install_lib
[7.971s] creating /home/olympusolutions/senior_ws/install/twist_stamper/lib/python3.12/site-packages/twist_stamper
[7.972s] copying /home/olympusolutions/senior_ws/build/twist_stamper/build/lib/twist_stamper/__init__.py -> /home/olympusolutions/senior_ws/install/twist_stamper/lib/python3.12/site-packages/twist_stamper
[7.975s] copying /home/olympusolutions/senior_ws/build/twist_stamper/build/lib/twist_stamper/twist_stamper.py -> /home/olympusolutions/senior_ws/install/twist_stamper/lib/python3.12/site-packages/twist_stamper
[7.983s] copying /home/olympusolutions/senior_ws/build/twist_stamper/build/lib/twist_stamper/twist_unstamper.py -> /home/olympusolutions/senior_ws/install/twist_stamper/lib/python3.12/site-packages/twist_stamper
[7.985s] byte-compiling /home/olympusolutions/senior_ws/install/twist_stamper/lib/python3.12/site-packages/twist_stamper/__init__.py to __init__.cpython-312.pyc
[7.995s] byte-compiling /home/olympusolutions/senior_ws/install/twist_stamper/lib/python3.12/site-packages/twist_stamper/twist_stamper.py to twist_stamper.cpython-312.pyc
[8.001s] byte-compiling /home/olympusolutions/senior_ws/install/twist_stamper/lib/python3.12/site-packages/twist_stamper/twist_unstamper.py to twist_unstamper.cpython-312.pyc
[8.004s] running install_data
[8.006s] creating /home/olympusolutions/senior_ws/install/twist_stamper/share/ament_index
[8.006s] creating /home/olympusolutions/senior_ws/install/twist_stamper/share/ament_index/resource_index
[8.009s] creating /home/olympusolutions/senior_ws/install/twist_stamper/share/ament_index/resource_index/packages
[8.010s] copying resource/twist_stamper -> /home/olympusolutions/senior_ws/install/twist_stamper/share/ament_index/resource_index/packages
[8.016s] copying package.xml -> /home/olympusolutions/senior_ws/install/twist_stamper/share/twist_stamper
[8.017s] running install_egg_info
[8.166s] Copying ../../build/twist_stamper/twist_stamper.egg-info to /home/olympusolutions/senior_ws/install/twist_stamper/lib/python3.12/site-packages/twist_stamper-0.0.5-py3.12.egg-info
[8.177s] running install_scripts
[9.616s] Installing twist_stamper script to /home/olympusolutions/senior_ws/install/twist_stamper/lib/twist_stamper
[9.620s] Installing twist_unstamper script to /home/olympusolutions/senior_ws/install/twist_stamper/lib/twist_stamper
[9.626s] writing list of installed files to '/home/olympusolutions/senior_ws/build/twist_stamper/install.log'
[9.955s] Invoked command in '/home/olympusolutions/senior_ws/src/twist_stamper' returned '0': DEBUGINFOD_URLS=https://debuginfod.ubuntu.com PYTHONPATH=/home/olympusolutions/senior_ws/build/twist_stamper/prefix_override:/usr/lib/python3/dist-packages/colcon_core/task/python/colcon_distutils_commands:/home/olympusolutions/senior_ws/install/twist_stamper/lib/python3.12/site-packages:${PYTHONPATH} /usr/bin/python3 -W ignore:setup.py install is deprecated -W ignore:easy_install command is deprecated setup.py egg_info --egg-base ../../build/twist_stamper build --build-base /home/olympusolutions/senior_ws/build/twist_stamper/build install --record /home/olympusolutions/senior_ws/build/twist_stamper/install.log --single-version-externally-managed install_data
