[13.907s] Invoking command in '/home/olympusolutions/senior_ws/src/riley_ws/src/my_package': DEBUGINFOD_URLS=https://debuginfod.ubuntu.com PYTHONPATH=/home/olympusolutions/senior_ws/build/my_package/prefix_override:/usr/lib/python3/dist-packages/colcon_core/task/python/colcon_distutils_commands:/home/olympusolutions/senior_ws/install/my_package/lib/python3.12/site-packages:${PYTHONPATH} /usr/bin/python3 -W ignore:setup.py install is deprecated -W ignore:easy_install command is deprecated setup.py egg_info --egg-base ../../../../build/my_package build --build-base /home/olympusolutions/senior_ws/build/my_package/build install --record /home/olympusolutions/senior_ws/build/my_package/install.log --single-version-externally-managed install_data
[18.176s] running egg_info
[18.314s] writing ../../../../build/my_package/my_package.egg-info/PKG-INFO
[18.319s] writing dependency_links to ../../../../build/my_package/my_package.egg-info/dependency_links.txt
[18.323s] writing entry points to ../../../../build/my_package/my_package.egg-info/entry_points.txt
[18.324s] writing requirements to ../../../../build/my_package/my_package.egg-info/requires.txt
[18.324s] writing top-level names to ../../../../build/my_package/my_package.egg-info/top_level.txt
[18.548s] reading manifest file '../../../../build/my_package/my_package.egg-info/SOURCES.txt'
[18.549s] adding license file 'LICENSE'
[18.564s] writing manifest file '../../../../build/my_package/my_package.egg-info/SOURCES.txt'
[18.565s] running build
[18.565s] running build_py
[18.570s] running install
[18.585s] running install_lib
[18.832s] running install_data
[18.838s] running install_egg_info
[19.279s] removing '/home/olympusolutions/senior_ws/install/my_package/lib/python3.12/site-packages/my_package-0.0.0-py3.12.egg-info' (and everything under it)
[19.290s] Copying ../../../../build/my_package/my_package.egg-info to /home/olympusolutions/senior_ws/install/my_package/lib/python3.12/site-packages/my_package-0.0.0-py3.12.egg-info
[19.312s] running install_scripts
[21.603s] Installing my_node script to /home/olympusolutions/senior_ws/install/my_package/lib/my_package
[21.613s] writing list of installed files to '/home/olympusolutions/senior_ws/build/my_package/install.log'
[22.101s] Invoked command in '/home/olympusolutions/senior_ws/src/riley_ws/src/my_package' returned '0': DEBUGINFOD_URLS=https://debuginfod.ubuntu.com PYTHONPATH=/home/olympusolutions/senior_ws/build/my_package/prefix_override:/usr/lib/python3/dist-packages/colcon_core/task/python/colcon_distutils_commands:/home/olympusolutions/senior_ws/install/my_package/lib/python3.12/site-packages:${PYTHONPATH} /usr/bin/python3 -W ignore:setup.py install is deprecated -W ignore:easy_install command is deprecated setup.py egg_info --egg-base ../../../../build/my_package build --build-base /home/olympusolutions/senior_ws/build/my_package/build install --record /home/olympusolutions/senior_ws/build/my_package/install.log --single-version-externally-managed install_data
