[1.957s] Invoking command in '/home/olympusolutions/senior_ws/src/riley_ws/src/listener_package': DEBUGINFOD_URLS=https://debuginfod.ubuntu.com PYTHONPATH=/home/olympusolutions/senior_ws/build/listener_package/prefix_override:/usr/lib/python3/dist-packages/colcon_core/task/python/colcon_distutils_commands:/home/olympusolutions/senior_ws/install/listener_package/lib/python3.12/site-packages:${PYTHONPATH} /usr/bin/python3 -W ignore:setup.py install is deprecated -W ignore:easy_install command is deprecated setup.py egg_info --egg-base ../../../../build/listener_package build --build-base /home/olympusolutions/senior_ws/build/listener_package/build install --record /home/olympusolutions/senior_ws/build/listener_package/install.log --single-version-externally-managed install_data
[2.549s] running egg_info
[2.591s] writing ../../../../build/listener_package/listener_package.egg-info/PKG-INFO
[2.593s] writing dependency_links to ../../../../build/listener_package/listener_package.egg-info/dependency_links.txt
[2.594s] writing entry points to ../../../../build/listener_package/listener_package.egg-info/entry_points.txt
[2.596s] writing requirements to ../../../../build/listener_package/listener_package.egg-info/requires.txt
[2.597s] writing top-level names to ../../../../build/listener_package/listener_package.egg-info/top_level.txt
[2.680s] reading manifest file '../../../../build/listener_package/listener_package.egg-info/SOURCES.txt'
[2.681s] adding license file 'LICENSE'
[2.682s] writing manifest file '../../../../build/listener_package/listener_package.egg-info/SOURCES.txt'
[2.682s] running build
[2.684s] running build_py
[2.685s] copying listener_package/map_publisher.py -> /home/olympusolutions/senior_ws/build/listener_package/build/lib/listener_package
[2.686s] running install
[2.699s] running install_lib
[2.741s] copying /home/olympusolutions/senior_ws/build/listener_package/build/lib/listener_package/map_publisher.py -> /home/olympusolutions/senior_ws/install/listener_package/lib/python3.12/site-packages/listener_package
[2.744s] byte-compiling /home/olympusolutions/senior_ws/install/listener_package/lib/python3.12/site-packages/listener_package/map_publisher.py to map_publisher.cpython-312.pyc
[2.747s] running install_data
[2.747s] running install_egg_info
[2.795s] removing '/home/olympusolutions/senior_ws/install/listener_package/lib/python3.12/site-packages/listener_package-0.0.0-py3.12.egg-info' (and everything under it)
[2.795s] Copying ../../../../build/listener_package/listener_package.egg-info to /home/olympusolutions/senior_ws/install/listener_package/lib/python3.12/site-packages/listener_package-0.0.0-py3.12.egg-info
[2.796s] running install_scripts
[3.089s] Installing listener script to /home/olympusolutions/senior_ws/install/listener_package/lib/listener_package
[3.090s] Installing map_publisher script to /home/olympusolutions/senior_ws/install/listener_package/lib/listener_package
[3.094s] Installing phone_listener script to /home/olympusolutions/senior_ws/install/listener_package/lib/listener_package
[3.094s] Installing talker script to /home/olympusolutions/senior_ws/install/listener_package/lib/listener_package
[3.094s] Installing tcp_map_node script to /home/olympusolutions/senior_ws/install/listener_package/lib/listener_package
[3.096s] writing list of installed files to '/home/olympusolutions/senior_ws/build/listener_package/install.log'
[3.263s] Invoked command in '/home/olympusolutions/senior_ws/src/riley_ws/src/listener_package' returned '0': DEBUGINFOD_URLS=https://debuginfod.ubuntu.com PYTHONPATH=/home/olympusolutions/senior_ws/build/listener_package/prefix_override:/usr/lib/python3/dist-packages/colcon_core/task/python/colcon_distutils_commands:/home/olympusolutions/senior_ws/install/listener_package/lib/python3.12/site-packages:${PYTHONPATH} /usr/bin/python3 -W ignore:setup.py install is deprecated -W ignore:easy_install command is deprecated setup.py egg_info --egg-base ../../../../build/listener_package build --build-base /home/olympusolutions/senior_ws/build/listener_package/build install --record /home/olympusolutions/senior_ws/build/listener_package/install.log --single-version-externally-managed install_data
