[5.782s] Invoking command in '/home/olympusolutions/senior_ws/src/riley_ws/src/listener_package': DEBUGINFOD_URLS=https://debuginfod.ubuntu.com PYTHONPATH=/home/olympusolutions/senior_ws/build/listener_package/prefix_override:/usr/lib/python3/dist-packages/colcon_core/task/python/colcon_distutils_commands:/home/olympusolutions/senior_ws/install/listener_package/lib/python3.12/site-packages:${PYTHONPATH} /usr/bin/python3 -W ignore:setup.py install is deprecated -W ignore:easy_install command is deprecated setup.py egg_info --egg-base ../../../../build/listener_package build --build-base /home/olympusolutions/senior_ws/build/listener_package/build install --record /home/olympusolutions/senior_ws/build/listener_package/install.log --single-version-externally-managed install_data
[7.559s] running egg_info
[7.670s] writing ../../../../build/listener_package/listener_package.egg-info/PKG-INFO
[7.670s] writing dependency_links to ../../../../build/listener_package/listener_package.egg-info/dependency_links.txt
[7.680s] writing entry points to ../../../../build/listener_package/listener_package.egg-info/entry_points.txt
[7.680s] writing requirements to ../../../../build/listener_package/listener_package.egg-info/requires.txt
[7.683s] writing top-level names to ../../../../build/listener_package/listener_package.egg-info/top_level.txt
[8.272s] reading manifest file '../../../../build/listener_package/listener_package.egg-info/SOURCES.txt'
[8.273s] adding license file 'LICENSE'
[8.273s] writing manifest file '../../../../build/listener_package/listener_package.egg-info/SOURCES.txt'
[8.273s] running build
[8.274s] running build_py
[8.274s] copying listener_package/phone_listener.py -> /home/olympusolutions/senior_ws/build/listener_package/build/lib/listener_package
[8.274s] copying listener_package/tcp_map_node.py -> /home/olympusolutions/senior_ws/build/listener_package/build/lib/listener_package
[8.291s] running install
[8.348s] running install_lib
[8.650s] copying /home/olympusolutions/senior_ws/build/listener_package/build/lib/listener_package/phone_listener.py -> /home/olympusolutions/senior_ws/install/listener_package/lib/python3.12/site-packages/listener_package
[8.655s] copying /home/olympusolutions/senior_ws/build/listener_package/build/lib/listener_package/tcp_map_node.py -> /home/olympusolutions/senior_ws/install/listener_package/lib/python3.12/site-packages/listener_package
[8.659s] byte-compiling /home/olympusolutions/senior_ws/install/listener_package/lib/python3.12/site-packages/listener_package/phone_listener.py to phone_listener.cpython-312.pyc
[8.696s] byte-compiling /home/olympusolutions/senior_ws/install/listener_package/lib/python3.12/site-packages/listener_package/tcp_map_node.py to tcp_map_node.cpython-312.pyc
[8.700s] running install_data
[8.705s] running install_egg_info
[8.962s] removing '/home/olympusolutions/senior_ws/install/listener_package/lib/python3.12/site-packages/listener_package-0.0.0-py3.12.egg-info' (and everything under it)
[8.962s] Copying ../../../../build/listener_package/listener_package.egg-info to /home/olympusolutions/senior_ws/install/listener_package/lib/python3.12/site-packages/listener_package-0.0.0-py3.12.egg-info
[8.969s] running install_scripts
[10.425s] Installing listener script to /home/olympusolutions/senior_ws/install/listener_package/lib/listener_package
[10.425s] Installing map_publisher script to /home/olympusolutions/senior_ws/install/listener_package/lib/listener_package
[10.428s] Installing phone_listener script to /home/olympusolutions/senior_ws/install/listener_package/lib/listener_package
[10.435s] Installing talker script to /home/olympusolutions/senior_ws/install/listener_package/lib/listener_package
[10.443s] Installing tcp_map_node script to /home/olympusolutions/senior_ws/install/listener_package/lib/listener_package
[10.449s] writing list of installed files to '/home/olympusolutions/senior_ws/build/listener_package/install.log'
[11.066s] Invoked command in '/home/olympusolutions/senior_ws/src/riley_ws/src/listener_package' returned '0': DEBUGINFOD_URLS=https://debuginfod.ubuntu.com PYTHONPATH=/home/olympusolutions/senior_ws/build/listener_package/prefix_override:/usr/lib/python3/dist-packages/colcon_core/task/python/colcon_distutils_commands:/home/olympusolutions/senior_ws/install/listener_package/lib/python3.12/site-packages:${PYTHONPATH} /usr/bin/python3 -W ignore:setup.py install is deprecated -W ignore:easy_install command is deprecated setup.py egg_info --egg-base ../../../../build/listener_package build --build-base /home/olympusolutions/senior_ws/build/listener_package/build install --record /home/olympusolutions/senior_ws/build/listener_package/install.log --single-version-externally-managed install_data
