[26.596s] Invoking command in '/home/olympusolutions/senior_ws/src/riley_ws/src/my_package': DEBUGINFOD_URLS=https://debuginfod.ubuntu.com PYTHONPATH=/home/olympusolutions/senior_ws/build/my_package/prefix_override:/usr/lib/python3/dist-packages/colcon_core/task/python/colcon_distutils_commands:/home/olympusolutions/senior_ws/install/my_package/lib/python3.12/site-packages:${PYTHONPATH} /usr/bin/python3 -W ignore:setup.py install is deprecated -W ignore:easy_install command is deprecated setup.py egg_info --egg-base ../../../../build/my_package build --build-base /home/olympusolutions/senior_ws/build/my_package/build install --record /home/olympusolutions/senior_ws/build/my_package/install.log --single-version-externally-managed install_data
[34.979s] running egg_info
[35.524s] writing ../../../../build/my_package/my_package.egg-info/PKG-INFO
[35.525s] writing dependency_links to ../../../../build/my_package/my_package.egg-info/dependency_links.txt
[35.560s] writing entry points to ../../../../build/my_package/my_package.egg-info/entry_points.txt
[35.562s] writing requirements to ../../../../build/my_package/my_package.egg-info/requires.txt
[35.570s] writing top-level names to ../../../../build/my_package/my_package.egg-info/top_level.txt
[36.496s] reading manifest file '../../../../build/my_package/my_package.egg-info/SOURCES.txt'
[36.504s] adding license file 'LICENSE'
[36.528s] writing manifest file '../../../../build/my_package/my_package.egg-info/SOURCES.txt'
[36.535s] running build
[36.549s] running build_py
[36.554s] running install
[36.680s] running install_lib
[36.937s] running install_data
[36.941s] running install_egg_info
[37.217s] removing '/home/olympusolutions/senior_ws/install/my_package/lib/python3.12/site-packages/my_package-0.0.0-py3.12.egg-info' (and everything under it)
[37.230s] Copying ../../../../build/my_package/my_package.egg-info to /home/olympusolutions/senior_ws/install/my_package/lib/python3.12/site-packages/my_package-0.0.0-py3.12.egg-info
[37.234s] running install_scripts
[42.111s] Installing my_node script to /home/olympusolutions/senior_ws/install/my_package/lib/my_package
[42.112s] writing list of installed files to '/home/olympusolutions/senior_ws/build/my_package/install.log'
[42.564s] Invoked command in '/home/olympusolutions/senior_ws/src/riley_ws/src/my_package' returned '0': DEBUGINFOD_URLS=https://debuginfod.ubuntu.com PYTHONPATH=/home/olympusolutions/senior_ws/build/my_package/prefix_override:/usr/lib/python3/dist-packages/colcon_core/task/python/colcon_distutils_commands:/home/olympusolutions/senior_ws/install/my_package/lib/python3.12/site-packages:${PYTHONPATH} /usr/bin/python3 -W ignore:setup.py install is deprecated -W ignore:easy_install command is deprecated setup.py egg_info --egg-base ../../../../build/my_package build --build-base /home/olympusolutions/senior_ws/build/my_package/build install --record /home/olympusolutions/senior_ws/build/my_package/install.log --single-version-externally-managed install_data
