[0.654s] Invoking command in '/home/olympusolutions/senior_ws/build/minibot': CMAKE_PREFIX_PATH=${CMAKE_PREFIX_PATH}:/home/olympusolutions/senior_ws/install/twist_stamper:/home/olympusolutions/senior_ws/install/serial_motor_demo:/home/olympusolutions/senior_ws/install/my_package:/home/olympusolutions/senior_ws/install/listener_package:/home/olympusolutions/senior_ws/install/joy_tester:/opt/ros/jazzy DEBUGINFOD_URLS=https://debuginfod.ubuntu.com /usr/bin/cmake --build /home/olympusolutions/senior_ws/build/minibot -- -j4 -l4
[0.816s] [100%] Built target velocity_publisher
[0.863s] Invoked command in '/home/olympusolutions/senior_ws/build/minibot' returned '0': CMAKE_PREFIX_PATH=${CMAKE_PREFIX_PATH}:/home/olympusolutions/senior_ws/install/twist_stamper:/home/olympusolutions/senior_ws/install/serial_motor_demo:/home/olympusolutions/senior_ws/install/my_package:/home/olympusolutions/senior_ws/install/listener_package:/home/olympusolutions/senior_ws/install/joy_tester:/opt/ros/jazzy DEBUGINFOD_URLS=https://debuginfod.ubuntu.com /usr/bin/cmake --build /home/olympusolutions/senior_ws/build/minibot -- -j4 -l4
[0.863s] Invoking command in '/home/olympusolutions/senior_ws/build/minibot': CMAKE_PREFIX_PATH=${CMAKE_PREFIX_PATH}:/home/olympusolutions/senior_ws/install/twist_stamper:/home/olympusolutions/senior_ws/install/serial_motor_demo:/home/olympusolutions/senior_ws/install/my_package:/home/olympusolutions/senior_ws/install/listener_package:/home/olympusolutions/senior_ws/install/joy_tester:/opt/ros/jazzy DEBUGINFOD_URLS=https://debuginfod.ubuntu.com /usr/bin/cmake --install /home/olympusolutions/senior_ws/build/minibot
[0.909s] -- Install configuration: ""
[0.911s] -- Up-to-date: /home/olympusolutions/senior_ws/install/minibot/lib/minibot/velocity_publisher
[0.917s] -- Up-to-date: /home/olympusolutions/senior_ws/install/minibot/share/minibot/config
[0.917s] -- Up-to-date: /home/olympusolutions/senior_ws/install/minibot/share/minibot/config/minibot_display.rviz
[0.917s] -- Up-to-date: /home/olympusolutions/senior_ws/install/minibot/share/minibot/config/empty.yaml
[0.917s] -- Up-to-date: /home/olympusolutions/senior_ws/install/minibot/share/minibot/config/minibot_config.rviz
[0.918s] -- Up-to-date: /home/olympusolutions/senior_ws/install/minibot/share/minibot/config/controller_gz_sim.yaml
[0.919s] -- Up-to-date: /home/olympusolutions/senior_ws/install/minibot/share/minibot/config/gz_params.yaml
[0.919s] -- Up-to-date: /home/olympusolutions/senior_ws/install/minibot/share/minibot/config/twist_mux.yaml
[0.919s] -- Up-to-date: /home/olympusolutions/senior_ws/install/minibot/share/minibot/config/mapper_params_online_async.yaml
[0.920s] -- Up-to-date: /home/olympusolutions/senior_ws/install/minibot/share/minibot/config/controller.yaml
[0.920s] -- Up-to-date: /home/olympusolutions/senior_ws/install/minibot/share/minibot/config/sim_config.rviz
[0.920s] -- Up-to-date: /home/olympusolutions/senior_ws/install/minibot/share/minibot/config/nav2_params.yaml
[0.922s] -- Up-to-date: /home/olympusolutions/senior_ws/install/minibot/share/minibot/config/joystick_params.yaml
[0.922s] -- Up-to-date: /home/olympusolutions/senior_ws/install/minibot/share/minibot/config/mapper_params_localization.yaml
[0.923s] -- Up-to-date: /home/olympusolutions/senior_ws/install/minibot/share/minibot/description
[0.923s] -- Up-to-date: /home/olympusolutions/senior_ws/install/minibot/share/minibot/description/robot.urdf.xacro
[0.923s] -- Up-to-date: /home/olympusolutions/senior_ws/install/minibot/share/minibot/description/inertial_macros.xacro
[0.923s] -- Up-to-date: /home/olympusolutions/senior_ws/install/minibot/share/minibot/description/robot_main.xacro
[0.929s] -- Up-to-date: /home/olympusolutions/senior_ws/install/minibot/share/minibot/description/ros2_control.xacro
[0.929s] -- Up-to-date: /home/olympusolutions/senior_ws/install/minibot/share/minibot/description/gz_diff_drive_control.xacro
[0.929s] -- Up-to-date: /home/olympusolutions/senior_ws/install/minibot/share/minibot/description/depth_camera.xacro
[0.929s] -- Up-to-date: /home/olympusolutions/senior_ws/install/minibot/share/minibot/description/camera.xacro
[0.929s] -- Up-to-date: /home/olympusolutions/senior_ws/install/minibot/share/minibot/description/lidar.xacro
[0.929s] -- Up-to-date: /home/olympusolutions/senior_ws/install/minibot/share/minibot/launch
[0.930s] -- Up-to-date: /home/olympusolutions/senior_ws/install/minibot/share/minibot/launch/navigation_launch.py
[0.933s] -- Up-to-date: /home/olympusolutions/senior_ws/install/minibot/share/minibot/launch/joystick_teleop.launch.py
[0.934s] -- Up-to-date: /home/olympusolutions/senior_ws/install/minibot/share/minibot/launch/sim.launch.py
[0.939s] -- Up-to-date: /home/olympusolutions/senior_ws/install/minibot/share/minibot/launch/robot_remote_station.launch.py
[0.939s] -- Up-to-date: /home/olympusolutions/senior_ws/install/minibot/share/minibot/launch/keyboard_combine.launch.py
[0.939s] -- Up-to-date: /home/olympusolutions/senior_ws/install/minibot/share/minibot/launch/sim_control_station.launch.py
[0.939s] -- Up-to-date: /home/olympusolutions/senior_ws/install/minibot/share/minibot/launch/keyboard.launch.py
[0.939s] -- Up-to-date: /home/olympusolutions/senior_ws/install/minibot/share/minibot/launch/robot.launch.py
[0.939s] -- Up-to-date: /home/olympusolutions/senior_ws/install/minibot/share/minibot/launch/camera.launch.py
[0.939s] -- Up-to-date: /home/olympusolutions/senior_ws/install/minibot/share/minibot/worlds
[0.941s] -- Up-to-date: /home/olympusolutions/senior_ws/install/minibot/share/minibot/worlds/empty.sdf
[0.941s] -- Up-to-date: /home/olympusolutions/senior_ws/install/minibot/share/minibot/worlds/playground.sdf
[0.941s] -- Up-to-date: /home/olympusolutions/senior_ws/install/minibot/share/minibot/demo_publisher_node
[0.941s] -- Up-to-date: /home/olympusolutions/senior_ws/install/minibot/share/minibot/demo_publisher_node/gripper_teleop_node.py
[0.945s] -- Up-to-date: /home/olympusolutions/senior_ws/install/minibot/share/minibot/demo_publisher_node/platform_teleop_node.py
[0.951s] -- Up-to-date: /home/olympusolutions/senior_ws/install/minibot/share/minibot/demo_publisher_node/extender_teleop_node.py
[0.951s] -- Up-to-date: /home/olympusolutions/senior_ws/install/minibot/share/minibot/demo_publisher_node/emergent_shutdown_node.py
[0.951s] -- Up-to-date: /home/olympusolutions/senior_ws/install/minibot/share/minibot/demo_publisher_node/imu_publisher_node.py
[0.951s] -- Up-to-date: /home/olympusolutions/senior_ws/install/minibot/share/minibot/demo_publisher_node/velocity_publisher.cpp
[0.951s] -- Up-to-date: /home/olympusolutions/senior_ws/install/minibot/share/minibot/demo_publisher_node/linear_data_collector_node.py
[0.951s] -- Up-to-date: /home/olympusolutions/senior_ws/install/minibot/share/minibot/maps
[0.951s] -- Up-to-date: /home/olympusolutions/senior_ws/install/minibot/share/minibot/maps/sample_map.pgm
[0.951s] -- Up-to-date: /home/olympusolutions/senior_ws/install/minibot/share/minibot/maps/map_01.pgm
[0.952s] -- Up-to-date: /home/olympusolutions/senior_ws/install/minibot/share/minibot/maps/sample_map_serial.data
[0.953s] -- Up-to-date: /home/olympusolutions/senior_ws/install/minibot/share/minibot/maps/map_01_serial.posegraph
[0.955s] -- Up-to-date: /home/olympusolutions/senior_ws/install/minibot/share/minibot/maps/sample_map.yaml
[0.955s] -- Up-to-date: /home/olympusolutions/senior_ws/install/minibot/share/minibot/maps/sample_map_serial.posegraph
[0.955s] -- Up-to-date: /home/olympusolutions/senior_ws/install/minibot/share/minibot/maps/map_01_serial.data
[0.956s] -- Up-to-date: /home/olympusolutions/senior_ws/install/minibot/share/minibot/maps/map_01.yaml
[0.956s] -- Up-to-date: /home/olympusolutions/senior_ws/install/minibot/share/minibot/visual_demos
[0.956s] -- Up-to-date: /home/olympusolutions/senior_ws/install/minibot/share/minibot/visual_demos/robot_hardware.jpg
[0.956s] -- Up-to-date: /home/olympusolutions/senior_ws/install/minibot/share/minibot/visual_demos/robot_visual.jpg
[0.961s] -- Up-to-date: /home/olympusolutions/senior_ws/install/minibot/share/minibot/visual_demos/SLAM_demostration-ezgif.com-video-to-gif-converter.gif
[0.961s] -- Up-to-date: /home/olympusolutions/senior_ws/install/minibot/share/minibot/visual_demos/Nav2_demostration-ezgif.com-video-to-gif-converter.gif
[0.961s] -- Up-to-date: /home/olympusolutions/senior_ws/install/minibot/share/minibot/launch
[0.961s] -- Up-to-date: /home/olympusolutions/senior_ws/install/minibot/share/minibot/launch/navigation_launch.py
[0.961s] -- Up-to-date: /home/olympusolutions/senior_ws/install/minibot/share/minibot/launch/joystick_teleop.launch.py
[0.961s] -- Up-to-date: /home/olympusolutions/senior_ws/install/minibot/share/minibot/launch/sim.launch.py
[0.961s] -- Up-to-date: /home/olympusolutions/senior_ws/install/minibot/share/minibot/launch/robot_remote_station.launch.py
[0.972s] -- Up-to-date: /home/olympusolutions/senior_ws/install/minibot/share/minibot/launch/keyboard_combine.launch.py
[0.973s] -- Up-to-date: /home/olympusolutions/senior_ws/install/minibot/share/minibot/launch/sim_control_station.launch.py
[0.973s] -- Up-to-date: /home/olympusolutions/senior_ws/install/minibot/share/minibot/launch/keyboard.launch.py
[0.973s] -- Up-to-date: /home/olympusolutions/senior_ws/install/minibot/share/minibot/launch/robot.launch.py
[0.973s] -- Up-to-date: /home/olympusolutions/senior_ws/install/minibot/share/minibot/launch/camera.launch.py
[0.973s] -- Up-to-date: /home/olympusolutions/senior_ws/install/minibot/share/minibot/config
[0.973s] -- Up-to-date: /home/olympusolutions/senior_ws/install/minibot/share/minibot/config/minibot_display.rviz
[0.973s] -- Up-to-date: /home/olympusolutions/senior_ws/install/minibot/share/minibot/config/empty.yaml
[0.974s] -- Up-to-date: /home/olympusolutions/senior_ws/install/minibot/share/minibot/config/minibot_config.rviz
[0.975s] -- Up-to-date: /home/olympusolutions/senior_ws/install/minibot/share/minibot/config/controller_gz_sim.yaml
[0.975s] -- Up-to-date: /home/olympusolutions/senior_ws/install/minibot/share/minibot/config/gz_params.yaml
[0.985s] -- Up-to-date: /home/olympusolutions/senior_ws/install/minibot/share/minibot/config/twist_mux.yaml
[0.985s] -- Up-to-date: /home/olympusolutions/senior_ws/install/minibot/share/minibot/config/mapper_params_online_async.yaml
[0.985s] -- Up-to-date: /home/olympusolutions/senior_ws/install/minibot/share/minibot/config/controller.yaml
[0.985s] -- Up-to-date: /home/olympusolutions/senior_ws/install/minibot/share/minibot/config/sim_config.rviz
[0.985s] -- Up-to-date: /home/olympusolutions/senior_ws/install/minibot/share/minibot/config/nav2_params.yaml
[0.985s] -- Up-to-date: /home/olympusolutions/senior_ws/install/minibot/share/minibot/config/joystick_params.yaml
[0.985s] -- Up-to-date: /home/olympusolutions/senior_ws/install/minibot/share/minibot/config/mapper_params_localization.yaml
[0.985s] -- Up-to-date: /home/olympusolutions/senior_ws/install/minibot/lib/minibot/extender_teleop_node.py
[0.986s] -- Up-to-date: /home/olympusolutions/senior_ws/install/minibot/lib/minibot/gripper_teleop_node.py
[0.986s] -- Up-to-date: /home/olympusolutions/senior_ws/install/minibot/lib/minibot/platform_teleop_node.py
[0.987s] -- Up-to-date: /home/olympusolutions/senior_ws/install/minibot/lib/minibot/linear_data_collector_node.py
[0.987s] -- Up-to-date: /home/olympusolutions/senior_ws/install/minibot/lib/minibot/imu_publisher_node.py
[0.987s] -- Up-to-date: /home/olympusolutions/senior_ws/install/minibot/lib/minibot/emergent_shutdown_node.py
[0.987s] -- Up-to-date: /home/olympusolutions/senior_ws/install/minibot/share/ament_index/resource_index/package_run_dependencies/minibot
[0.987s] -- Up-to-date: /home/olympusolutions/senior_ws/install/minibot/share/ament_index/resource_index/parent_prefix_path/minibot
[0.987s] -- Up-to-date: /home/olympusolutions/senior_ws/install/minibot/share/minibot/environment/ament_prefix_path.sh
[0.987s] -- Up-to-date: /home/olympusolutions/senior_ws/install/minibot/share/minibot/environment/ament_prefix_path.dsv
[0.987s] -- Up-to-date: /home/olympusolutions/senior_ws/install/minibot/share/minibot/environment/path.sh
[1.001s] -- Up-to-date: /home/olympusolutions/senior_ws/install/minibot/share/minibot/environment/path.dsv
[1.001s] -- Up-to-date: /home/olympusolutions/senior_ws/install/minibot/share/minibot/local_setup.bash
[1.001s] -- Up-to-date: /home/olympusolutions/senior_ws/install/minibot/share/minibot/local_setup.sh
[1.001s] -- Up-to-date: /home/olympusolutions/senior_ws/install/minibot/share/minibot/local_setup.zsh
[1.001s] -- Up-to-date: /home/olympusolutions/senior_ws/install/minibot/share/minibot/local_setup.dsv
[1.002s] -- Installing: /home/olympusolutions/senior_ws/install/minibot/share/minibot/package.dsv
[1.003s] -- Up-to-date: /home/olympusolutions/senior_ws/install/minibot/share/ament_index/resource_index/packages/minibot
[1.003s] -- Up-to-date: /home/olympusolutions/senior_ws/install/minibot/share/minibot/cmake/minibotConfig.cmake
[1.003s] -- Up-to-date: /home/olympusolutions/senior_ws/install/minibot/share/minibot/cmake/minibotConfig-version.cmake
[1.003s] -- Up-to-date: /home/olympusolutions/senior_ws/install/minibot/share/minibot/package.xml
[1.004s] Invoked command in '/home/olympusolutions/senior_ws/build/minibot' returned '0': CMAKE_PREFIX_PATH=${CMAKE_PREFIX_PATH}:/home/olympusolutions/senior_ws/install/twist_stamper:/home/olympusolutions/senior_ws/install/serial_motor_demo:/home/olympusolutions/senior_ws/install/my_package:/home/olympusolutions/senior_ws/install/listener_package:/home/olympusolutions/senior_ws/install/joy_tester:/opt/ros/jazzy DEBUGINFOD_URLS=https://debuginfod.ubuntu.com /usr/bin/cmake --install /home/olympusolutions/senior_ws/build/minibot
