[4.712s] Invoking command in '/home/olympusolutions/senior_ws/src/twist_stamper': DEBUGINFOD_URLS=https://debuginfod.ubuntu.com PYTHONPATH=/home/olympusolutions/senior_ws/build/twist_stamper/prefix_override:/usr/lib/python3/dist-packages/colcon_core/task/python/colcon_distutils_commands:/home/olympusolutions/senior_ws/install/twist_stamper/lib/python3.12/site-packages:${PYTHONPATH} /usr/bin/python3 -W ignore:setup.py install is deprecated -W ignore:easy_install command is deprecated setup.py egg_info --egg-base ../../build/twist_stamper build --build-base /home/olympusolutions/senior_ws/build/twist_stamper/build install --record /home/olympusolutions/senior_ws/build/twist_stamper/install.log --single-version-externally-managed install_data
[5.949s] running egg_info
[6.054s] writing ../../build/twist_stamper/twist_stamper.egg-info/PKG-INFO
[6.059s] writing dependency_links to ../../build/twist_stamper/twist_stamper.egg-info/dependency_links.txt
[6.060s] writing entry points to ../../build/twist_stamper/twist_stamper.egg-info/entry_points.txt
[6.062s] writing requirements to ../../build/twist_stamper/twist_stamper.egg-info/requires.txt
[6.066s] writing top-level names to ../../build/twist_stamper/twist_stamper.egg-info/top_level.txt
[6.408s] reading manifest file '../../build/twist_stamper/twist_stamper.egg-info/SOURCES.txt'
[6.412s] adding license file 'LICENSE'
[6.415s] writing manifest file '../../build/twist_stamper/twist_stamper.egg-info/SOURCES.txt'
[6.416s] running build
[6.416s] running build_py
[6.418s] running install
[6.435s] running install_lib
[6.561s] running install_data
[6.563s] running install_egg_info
[6.672s] removing '/home/olympusolutions/senior_ws/install/twist_stamper/lib/python3.12/site-packages/twist_stamper-0.0.5-py3.12.egg-info' (and everything under it)
[6.675s] Copying ../../build/twist_stamper/twist_stamper.egg-info to /home/olympusolutions/senior_ws/install/twist_stamper/lib/python3.12/site-packages/twist_stamper-0.0.5-py3.12.egg-info
[6.687s] running install_scripts
[7.272s] Installing twist_stamper script to /home/olympusolutions/senior_ws/install/twist_stamper/lib/twist_stamper
[7.272s] Installing twist_unstamper script to /home/olympusolutions/senior_ws/install/twist_stamper/lib/twist_stamper
[7.277s] writing list of installed files to '/home/olympusolutions/senior_ws/build/twist_stamper/install.log'
[7.523s] Invoked command in '/home/olympusolutions/senior_ws/src/twist_stamper' returned '0': DEBUGINFOD_URLS=https://debuginfod.ubuntu.com PYTHONPATH=/home/olympusolutions/senior_ws/build/twist_stamper/prefix_override:/usr/lib/python3/dist-packages/colcon_core/task/python/colcon_distutils_commands:/home/olympusolutions/senior_ws/install/twist_stamper/lib/python3.12/site-packages:${PYTHONPATH} /usr/bin/python3 -W ignore:setup.py install is deprecated -W ignore:easy_install command is deprecated setup.py egg_info --egg-base ../../build/twist_stamper build --build-base /home/olympusolutions/senior_ws/build/twist_stamper/build install --record /home/olympusolutions/senior_ws/build/twist_stamper/install.log --single-version-externally-managed install_data
