[7.920s] Invoking command in '/home/olympusolutions/senior_ws/src/riley_ws/src/my_package': DEBUGINFOD_URLS=https://debuginfod.ubuntu.com PYTHONPATH=/home/olympusolutions/senior_ws/build/my_package/prefix_override:/usr/lib/python3/dist-packages/colcon_core/task/python/colcon_distutils_commands:/home/olympusolutions/senior_ws/install/my_package/lib/python3.12/site-packages:${PYTHONPATH} /usr/bin/python3 -W ignore:setup.py install is deprecated -W ignore:easy_install command is deprecated setup.py egg_info --egg-base ../../../../build/my_package build --build-base /home/olympusolutions/senior_ws/build/my_package/build install --record /home/olympusolutions/senior_ws/build/my_package/install.log --single-version-externally-managed install_data
[10.088s] running egg_info
[10.204s] writing ../../../../build/my_package/my_package.egg-info/PKG-INFO
[10.205s] writing dependency_links to ../../../../build/my_package/my_package.egg-info/dependency_links.txt
[10.211s] writing entry points to ../../../../build/my_package/my_package.egg-info/entry_points.txt
[10.215s] writing requirements to ../../../../build/my_package/my_package.egg-info/requires.txt
[10.217s] writing top-level names to ../../../../build/my_package/my_package.egg-info/top_level.txt
[10.386s] reading manifest file '../../../../build/my_package/my_package.egg-info/SOURCES.txt'
[10.387s] adding license file 'LICENSE'
[10.392s] writing manifest file '../../../../build/my_package/my_package.egg-info/SOURCES.txt'
[10.392s] running build
[10.393s] running build_py
[10.393s] running install
[10.417s] running install_lib
[10.481s] running install_data
[10.481s] running install_egg_info
[10.537s] removing '/home/olympusolutions/senior_ws/install/my_package/lib/python3.12/site-packages/my_package-0.0.0-py3.12.egg-info' (and everything under it)
[10.545s] Copying ../../../../build/my_package/my_package.egg-info to /home/olympusolutions/senior_ws/install/my_package/lib/python3.12/site-packages/my_package-0.0.0-py3.12.egg-info
[10.549s] running install_scripts
[11.097s] Installing my_node script to /home/olympusolutions/senior_ws/install/my_package/lib/my_package
[11.098s] writing list of installed files to '/home/olympusolutions/senior_ws/build/my_package/install.log'
[11.360s] Invoked command in '/home/olympusolutions/senior_ws/src/riley_ws/src/my_package' returned '0': DEBUGINFOD_URLS=https://debuginfod.ubuntu.com PYTHONPATH=/home/olympusolutions/senior_ws/build/my_package/prefix_override:/usr/lib/python3/dist-packages/colcon_core/task/python/colcon_distutils_commands:/home/olympusolutions/senior_ws/install/my_package/lib/python3.12/site-packages:${PYTHONPATH} /usr/bin/python3 -W ignore:setup.py install is deprecated -W ignore:easy_install command is deprecated setup.py egg_info --egg-base ../../../../build/my_package build --build-base /home/olympusolutions/senior_ws/build/my_package/build install --record /home/olympusolutions/senior_ws/build/my_package/install.log --single-version-externally-managed install_data
