[7.708s] Invoking command in '/home/olympusolutions/senior_ws/src/riley_ws/src/listener_package': DEBUGINFOD_URLS=https://debuginfod.ubuntu.com PYTHONPATH=/home/olympusolutions/senior_ws/build/listener_package/prefix_override:/usr/lib/python3/dist-packages/colcon_core/task/python/colcon_distutils_commands:/home/olympusolutions/senior_ws/install/listener_package/lib/python3.12/site-packages:${PYTHONPATH} /usr/bin/python3 -W ignore:setup.py install is deprecated -W ignore:easy_install command is deprecated setup.py egg_info --egg-base ../../../../build/listener_package build --build-base /home/olympusolutions/senior_ws/build/listener_package/build install --record /home/olympusolutions/senior_ws/build/listener_package/install.log --single-version-externally-managed install_data
[10.778s] running egg_info
[10.913s] writing ../../../../build/listener_package/listener_package.egg-info/PKG-INFO
[10.979s] writing dependency_links to ../../../../build/listener_package/listener_package.egg-info/dependency_links.txt
[10.979s] writing entry points to ../../../../build/listener_package/listener_package.egg-info/entry_points.txt
[10.980s] writing requirements to ../../../../build/listener_package/listener_package.egg-info/requires.txt
[10.991s] writing top-level names to ../../../../build/listener_package/listener_package.egg-info/top_level.txt
[11.464s] reading manifest file '../../../../build/listener_package/listener_package.egg-info/SOURCES.txt'
[11.466s] adding license file 'LICENSE'
[11.468s] writing manifest file '../../../../build/listener_package/listener_package.egg-info/SOURCES.txt'
[11.470s] running build
[11.471s] running build_py
[11.476s] running install
[11.506s] running install_lib
[11.695s] running install_data
[11.699s] running install_egg_info
[11.825s] removing '/home/olympusolutions/senior_ws/install/listener_package/lib/python3.12/site-packages/listener_package-0.0.0-py3.12.egg-info' (and everything under it)
[11.831s] Copying ../../../../build/listener_package/listener_package.egg-info to /home/olympusolutions/senior_ws/install/listener_package/lib/python3.12/site-packages/listener_package-0.0.0-py3.12.egg-info
[11.833s] running install_scripts
[13.539s] Installing listener script to /home/olympusolutions/senior_ws/install/listener_package/lib/listener_package
[13.544s] Installing phone_listener script to /home/olympusolutions/senior_ws/install/listener_package/lib/listener_package
[13.548s] Installing talker script to /home/olympusolutions/senior_ws/install/listener_package/lib/listener_package
[13.554s] writing list of installed files to '/home/olympusolutions/senior_ws/build/listener_package/install.log'
[15.694s] Invoked command in '/home/olympusolutions/senior_ws/src/riley_ws/src/listener_package' returned '0': DEBUGINFOD_URLS=https://debuginfod.ubuntu.com PYTHONPATH=/home/olympusolutions/senior_ws/build/listener_package/prefix_override:/usr/lib/python3/dist-packages/colcon_core/task/python/colcon_distutils_commands:/home/olympusolutions/senior_ws/install/listener_package/lib/python3.12/site-packages:${PYTHONPATH} /usr/bin/python3 -W ignore:setup.py install is deprecated -W ignore:easy_install command is deprecated setup.py egg_info --egg-base ../../../../build/listener_package build --build-base /home/olympusolutions/senior_ws/build/listener_package/build install --record /home/olympusolutions/senior_ws/build/listener_package/install.log --single-version-externally-managed install_data
