[1.633s] Invoking command in '/home/olympusolutions/senior_ws/src/riley_ws/src/listener_package': DEBUGINFOD_URLS=https://debuginfod.ubuntu.com PYTHONPATH=/home/olympusolutions/senior_ws/build/listener_package/prefix_override:/usr/lib/python3/dist-packages/colcon_core/task/python/colcon_distutils_commands:/home/olympusolutions/senior_ws/install/listener_package/lib/python3.12/site-packages:${PYTHONPATH} /usr/bin/python3 -W ignore:setup.py install is deprecated -W ignore:easy_install command is deprecated setup.py egg_info --egg-base ../../../../build/listener_package build --build-base /home/olympusolutions/senior_ws/build/listener_package/build install --record /home/olympusolutions/senior_ws/build/listener_package/install.log --single-version-externally-managed install_data
[2.081s] running egg_info
[2.111s] writing ../../../../build/listener_package/listener_package.egg-info/PKG-INFO
[2.112s] writing dependency_links to ../../../../build/listener_package/listener_package.egg-info/dependency_links.txt
[2.114s] writing entry points to ../../../../build/listener_package/listener_package.egg-info/entry_points.txt
[2.115s] writing requirements to ../../../../build/listener_package/listener_package.egg-info/requires.txt
[2.115s] writing top-level names to ../../../../build/listener_package/listener_package.egg-info/top_level.txt
[2.181s] reading manifest file '../../../../build/listener_package/listener_package.egg-info/SOURCES.txt'
[2.181s] adding license file 'LICENSE'
[2.182s] writing manifest file '../../../../build/listener_package/listener_package.egg-info/SOURCES.txt'
[2.182s] running build
[2.182s] running build_py
[2.183s] running install
[2.192s] running install_lib
[2.227s] running install_data
[2.227s] running install_egg_info
[2.262s] removing '/home/olympusolutions/senior_ws/install/listener_package/lib/python3.12/site-packages/listener_package-0.0.0-py3.12.egg-info' (and everything under it)
[2.263s] Copying ../../../../build/listener_package/listener_package.egg-info to /home/olympusolutions/senior_ws/install/listener_package/lib/python3.12/site-packages/listener_package-0.0.0-py3.12.egg-info
[2.264s] running install_scripts
[2.487s] Installing listener script to /home/olympusolutions/senior_ws/install/listener_package/lib/listener_package
[2.487s] Installing phone_listener script to /home/olympusolutions/senior_ws/install/listener_package/lib/listener_package
[2.489s] Installing talker script to /home/olympusolutions/senior_ws/install/listener_package/lib/listener_package
[2.491s] Installing tcp_map_node script to /home/olympusolutions/senior_ws/install/listener_package/lib/listener_package
[2.492s] writing list of installed files to '/home/olympusolutions/senior_ws/build/listener_package/install.log'
[2.585s] Invoked command in '/home/olympusolutions/senior_ws/src/riley_ws/src/listener_package' returned '0': DEBUGINFOD_URLS=https://debuginfod.ubuntu.com PYTHONPATH=/home/olympusolutions/senior_ws/build/listener_package/prefix_override:/usr/lib/python3/dist-packages/colcon_core/task/python/colcon_distutils_commands:/home/olympusolutions/senior_ws/install/listener_package/lib/python3.12/site-packages:${PYTHONPATH} /usr/bin/python3 -W ignore:setup.py install is deprecated -W ignore:easy_install command is deprecated setup.py egg_info --egg-base ../../../../build/listener_package build --build-base /home/olympusolutions/senior_ws/build/listener_package/build install --record /home/olympusolutions/senior_ws/build/listener_package/install.log --single-version-externally-managed install_data
