[3.879s] Invoking command in '/home/olympusolutions/senior_ws/src/riley_ws/src/listener_package': DEBUGINFOD_URLS=https://debuginfod.ubuntu.com PYTHONPATH=/home/olympusolutions/senior_ws/build/listener_package/prefix_override:/usr/lib/python3/dist-packages/colcon_core/task/python/colcon_distutils_commands:/home/olympusolutions/senior_ws/install/listener_package/lib/python3.12/site-packages:${PYTHONPATH} /usr/bin/python3 -W ignore:setup.py install is deprecated -W ignore:easy_install command is deprecated setup.py egg_info --egg-base ../../../../build/listener_package build --build-base /home/olympusolutions/senior_ws/build/listener_package/build install --record /home/olympusolutions/senior_ws/build/listener_package/install.log --single-version-externally-managed install_data
[5.111s] running egg_info
[5.203s] writing ../../../../build/listener_package/listener_package.egg-info/PKG-INFO
[5.205s] writing dependency_links to ../../../../build/listener_package/listener_package.egg-info/dependency_links.txt
[5.207s] writing entry points to ../../../../build/listener_package/listener_package.egg-info/entry_points.txt
[5.207s] writing requirements to ../../../../build/listener_package/listener_package.egg-info/requires.txt
[5.208s] writing top-level names to ../../../../build/listener_package/listener_package.egg-info/top_level.txt
[5.396s] reading manifest file '../../../../build/listener_package/listener_package.egg-info/SOURCES.txt'
[5.402s] adding license file 'LICENSE'
[5.403s] writing manifest file '../../../../build/listener_package/listener_package.egg-info/SOURCES.txt'
[5.403s] running build
[5.405s] running build_py
[5.406s] copying listener_package/map_publisher.py -> /home/olympusolutions/senior_ws/build/listener_package/build/lib/listener_package
[5.407s] running install
[5.430s] running install_lib
[5.540s] copying /home/olympusolutions/senior_ws/build/listener_package/build/lib/listener_package/map_publisher.py -> /home/olympusolutions/senior_ws/install/listener_package/lib/python3.12/site-packages/listener_package
[5.542s] byte-compiling /home/olympusolutions/senior_ws/install/listener_package/lib/python3.12/site-packages/listener_package/map_publisher.py to map_publisher.cpython-312.pyc
[5.544s] running install_data
[5.544s] running install_egg_info
[5.702s] removing '/home/olympusolutions/senior_ws/install/listener_package/lib/python3.12/site-packages/listener_package-0.0.0-py3.12.egg-info' (and everything under it)
[5.704s] Copying ../../../../build/listener_package/listener_package.egg-info to /home/olympusolutions/senior_ws/install/listener_package/lib/python3.12/site-packages/listener_package-0.0.0-py3.12.egg-info
[5.707s] running install_scripts
[6.086s] Installing listener script to /home/olympusolutions/senior_ws/install/listener_package/lib/listener_package
[6.087s] Installing map_publisher script to /home/olympusolutions/senior_ws/install/listener_package/lib/listener_package
[6.087s] Installing phone_listener script to /home/olympusolutions/senior_ws/install/listener_package/lib/listener_package
[6.087s] Installing talker script to /home/olympusolutions/senior_ws/install/listener_package/lib/listener_package
[6.089s] Installing tcp_map_node script to /home/olympusolutions/senior_ws/install/listener_package/lib/listener_package
[6.091s] writing list of installed files to '/home/olympusolutions/senior_ws/build/listener_package/install.log'
[6.254s] Invoked command in '/home/olympusolutions/senior_ws/src/riley_ws/src/listener_package' returned '0': DEBUGINFOD_URLS=https://debuginfod.ubuntu.com PYTHONPATH=/home/olympusolutions/senior_ws/build/listener_package/prefix_override:/usr/lib/python3/dist-packages/colcon_core/task/python/colcon_distutils_commands:/home/olympusolutions/senior_ws/install/listener_package/lib/python3.12/site-packages:${PYTHONPATH} /usr/bin/python3 -W ignore:setup.py install is deprecated -W ignore:easy_install command is deprecated setup.py egg_info --egg-base ../../../../build/listener_package build --build-base /home/olympusolutions/senior_ws/build/listener_package/build install --record /home/olympusolutions/senior_ws/build/listener_package/install.log --single-version-externally-managed install_data
