[8.851s] Invoking command in '/home/olympusolutions/senior_ws/src/twist_stamper': DEBUGINFOD_URLS=https://debuginfod.ubuntu.com PYTHONPATH=/home/olympusolutions/senior_ws/build/twist_stamper/prefix_override:/usr/lib/python3/dist-packages/colcon_core/task/python/colcon_distutils_commands:/home/olympusolutions/senior_ws/install/twist_stamper/lib/python3.12/site-packages:${PYTHONPATH} /usr/bin/python3 -W ignore:setup.py install is deprecated -W ignore:easy_install command is deprecated setup.py egg_info --egg-base ../../build/twist_stamper build --build-base /home/olympusolutions/senior_ws/build/twist_stamper/build install --record /home/olympusolutions/senior_ws/build/twist_stamper/install.log --single-version-externally-managed install_data
[11.654s] running egg_info
[11.735s] writing ../../build/twist_stamper/twist_stamper.egg-info/PKG-INFO
[11.738s] writing dependency_links to ../../build/twist_stamper/twist_stamper.egg-info/dependency_links.txt
[11.740s] writing entry points to ../../build/twist_stamper/twist_stamper.egg-info/entry_points.txt
[11.741s] writing requirements to ../../build/twist_stamper/twist_stamper.egg-info/requires.txt
[11.743s] writing top-level names to ../../build/twist_stamper/twist_stamper.egg-info/top_level.txt
[12.055s] reading manifest file '../../build/twist_stamper/twist_stamper.egg-info/SOURCES.txt'
[12.064s] adding license file 'LICENSE'
[12.085s] writing manifest file '../../build/twist_stamper/twist_stamper.egg-info/SOURCES.txt'
[12.100s] running build
[12.116s] running build_py
[12.120s] running install
[12.269s] running install_lib
[13.052s] running install_data
[13.059s] running install_egg_info
[13.905s] removing '/home/olympusolutions/senior_ws/install/twist_stamper/lib/python3.12/site-packages/twist_stamper-0.0.5-py3.12.egg-info' (and everything under it)
[13.912s] Copying ../../build/twist_stamper/twist_stamper.egg-info to /home/olympusolutions/senior_ws/install/twist_stamper/lib/python3.12/site-packages/twist_stamper-0.0.5-py3.12.egg-info
[13.951s] running install_scripts
[15.953s] Installing twist_stamper script to /home/olympusolutions/senior_ws/install/twist_stamper/lib/twist_stamper
[15.964s] Installing twist_unstamper script to /home/olympusolutions/senior_ws/install/twist_stamper/lib/twist_stamper
[15.979s] writing list of installed files to '/home/olympusolutions/senior_ws/build/twist_stamper/install.log'
[16.553s] Invoked command in '/home/olympusolutions/senior_ws/src/twist_stamper' returned '0': DEBUGINFOD_URLS=https://debuginfod.ubuntu.com PYTHONPATH=/home/olympusolutions/senior_ws/build/twist_stamper/prefix_override:/usr/lib/python3/dist-packages/colcon_core/task/python/colcon_distutils_commands:/home/olympusolutions/senior_ws/install/twist_stamper/lib/python3.12/site-packages:${PYTHONPATH} /usr/bin/python3 -W ignore:setup.py install is deprecated -W ignore:easy_install command is deprecated setup.py egg_info --egg-base ../../build/twist_stamper build --build-base /home/olympusolutions/senior_ws/build/twist_stamper/build install --record /home/olympusolutions/senior_ws/build/twist_stamper/install.log --single-version-externally-managed install_data
