[2.966s] Invoking command in '/home/olympusolutions/senior_ws/build/minibot': CMAKE_PREFIX_PATH=${CMAKE_PREFIX_PATH}:/opt/ros/jazzy DEBUGINFOD_URLS=https://debuginfod.ubuntu.com /usr/bin/cmake --build /home/olympusolutions/senior_ws/build/minibot -- -j4 -l4
[3.577s] [100%] Built target velocity_publisher
[3.683s] Invoked command in '/home/olympusolutions/senior_ws/build/minibot' returned '0': CMAKE_PREFIX_PATH=${CMAKE_PREFIX_PATH}:/opt/ros/jazzy DEBUGINFOD_URLS=https://debuginfod.ubuntu.com /usr/bin/cmake --build /home/olympusolutions/senior_ws/build/minibot -- -j4 -l4
[3.696s] Invoking command in '/home/olympusolutions/senior_ws/build/minibot': CMAKE_PREFIX_PATH=${CMAKE_PREFIX_PATH}:/opt/ros/jazzy DEBUGINFOD_URLS=https://debuginfod.ubuntu.com /usr/bin/cmake --install /home/olympusolutions/senior_ws/build/minibot
[3.784s] -- Install configuration: ""
[3.785s] -- Up-to-date: /home/olympusolutions/senior_ws/install/minibot/lib/minibot/velocity_publisher
[3.792s] -- Up-to-date: /home/olympusolutions/senior_ws/install/minibot/share/minibot/config
[3.792s] -- Up-to-date: /home/olympusolutions/senior_ws/install/minibot/share/minibot/config/minibot_display.rviz
[3.799s] -- Up-to-date: /home/olympusolutions/senior_ws/install/minibot/share/minibot/config/empty.yaml
[3.799s] -- Up-to-date: /home/olympusolutions/senior_ws/install/minibot/share/minibot/config/minibot_config.rviz
[3.799s] -- Up-to-date: /home/olympusolutions/senior_ws/install/minibot/share/minibot/config/controller_gz_sim.yaml
[3.799s] -- Up-to-date: /home/olympusolutions/senior_ws/install/minibot/share/minibot/config/gz_params.yaml
[3.800s] -- Up-to-date: /home/olympusolutions/senior_ws/install/minibot/share/minibot/config/twist_mux.yaml
[3.800s] -- Up-to-date: /home/olympusolutions/senior_ws/install/minibot/share/minibot/config/mapper_params_online_async.yaml
[3.800s] -- Up-to-date: /home/olympusolutions/senior_ws/install/minibot/share/minibot/config/controller.yaml
[3.800s] -- Up-to-date: /home/olympusolutions/senior_ws/install/minibot/share/minibot/config/sim_config.rviz
[3.805s] -- Up-to-date: /home/olympusolutions/senior_ws/install/minibot/share/minibot/config/nav2_params.yaml
[3.813s] -- Up-to-date: /home/olympusolutions/senior_ws/install/minibot/share/minibot/config/joystick_params.yaml
[3.814s] -- Up-to-date: /home/olympusolutions/senior_ws/install/minibot/share/minibot/config/mapper_params_localization.yaml
[3.814s] -- Up-to-date: /home/olympusolutions/senior_ws/install/minibot/share/minibot/description
[3.814s] -- Up-to-date: /home/olympusolutions/senior_ws/install/minibot/share/minibot/description/robot.urdf.xacro
[3.814s] -- Up-to-date: /home/olympusolutions/senior_ws/install/minibot/share/minibot/description/inertial_macros.xacro
[3.815s] -- Up-to-date: /home/olympusolutions/senior_ws/install/minibot/share/minibot/description/robot_main.xacro
[3.816s] -- Installing: /home/olympusolutions/senior_ws/install/minibot/share/minibot/description/ros2_control.xacro
[3.817s] -- Up-to-date: /home/olympusolutions/senior_ws/install/minibot/share/minibot/description/gz_diff_drive_control.xacro
[3.817s] -- Up-to-date: /home/olympusolutions/senior_ws/install/minibot/share/minibot/description/depth_camera.xacro
[3.818s] -- Up-to-date: /home/olympusolutions/senior_ws/install/minibot/share/minibot/description/camera.xacro
[3.819s] -- Up-to-date: /home/olympusolutions/senior_ws/install/minibot/share/minibot/description/lidar.xacro
[3.819s] -- Up-to-date: /home/olympusolutions/senior_ws/install/minibot/share/minibot/launch
[3.819s] -- Up-to-date: /home/olympusolutions/senior_ws/install/minibot/share/minibot/launch/navigation_launch.py
[3.819s] -- Up-to-date: /home/olympusolutions/senior_ws/install/minibot/share/minibot/launch/joystick_teleop.launch.py
[3.819s] -- Up-to-date: /home/olympusolutions/senior_ws/install/minibot/share/minibot/launch/sim.launch.py
[3.822s] -- Up-to-date: /home/olympusolutions/senior_ws/install/minibot/share/minibot/launch/robot_remote_station.launch.py
[3.825s] -- Up-to-date: /home/olympusolutions/senior_ws/install/minibot/share/minibot/launch/keyboard_combine.launch.py
[3.826s] -- Up-to-date: /home/olympusolutions/senior_ws/install/minibot/share/minibot/launch/sim_control_station.launch.py
[3.826s] -- Up-to-date: /home/olympusolutions/senior_ws/install/minibot/share/minibot/launch/keyboard.launch.py
[3.826s] -- Up-to-date: /home/olympusolutions/senior_ws/install/minibot/share/minibot/launch/robot.launch.py
[3.826s] -- Up-to-date: /home/olympusolutions/senior_ws/install/minibot/share/minibot/launch/camera.launch.py
[3.826s] -- Up-to-date: /home/olympusolutions/senior_ws/install/minibot/share/minibot/worlds
[3.829s] -- Up-to-date: /home/olympusolutions/senior_ws/install/minibot/share/minibot/worlds/empty.sdf
[3.829s] -- Up-to-date: /home/olympusolutions/senior_ws/install/minibot/share/minibot/worlds/playground.sdf
[3.830s] -- Up-to-date: /home/olympusolutions/senior_ws/install/minibot/share/minibot/demo_publisher_node
[3.830s] -- Up-to-date: /home/olympusolutions/senior_ws/install/minibot/share/minibot/demo_publisher_node/gripper_teleop_node.py
[3.830s] -- Up-to-date: /home/olympusolutions/senior_ws/install/minibot/share/minibot/demo_publisher_node/platform_teleop_node.py
[3.830s] -- Up-to-date: /home/olympusolutions/senior_ws/install/minibot/share/minibot/demo_publisher_node/extender_teleop_node.py
[3.833s] -- Up-to-date: /home/olympusolutions/senior_ws/install/minibot/share/minibot/demo_publisher_node/emergent_shutdown_node.py
[3.834s] -- Up-to-date: /home/olympusolutions/senior_ws/install/minibot/share/minibot/demo_publisher_node/imu_publisher_node.py
[3.834s] -- Up-to-date: /home/olympusolutions/senior_ws/install/minibot/share/minibot/demo_publisher_node/velocity_publisher.cpp
[3.839s] -- Up-to-date: /home/olympusolutions/senior_ws/install/minibot/share/minibot/demo_publisher_node/linear_data_collector_node.py
[3.839s] -- Up-to-date: /home/olympusolutions/senior_ws/install/minibot/share/minibot/maps
[3.846s] -- Up-to-date: /home/olympusolutions/senior_ws/install/minibot/share/minibot/maps/sample_map.pgm
[3.849s] -- Up-to-date: /home/olympusolutions/senior_ws/install/minibot/share/minibot/maps/map_01.pgm
[3.852s] -- Up-to-date: /home/olympusolutions/senior_ws/install/minibot/share/minibot/maps/sample_map_serial.data
[3.853s] -- Up-to-date: /home/olympusolutions/senior_ws/install/minibot/share/minibot/maps/map_01_serial.posegraph
[3.853s] -- Up-to-date: /home/olympusolutions/senior_ws/install/minibot/share/minibot/maps/sample_map.yaml
[3.853s] -- Up-to-date: /home/olympusolutions/senior_ws/install/minibot/share/minibot/maps/sample_map_serial.posegraph
[3.853s] -- Up-to-date: /home/olympusolutions/senior_ws/install/minibot/share/minibot/maps/map_01_serial.data
[3.853s] -- Up-to-date: /home/olympusolutions/senior_ws/install/minibot/share/minibot/maps/map_01.yaml
[3.854s] -- Up-to-date: /home/olympusolutions/senior_ws/install/minibot/share/minibot/visual_demos
[3.854s] -- Up-to-date: /home/olympusolutions/senior_ws/install/minibot/share/minibot/visual_demos/robot_hardware.jpg
[3.854s] -- Up-to-date: /home/olympusolutions/senior_ws/install/minibot/share/minibot/visual_demos/robot_visual.jpg
[3.859s] -- Up-to-date: /home/olympusolutions/senior_ws/install/minibot/share/minibot/visual_demos/SLAM_demostration-ezgif.com-video-to-gif-converter.gif
[3.863s] -- Up-to-date: /home/olympusolutions/senior_ws/install/minibot/share/minibot/visual_demos/Nav2_demostration-ezgif.com-video-to-gif-converter.gif
[3.863s] -- Up-to-date: /home/olympusolutions/senior_ws/install/minibot/share/minibot/launch
[3.863s] -- Up-to-date: /home/olympusolutions/senior_ws/install/minibot/share/minibot/launch/navigation_launch.py
[3.863s] -- Up-to-date: /home/olympusolutions/senior_ws/install/minibot/share/minibot/launch/joystick_teleop.launch.py
[3.863s] -- Up-to-date: /home/olympusolutions/senior_ws/install/minibot/share/minibot/launch/sim.launch.py
[3.864s] -- Up-to-date: /home/olympusolutions/senior_ws/install/minibot/share/minibot/launch/robot_remote_station.launch.py
[3.864s] -- Up-to-date: /home/olympusolutions/senior_ws/install/minibot/share/minibot/launch/keyboard_combine.launch.py
[3.864s] -- Up-to-date: /home/olympusolutions/senior_ws/install/minibot/share/minibot/launch/sim_control_station.launch.py
[3.864s] -- Up-to-date: /home/olympusolutions/senior_ws/install/minibot/share/minibot/launch/keyboard.launch.py
[3.874s] -- Up-to-date: /home/olympusolutions/senior_ws/install/minibot/share/minibot/launch/robot.launch.py
[3.874s] -- Up-to-date: /home/olympusolutions/senior_ws/install/minibot/share/minibot/launch/camera.launch.py
[3.874s] -- Up-to-date: /home/olympusolutions/senior_ws/install/minibot/share/minibot/config
[3.875s] -- Up-to-date: /home/olympusolutions/senior_ws/install/minibot/share/minibot/config/minibot_display.rviz
[3.875s] -- Up-to-date: /home/olympusolutions/senior_ws/install/minibot/share/minibot/config/empty.yaml
[3.875s] -- Up-to-date: /home/olympusolutions/senior_ws/install/minibot/share/minibot/config/minibot_config.rviz
[3.875s] -- Up-to-date: /home/olympusolutions/senior_ws/install/minibot/share/minibot/config/controller_gz_sim.yaml
[3.876s] -- Up-to-date: /home/olympusolutions/senior_ws/install/minibot/share/minibot/config/gz_params.yaml
[3.877s] -- Up-to-date: /home/olympusolutions/senior_ws/install/minibot/share/minibot/config/twist_mux.yaml
[3.877s] -- Up-to-date: /home/olympusolutions/senior_ws/install/minibot/share/minibot/config/mapper_params_online_async.yaml
[3.877s] -- Up-to-date: /home/olympusolutions/senior_ws/install/minibot/share/minibot/config/controller.yaml
[3.881s] -- Up-to-date: /home/olympusolutions/senior_ws/install/minibot/share/minibot/config/sim_config.rviz
[3.884s] -- Up-to-date: /home/olympusolutions/senior_ws/install/minibot/share/minibot/config/nav2_params.yaml
[3.884s] -- Up-to-date: /home/olympusolutions/senior_ws/install/minibot/share/minibot/config/joystick_params.yaml
[3.885s] -- Up-to-date: /home/olympusolutions/senior_ws/install/minibot/share/minibot/config/mapper_params_localization.yaml
[3.885s] -- Up-to-date: /home/olympusolutions/senior_ws/install/minibot/lib/minibot/extender_teleop_node.py
[3.892s] -- Up-to-date: /home/olympusolutions/senior_ws/install/minibot/lib/minibot/gripper_teleop_node.py
[3.893s] -- Up-to-date: /home/olympusolutions/senior_ws/install/minibot/lib/minibot/platform_teleop_node.py
[3.908s] -- Up-to-date: /home/olympusolutions/senior_ws/install/minibot/lib/minibot/linear_data_collector_node.py
[3.908s] -- Up-to-date: /home/olympusolutions/senior_ws/install/minibot/lib/minibot/imu_publisher_node.py
[3.908s] -- Up-to-date: /home/olympusolutions/senior_ws/install/minibot/lib/minibot/emergent_shutdown_node.py
[3.909s] -- Up-to-date: /home/olympusolutions/senior_ws/install/minibot/share/ament_index/resource_index/package_run_dependencies/minibot
[3.909s] -- Up-to-date: /home/olympusolutions/senior_ws/install/minibot/share/ament_index/resource_index/parent_prefix_path/minibot
[3.909s] -- Up-to-date: /home/olympusolutions/senior_ws/install/minibot/share/minibot/environment/ament_prefix_path.sh
[3.910s] -- Up-to-date: /home/olympusolutions/senior_ws/install/minibot/share/minibot/environment/ament_prefix_path.dsv
[3.910s] -- Up-to-date: /home/olympusolutions/senior_ws/install/minibot/share/minibot/environment/path.sh
[3.910s] -- Up-to-date: /home/olympusolutions/senior_ws/install/minibot/share/minibot/environment/path.dsv
[3.910s] -- Up-to-date: /home/olympusolutions/senior_ws/install/minibot/share/minibot/local_setup.bash
[3.910s] -- Up-to-date: /home/olympusolutions/senior_ws/install/minibot/share/minibot/local_setup.sh
[3.910s] -- Up-to-date: /home/olympusolutions/senior_ws/install/minibot/share/minibot/local_setup.zsh
[3.910s] -- Up-to-date: /home/olympusolutions/senior_ws/install/minibot/share/minibot/local_setup.dsv
[3.911s] -- Installing: /home/olympusolutions/senior_ws/install/minibot/share/minibot/package.dsv
[3.911s] -- Up-to-date: /home/olympusolutions/senior_ws/install/minibot/share/ament_index/resource_index/packages/minibot
[3.911s] -- Up-to-date: /home/olympusolutions/senior_ws/install/minibot/share/minibot/cmake/minibotConfig.cmake
[3.929s] -- Up-to-date: /home/olympusolutions/senior_ws/install/minibot/share/minibot/cmake/minibotConfig-version.cmake
[3.929s] -- Up-to-date: /home/olympusolutions/senior_ws/install/minibot/share/minibot/package.xml
[3.930s] Invoked command in '/home/olympusolutions/senior_ws/build/minibot' returned '0': CMAKE_PREFIX_PATH=${CMAKE_PREFIX_PATH}:/opt/ros/jazzy DEBUGINFOD_URLS=https://debuginfod.ubuntu.com /usr/bin/cmake --install /home/olympusolutions/senior_ws/build/minibot
