[5.896s] Invoking command in '/home/olympusolutions/senior_ws/src/riley_ws/src/listener_package': DEBUGINFOD_URLS=https://debuginfod.ubuntu.com PYTHONPATH=/home/olympusolutions/senior_ws/build/listener_package/prefix_override:/usr/lib/python3/dist-packages/colcon_core/task/python/colcon_distutils_commands:/home/olympusolutions/senior_ws/install/listener_package/lib/python3.12/site-packages:${PYTHONPATH} /usr/bin/python3 -W ignore:setup.py install is deprecated -W ignore:easy_install command is deprecated setup.py egg_info --egg-base ../../../../build/listener_package build --build-base /home/olympusolutions/senior_ws/build/listener_package/build install --record /home/olympusolutions/senior_ws/build/listener_package/install.log --single-version-externally-managed install_data
[8.298s] running egg_info
[8.488s] writing ../../../../build/listener_package/listener_package.egg-info/PKG-INFO
[8.489s] writing dependency_links to ../../../../build/listener_package/listener_package.egg-info/dependency_links.txt
[8.494s] writing entry points to ../../../../build/listener_package/listener_package.egg-info/entry_points.txt
[8.498s] writing requirements to ../../../../build/listener_package/listener_package.egg-info/requires.txt
[8.499s] writing top-level names to ../../../../build/listener_package/listener_package.egg-info/top_level.txt
[8.731s] reading manifest file '../../../../build/listener_package/listener_package.egg-info/SOURCES.txt'
[8.735s] adding license file 'LICENSE'
[8.736s] writing manifest file '../../../../build/listener_package/listener_package.egg-info/SOURCES.txt'
[8.739s] running build
[8.739s] running build_py
[8.741s] copying listener_package/__init__.py -> /home/olympusolutions/senior_ws/build/listener_package/build/lib/listener_package
[8.742s] copying listener_package/publisher_member_function.py -> /home/olympusolutions/senior_ws/build/listener_package/build/lib/listener_package
[8.742s] copying listener_package/phone_listener.py -> /home/olympusolutions/senior_ws/build/listener_package/build/lib/listener_package
[8.745s] copying listener_package/subscriber_member_function.py -> /home/olympusolutions/senior_ws/build/listener_package/build/lib/listener_package
[8.748s] copying listener_package/tcp_map_node.py -> /home/olympusolutions/senior_ws/build/listener_package/build/lib/listener_package
[8.748s] running install
[8.767s] running install_lib
[8.936s] copying /home/olympusolutions/senior_ws/build/listener_package/build/lib/listener_package/phone_listener.py -> /home/olympusolutions/senior_ws/install/listener_package/lib/python3.12/site-packages/listener_package
[8.939s] byte-compiling /home/olympusolutions/senior_ws/install/listener_package/lib/python3.12/site-packages/listener_package/phone_listener.py to phone_listener.cpython-312.pyc
[8.948s] running install_data
[8.948s] running install_egg_info
[9.042s] removing '/home/olympusolutions/senior_ws/install/listener_package/lib/python3.12/site-packages/listener_package-0.0.0-py3.12.egg-info' (and everything under it)
[9.042s] Copying ../../../../build/listener_package/listener_package.egg-info to /home/olympusolutions/senior_ws/install/listener_package/lib/python3.12/site-packages/listener_package-0.0.0-py3.12.egg-info
[9.046s] running install_scripts
[9.619s] Installing listener script to /home/olympusolutions/senior_ws/install/listener_package/lib/listener_package
[9.620s] Installing phone_listener script to /home/olympusolutions/senior_ws/install/listener_package/lib/listener_package
[9.621s] Installing talker script to /home/olympusolutions/senior_ws/install/listener_package/lib/listener_package
[9.622s] Installing tcp_map_node script to /home/olympusolutions/senior_ws/install/listener_package/lib/listener_package
[9.624s] writing list of installed files to '/home/olympusolutions/senior_ws/build/listener_package/install.log'
[9.816s] Invoked command in '/home/olympusolutions/senior_ws/src/riley_ws/src/listener_package' returned '0': DEBUGINFOD_URLS=https://debuginfod.ubuntu.com PYTHONPATH=/home/olympusolutions/senior_ws/build/listener_package/prefix_override:/usr/lib/python3/dist-packages/colcon_core/task/python/colcon_distutils_commands:/home/olympusolutions/senior_ws/install/listener_package/lib/python3.12/site-packages:${PYTHONPATH} /usr/bin/python3 -W ignore:setup.py install is deprecated -W ignore:easy_install command is deprecated setup.py egg_info --egg-base ../../../../build/listener_package build --build-base /home/olympusolutions/senior_ws/build/listener_package/build install --record /home/olympusolutions/senior_ws/build/listener_package/install.log --single-version-externally-managed install_data
