[7.192s] Invoking command in '/home/olympusolutions/senior_ws/src/riley_ws/src/listener_package': DEBUGINFOD_URLS=https://debuginfod.ubuntu.com PYTHONPATH=/home/olympusolutions/senior_ws/build/listener_package/prefix_override:/usr/lib/python3/dist-packages/colcon_core/task/python/colcon_distutils_commands:/home/olympusolutions/senior_ws/install/listener_package/lib/python3.12/site-packages:${PYTHONPATH} /usr/bin/python3 -W ignore:setup.py install is deprecated -W ignore:easy_install command is deprecated setup.py egg_info --egg-base ../../../../build/listener_package build --build-base /home/olympusolutions/senior_ws/build/listener_package/build install --record /home/olympusolutions/senior_ws/build/listener_package/install.log --single-version-externally-managed install_data
[9.034s] running egg_info
[9.162s] writing ../../../../build/listener_package/listener_package.egg-info/PKG-INFO
[9.251s] writing dependency_links to ../../../../build/listener_package/listener_package.egg-info/dependency_links.txt
[9.255s] writing entry points to ../../../../build/listener_package/listener_package.egg-info/entry_points.txt
[9.263s] writing requirements to ../../../../build/listener_package/listener_package.egg-info/requires.txt
[9.266s] writing top-level names to ../../../../build/listener_package/listener_package.egg-info/top_level.txt
[9.826s] reading manifest file '../../../../build/listener_package/listener_package.egg-info/SOURCES.txt'
[9.840s] adding license file 'LICENSE'
[9.843s] writing manifest file '../../../../build/listener_package/listener_package.egg-info/SOURCES.txt'
[9.843s] running build
[9.865s] running build_py
[9.865s] copying listener_package/phone_listener.py -> /home/olympusolutions/senior_ws/build/listener_package/build/lib/listener_package
[9.865s] running install
[9.933s] running install_lib
[10.142s] copying /home/olympusolutions/senior_ws/build/listener_package/build/lib/listener_package/phone_listener.py -> /home/olympusolutions/senior_ws/install/listener_package/lib/python3.12/site-packages/listener_package
[10.150s] byte-compiling /home/olympusolutions/senior_ws/install/listener_package/lib/python3.12/site-packages/listener_package/phone_listener.py to phone_listener.cpython-312.pyc
[10.158s] running install_data
[10.158s] running install_egg_info
[10.322s] removing '/home/olympusolutions/senior_ws/install/listener_package/lib/python3.12/site-packages/listener_package-0.0.0-py3.12.egg-info' (and everything under it)
[10.331s] Copying ../../../../build/listener_package/listener_package.egg-info to /home/olympusolutions/senior_ws/install/listener_package/lib/python3.12/site-packages/listener_package-0.0.0-py3.12.egg-info
[10.332s] running install_scripts
[11.507s] Installing listener script to /home/olympusolutions/senior_ws/install/listener_package/lib/listener_package
[11.508s] Installing map_publisher script to /home/olympusolutions/senior_ws/install/listener_package/lib/listener_package
[11.509s] Installing phone_listener script to /home/olympusolutions/senior_ws/install/listener_package/lib/listener_package
[11.511s] Installing talker script to /home/olympusolutions/senior_ws/install/listener_package/lib/listener_package
[11.512s] Installing tcp_map_node script to /home/olympusolutions/senior_ws/install/listener_package/lib/listener_package
[11.517s] writing list of installed files to '/home/olympusolutions/senior_ws/build/listener_package/install.log'
[11.759s] Invoked command in '/home/olympusolutions/senior_ws/src/riley_ws/src/listener_package' returned '0': DEBUGINFOD_URLS=https://debuginfod.ubuntu.com PYTHONPATH=/home/olympusolutions/senior_ws/build/listener_package/prefix_override:/usr/lib/python3/dist-packages/colcon_core/task/python/colcon_distutils_commands:/home/olympusolutions/senior_ws/install/listener_package/lib/python3.12/site-packages:${PYTHONPATH} /usr/bin/python3 -W ignore:setup.py install is deprecated -W ignore:easy_install command is deprecated setup.py egg_info --egg-base ../../../../build/listener_package build --build-base /home/olympusolutions/senior_ws/build/listener_package/build install --record /home/olympusolutions/senior_ws/build/listener_package/install.log --single-version-externally-managed install_data
