[0.847s] Invoking command in '/home/olympusolutions/senior_ws/build/serial': CMAKE_PREFIX_PATH=${CMAKE_PREFIX_PATH}:/opt/ros/jazzy DEBUGINFOD_URLS=https://debuginfod.ubuntu.com /usr/bin/cmake /home/olympusolutions/senior_ws/src/serial -DCMAKE_INSTALL_PREFIX=/home/olympusolutions/senior_ws/install/serial
[1.008s] -- The C compiler identification is GNU 13.3.0
[1.178s] -- The CXX compiler identification is GNU 13.3.0
[1.218s] -- Detecting C compiler ABI info
[1.559s] -- Detecting C compiler ABI info - done
[1.585s] -- Check for working C compiler: /usr/bin/cc - skipped
[1.585s] -- Detecting C compile features
[1.586s] -- Detecting C compile features - done
[1.607s] -- Detecting CXX compiler ABI info
[1.987s] -- Detecting CXX compiler ABI info - done
[2.013s] -- Check for working CXX compiler: /usr/bin/c++ - skipped
[2.013s] -- Detecting CXX compile features
[2.016s] -- Detecting CXX compile features - done
[2.025s] -- Found ament_cmake: 2.5.3 (/opt/ros/jazzy/share/ament_cmake/cmake)
[2.626s] -- Found Python3: /usr/bin/python3 (found version "3.12.3") found components: Interpreter 
[2.911s] -- Found ament_cmake_gtest: 2.5.3 (/opt/ros/jazzy/share/ament_cmake_gtest/cmake)
[2.945s] -- Found Boost: /usr/lib/aarch64-linux-gnu/cmake/Boost-1.83.0/BoostConfig.cmake (found version "1.83.0")  
[2.970s] -- Found gtest sources under '/opt/ros/jazzy/src/gtest_vendor': C++ tests using 'Google Test' will be built
[2.992s] -- Performing Test CMAKE_HAVE_LIBC_PTHREAD
[3.371s] -- Performing Test CMAKE_HAVE_LIBC_PTHREAD - Success
[3.376s] -- Found Threads: TRUE  
[3.819s] -- Configuring done (2.9s)
[3.844s] -- Generating done (0.0s)
[3.859s] -- Build files have been written to: /home/olympusolutions/senior_ws/build/serial
[3.881s] Invoked command in '/home/olympusolutions/senior_ws/build/serial' returned '0': CMAKE_PREFIX_PATH=${CMAKE_PREFIX_PATH}:/opt/ros/jazzy DEBUGINFOD_URLS=https://debuginfod.ubuntu.com /usr/bin/cmake /home/olympusolutions/senior_ws/src/serial -DCMAKE_INSTALL_PREFIX=/home/olympusolutions/senior_ws/install/serial
[3.882s] Invoking command in '/home/olympusolutions/senior_ws/build/serial': CMAKE_PREFIX_PATH=${CMAKE_PREFIX_PATH}:/opt/ros/jazzy DEBUGINFOD_URLS=https://debuginfod.ubuntu.com /usr/bin/cmake --build /home/olympusolutions/senior_ws/build/serial -- -j4 -l4
[4.031s] [  7%] [32mBuilding CXX object CMakeFiles/serial.dir/src/serial.cc.o[0m
[6.180s] [ 14%] [32mBuilding CXX object CMakeFiles/serial.dir/src/impl/unix.cc.o[0m
[8.290s] [ 21%] [32mBuilding CXX object CMakeFiles/serial.dir/src/impl/list_ports/list_ports_linux.cc.o[0m
[11.218s] [ 28%] [32m[1mLinking CXX static library libserial.a[0m
[11.522s] [ 28%] Built target serial
[11.706s] [ 35%] [32mBuilding CXX object gtest/CMakeFiles/gtest.dir/src/gtest-all.cc.o[0m
[24.129s] [ 42%] [32m[1mLinking CXX static library libgtest.a[0m
[24.470s] [ 42%] Built target gtest
[24.522s] [ 50%] [32mBuilding CXX object CMakeFiles/serial_example.dir/examples/serial_example.cc.o[0m
[25.540s] [ 57%] [32m[1mLinking CXX executable serial_example[0m
[25.795s] [ 57%] Built target serial_example
[25.849s] [ 64%] [32mBuilding CXX object gtest/CMakeFiles/gtest_main.dir/src/gtest_main.cc.o[0m
[30.240s] [ 71%] [32m[1mLinking CXX static library libgtest_main.a[0m
[30.365s] [ 71%] Built target gtest_main
[30.447s] [ 78%] [32mBuilding CXX object tests/CMakeFiles/serial-test.dir/unix_serial_tests.cc.o[0m
[32.404s] In file included from [01m[K/usr/include/boost/bind/detail/requires_cxx11.hpp:9[m[K,
[32.404s]                  from [01m[K/usr/include/boost/bind/bind.hpp:24[m[K,
[32.404s]                  from [01m[K/usr/include/boost/bind.hpp:29[m[K,
[32.404s]                  from [01m[K/home/olympusolutions/senior_ws/src/serial/tests/unix_serial_tests.cc:23[m[K:
[32.405s] [01m[K/usr/include/boost/bind.hpp:36:1:[m[K [01;36m[Knote: [m[K‘[01m[K#pragma message: The practice of declaring the Bind placeholders (_1, _2, ...) in the global namespace is deprecated. Please use <boost/bind/bind.hpp> + using namespace boost::placeholders, or define BOOST_BIND_GLOBAL_PLACEHOLDERS to retain the current behavior.[m[K’
[32.405s]    36 | [01;36m[KBOOST_PRAGMA_MESSAGE[m[K(
[32.405s]       | [01;36m[K^~~~~~~~~~~~~~~~~~~~[m[K
[32.901s] [ 85%] [32m[1mLinking CXX executable serial-test[0m
[33.238s] [ 85%] Built target serial-test
[33.285s] [ 92%] [32mBuilding CXX object tests/CMakeFiles/serial-test-timer.dir/unit/unix_timer_tests.cc.o[0m
[34.847s] [100%] [32m[1mLinking CXX executable serial-test-timer[0m
[35.191s] [100%] Built target serial-test-timer
[35.222s] Invoked command in '/home/olympusolutions/senior_ws/build/serial' returned '0': CMAKE_PREFIX_PATH=${CMAKE_PREFIX_PATH}:/opt/ros/jazzy DEBUGINFOD_URLS=https://debuginfod.ubuntu.com /usr/bin/cmake --build /home/olympusolutions/senior_ws/build/serial -- -j4 -l4
[35.227s] Invoking command in '/home/olympusolutions/senior_ws/build/serial': CMAKE_PREFIX_PATH=${CMAKE_PREFIX_PATH}:/opt/ros/jazzy DEBUGINFOD_URLS=https://debuginfod.ubuntu.com /usr/bin/cmake --install /home/olympusolutions/senior_ws/build/serial
[35.263s] -- Install configuration: ""
[35.265s] -- Installing: /home/olympusolutions/senior_ws/install/serial/lib/libserial.a
[35.270s] -- Installing: /home/olympusolutions/senior_ws/install/serial/include/serial/serial.h
[35.270s] -- Installing: /home/olympusolutions/senior_ws/install/serial/include/serial/v8stdint.h
[35.270s] -- Installing: /home/olympusolutions/senior_ws/install/serial/share/serial/environment/library_path.sh
[35.270s] -- Installing: /home/olympusolutions/senior_ws/install/serial/share/serial/environment/library_path.dsv
[35.273s] -- Installing: /home/olympusolutions/senior_ws/install/serial/share/ament_index/resource_index/package_run_dependencies/serial
[35.273s] -- Installing: /home/olympusolutions/senior_ws/install/serial/share/ament_index/resource_index/parent_prefix_path/serial
[35.273s] -- Installing: /home/olympusolutions/senior_ws/install/serial/share/serial/environment/ament_prefix_path.sh
[35.274s] -- Installing: /home/olympusolutions/senior_ws/install/serial/share/serial/environment/ament_prefix_path.dsv
[35.274s] -- Installing: /home/olympusolutions/senior_ws/install/serial/share/serial/environment/path.sh
[35.276s] -- Installing: /home/olympusolutions/senior_ws/install/serial/share/serial/environment/path.dsv
[35.277s] -- Installing: /home/olympusolutions/senior_ws/install/serial/share/serial/local_setup.bash
[35.279s] -- Installing: /home/olympusolutions/senior_ws/install/serial/share/serial/local_setup.sh
[35.280s] -- Installing: /home/olympusolutions/senior_ws/install/serial/share/serial/local_setup.zsh
[35.280s] -- Installing: /home/olympusolutions/senior_ws/install/serial/share/serial/local_setup.dsv
[35.283s] -- Installing: /home/olympusolutions/senior_ws/install/serial/share/serial/package.dsv
[35.283s] -- Installing: /home/olympusolutions/senior_ws/install/serial/share/ament_index/resource_index/packages/serial
[35.287s] -- Installing: /home/olympusolutions/senior_ws/install/serial/share/serial/cmake/ament_cmake_export_include_directories-extras.cmake
[35.287s] -- Installing: /home/olympusolutions/senior_ws/install/serial/share/serial/cmake/ament_cmake_export_libraries-extras.cmake
[35.288s] -- Installing: /home/olympusolutions/senior_ws/install/serial/share/serial/cmake/serialConfig.cmake
[35.288s] -- Installing: /home/olympusolutions/senior_ws/install/serial/share/serial/cmake/serialConfig-version.cmake
[35.289s] -- Installing: /home/olympusolutions/senior_ws/install/serial/share/serial/package.xml
[35.297s] Invoked command in '/home/olympusolutions/senior_ws/build/serial' returned '0': CMAKE_PREFIX_PATH=${CMAKE_PREFIX_PATH}:/opt/ros/jazzy DEBUGINFOD_URLS=https://debuginfod.ubuntu.com /usr/bin/cmake --install /home/olympusolutions/senior_ws/build/serial
