[2.960s] Invoking command in '/home/olympusolutions/senior_ws/build/listener_package': DEBUGINFOD_URLS=https://debuginfod.ubuntu.com PYTHONPATH=/home/olympusolutions/senior_ws/build/listener_package/prefix_override:/usr/lib/python3/dist-packages/colcon_core/task/python/colcon_distutils_commands:/home/olympusolutions/senior_ws/install/listener_package/lib/python3.12/site-packages:${PYTHONPATH} /usr/bin/python3 -W ignore:setup.py install is deprecated -W ignore:easy_install command is deprecated setup.py develop --editable --build-directory /home/olympusolutions/senior_ws/build/listener_package/build --no-deps symlink_data
[4.394s] running develop
[5.284s] running egg_info
[5.367s] writing listener_package.egg-info/PKG-INFO
[5.370s] writing dependency_links to listener_package.egg-info/dependency_links.txt
[5.371s] writing entry points to listener_package.egg-info/entry_points.txt
[5.371s] writing requirements to listener_package.egg-info/requires.txt
[5.371s] writing top-level names to listener_package.egg-info/top_level.txt
[5.686s] reading manifest file 'listener_package.egg-info/SOURCES.txt'
[5.686s] writing manifest file 'listener_package.egg-info/SOURCES.txt'
[5.757s] running build_ext
[5.758s] Creating /home/olympusolutions/senior_ws/install/listener_package/lib/python3.12/site-packages/listener-package.egg-link (link to .)
[5.759s] Installing listener script to /home/olympusolutions/senior_ws/install/listener_package/lib/listener_package
[5.766s] Installing map_publisher script to /home/olympusolutions/senior_ws/install/listener_package/lib/listener_package
[5.767s] Installing phone_listener script to /home/olympusolutions/senior_ws/install/listener_package/lib/listener_package
[5.770s] Installing talker script to /home/olympusolutions/senior_ws/install/listener_package/lib/listener_package
[5.770s] Installing tcp_map_node script to /home/olympusolutions/senior_ws/install/listener_package/lib/listener_package
[5.775s] 
[5.776s] Installed /home/olympusolutions/senior_ws/build/listener_package
[5.780s] running symlink_data
[6.070s] Invoked command in '/home/olympusolutions/senior_ws/build/listener_package' returned '0': DEBUGINFOD_URLS=https://debuginfod.ubuntu.com PYTHONPATH=/home/olympusolutions/senior_ws/build/listener_package/prefix_override:/usr/lib/python3/dist-packages/colcon_core/task/python/colcon_distutils_commands:/home/olympusolutions/senior_ws/install/listener_package/lib/python3.12/site-packages:${PYTHONPATH} /usr/bin/python3 -W ignore:setup.py install is deprecated -W ignore:easy_install command is deprecated setup.py develop --editable --build-directory /home/olympusolutions/senior_ws/build/listener_package/build --no-deps symlink_data
