[2.142s] Invoking command in '/home/olympusolutions/senior_ws/src/riley_ws/src/listener_package': DEBUGINFOD_URLS=https://debuginfod.ubuntu.com PYTHONPATH=/home/olympusolutions/senior_ws/build/listener_package/prefix_override:/usr/lib/python3/dist-packages/colcon_core/task/python/colcon_distutils_commands:/home/olympusolutions/senior_ws/install/listener_package/lib/python3.12/site-packages:${PYTHONPATH} /usr/bin/python3 -W ignore:setup.py install is deprecated -W ignore:easy_install command is deprecated setup.py egg_info --egg-base ../../../../build/listener_package build --build-base /home/olympusolutions/senior_ws/build/listener_package/build install --record /home/olympusolutions/senior_ws/build/listener_package/install.log --single-version-externally-managed install_data
[2.750s] running egg_info
[2.791s] writing ../../../../build/listener_package/listener_package.egg-info/PKG-INFO
[2.794s] writing dependency_links to ../../../../build/listener_package/listener_package.egg-info/dependency_links.txt
[2.794s] writing entry points to ../../../../build/listener_package/listener_package.egg-info/entry_points.txt
[2.796s] writing requirements to ../../../../build/listener_package/listener_package.egg-info/requires.txt
[2.797s] writing top-level names to ../../../../build/listener_package/listener_package.egg-info/top_level.txt
[2.865s] reading manifest file '../../../../build/listener_package/listener_package.egg-info/SOURCES.txt'
[2.948s] adding license file 'LICENSE'
[2.948s] writing manifest file '../../../../build/listener_package/listener_package.egg-info/SOURCES.txt'
[2.950s] running build
[2.952s] running build_py
[2.981s] copying listener_package/phone_listener.py -> /home/olympusolutions/senior_ws/build/listener_package/build/lib/listener_package
[2.987s] running install
[3.010s] running install_lib
[3.072s] copying /home/olympusolutions/senior_ws/build/listener_package/build/lib/listener_package/phone_listener.py -> /home/olympusolutions/senior_ws/install/listener_package/lib/python3.12/site-packages/listener_package
[3.077s] byte-compiling /home/olympusolutions/senior_ws/install/listener_package/lib/python3.12/site-packages/listener_package/phone_listener.py to phone_listener.cpython-312.pyc
[3.080s] running install_data
[3.080s] running install_egg_info
[3.146s] removing '/home/olympusolutions/senior_ws/install/listener_package/lib/python3.12/site-packages/listener_package-0.0.0-py3.12.egg-info' (and everything under it)
[3.147s] Copying ../../../../build/listener_package/listener_package.egg-info to /home/olympusolutions/senior_ws/install/listener_package/lib/python3.12/site-packages/listener_package-0.0.0-py3.12.egg-info
[3.159s] running install_scripts
[3.503s] Installing listener script to /home/olympusolutions/senior_ws/install/listener_package/lib/listener_package
[3.503s] Installing phone_listener script to /home/olympusolutions/senior_ws/install/listener_package/lib/listener_package
[3.506s] Installing talker script to /home/olympusolutions/senior_ws/install/listener_package/lib/listener_package
[3.508s] Installing tcp_map_node script to /home/olympusolutions/senior_ws/install/listener_package/lib/listener_package
[3.513s] writing list of installed files to '/home/olympusolutions/senior_ws/build/listener_package/install.log'
[3.906s] Invoked command in '/home/olympusolutions/senior_ws/src/riley_ws/src/listener_package' returned '0': DEBUGINFOD_URLS=https://debuginfod.ubuntu.com PYTHONPATH=/home/olympusolutions/senior_ws/build/listener_package/prefix_override:/usr/lib/python3/dist-packages/colcon_core/task/python/colcon_distutils_commands:/home/olympusolutions/senior_ws/install/listener_package/lib/python3.12/site-packages:${PYTHONPATH} /usr/bin/python3 -W ignore:setup.py install is deprecated -W ignore:easy_install command is deprecated setup.py egg_info --egg-base ../../../../build/listener_package build --build-base /home/olympusolutions/senior_ws/build/listener_package/build install --record /home/olympusolutions/senior_ws/build/listener_package/install.log --single-version-externally-managed install_data
