[9.105s] Invoking command in '/home/olympusolutions/senior_ws/src/riley_ws/src/my_package': DEBUGINFOD_URLS=https://debuginfod.ubuntu.com PYTHONPATH=/home/olympusolutions/senior_ws/build/my_package/prefix_override:/usr/lib/python3/dist-packages/colcon_core/task/python/colcon_distutils_commands:/home/olympusolutions/senior_ws/install/my_package/lib/python3.12/site-packages:${PYTHONPATH} /usr/bin/python3 -W ignore:setup.py install is deprecated -W ignore:easy_install command is deprecated setup.py egg_info --egg-base ../../../../build/my_package build --build-base /home/olympusolutions/senior_ws/build/my_package/build install --record /home/olympusolutions/senior_ws/build/my_package/install.log --single-version-externally-managed install_data
[12.057s] running egg_info
[12.147s] writing ../../../../build/my_package/my_package.egg-info/PKG-INFO
[12.159s] writing dependency_links to ../../../../build/my_package/my_package.egg-info/dependency_links.txt
[12.162s] writing entry points to ../../../../build/my_package/my_package.egg-info/entry_points.txt
[12.167s] writing requirements to ../../../../build/my_package/my_package.egg-info/requires.txt
[12.186s] writing top-level names to ../../../../build/my_package/my_package.egg-info/top_level.txt
[12.597s] reading manifest file '../../../../build/my_package/my_package.egg-info/SOURCES.txt'
[12.600s] adding license file 'LICENSE'
[12.611s] writing manifest file '../../../../build/my_package/my_package.egg-info/SOURCES.txt'
[12.619s] running build
[12.624s] running build_py
[12.630s] running install
[12.709s] running install_lib
[13.049s] running install_data
[13.056s] running install_egg_info
[13.245s] removing '/home/olympusolutions/senior_ws/install/my_package/lib/python3.12/site-packages/my_package-0.0.0-py3.12.egg-info' (and everything under it)
[13.258s] Copying ../../../../build/my_package/my_package.egg-info to /home/olympusolutions/senior_ws/install/my_package/lib/python3.12/site-packages/my_package-0.0.0-py3.12.egg-info
[13.272s] running install_scripts
[15.138s] Installing my_node script to /home/olympusolutions/senior_ws/install/my_package/lib/my_package
[15.139s] writing list of installed files to '/home/olympusolutions/senior_ws/build/my_package/install.log'
[15.572s] Invoked command in '/home/olympusolutions/senior_ws/src/riley_ws/src/my_package' returned '0': DEBUGINFOD_URLS=https://debuginfod.ubuntu.com PYTHONPATH=/home/olympusolutions/senior_ws/build/my_package/prefix_override:/usr/lib/python3/dist-packages/colcon_core/task/python/colcon_distutils_commands:/home/olympusolutions/senior_ws/install/my_package/lib/python3.12/site-packages:${PYTHONPATH} /usr/bin/python3 -W ignore:setup.py install is deprecated -W ignore:easy_install command is deprecated setup.py egg_info --egg-base ../../../../build/my_package build --build-base /home/olympusolutions/senior_ws/build/my_package/build install --record /home/olympusolutions/senior_ws/build/my_package/install.log --single-version-externally-managed install_data
