[21.155s] Invoking command in '/home/olympusolutions/senior_ws/src/twist_stamper': DEBUGINFOD_URLS=https://debuginfod.ubuntu.com PYTHONPATH=/home/olympusolutions/senior_ws/build/twist_stamper/prefix_override:/usr/lib/python3/dist-packages/colcon_core/task/python/colcon_distutils_commands:/home/olympusolutions/senior_ws/install/twist_stamper/lib/python3.12/site-packages:${PYTHONPATH} /usr/bin/python3 -W ignore:setup.py install is deprecated -W ignore:easy_install command is deprecated setup.py egg_info --egg-base ../../build/twist_stamper build --build-base /home/olympusolutions/senior_ws/build/twist_stamper/build install --record /home/olympusolutions/senior_ws/build/twist_stamper/install.log --single-version-externally-managed install_data
[28.023s] running egg_info
[28.259s] writing ../../build/twist_stamper/twist_stamper.egg-info/PKG-INFO
[28.260s] writing dependency_links to ../../build/twist_stamper/twist_stamper.egg-info/dependency_links.txt
[28.260s] writing entry points to ../../build/twist_stamper/twist_stamper.egg-info/entry_points.txt
[28.260s] writing requirements to ../../build/twist_stamper/twist_stamper.egg-info/requires.txt
[28.260s] writing top-level names to ../../build/twist_stamper/twist_stamper.egg-info/top_level.txt
[28.740s] reading manifest file '../../build/twist_stamper/twist_stamper.egg-info/SOURCES.txt'
[28.755s] adding license file 'LICENSE'
[28.755s] writing manifest file '../../build/twist_stamper/twist_stamper.egg-info/SOURCES.txt'
[28.755s] running build
[28.773s] running build_py
[28.783s] running install
[28.795s] running install_lib
[29.450s] running install_data
[29.454s] running install_egg_info
[30.128s] removing '/home/olympusolutions/senior_ws/install/twist_stamper/lib/python3.12/site-packages/twist_stamper-0.0.5-py3.12.egg-info' (and everything under it)
[30.128s] Copying ../../build/twist_stamper/twist_stamper.egg-info to /home/olympusolutions/senior_ws/install/twist_stamper/lib/python3.12/site-packages/twist_stamper-0.0.5-py3.12.egg-info
[30.151s] running install_scripts
[32.044s] Installing twist_stamper script to /home/olympusolutions/senior_ws/install/twist_stamper/lib/twist_stamper
[32.045s] Installing twist_unstamper script to /home/olympusolutions/senior_ws/install/twist_stamper/lib/twist_stamper
[32.056s] writing list of installed files to '/home/olympusolutions/senior_ws/build/twist_stamper/install.log'
[32.822s] Invoked command in '/home/olympusolutions/senior_ws/src/twist_stamper' returned '0': DEBUGINFOD_URLS=https://debuginfod.ubuntu.com PYTHONPATH=/home/olympusolutions/senior_ws/build/twist_stamper/prefix_override:/usr/lib/python3/dist-packages/colcon_core/task/python/colcon_distutils_commands:/home/olympusolutions/senior_ws/install/twist_stamper/lib/python3.12/site-packages:${PYTHONPATH} /usr/bin/python3 -W ignore:setup.py install is deprecated -W ignore:easy_install command is deprecated setup.py egg_info --egg-base ../../build/twist_stamper build --build-base /home/olympusolutions/senior_ws/build/twist_stamper/build install --record /home/olympusolutions/senior_ws/build/twist_stamper/install.log --single-version-externally-managed install_data
