[3.896s] Invoking command in '/home/olympusolutions/senior_ws/src/riley_ws/src/my_package': DEBUGINFOD_URLS=https://debuginfod.ubuntu.com PYTHONPATH=/home/olympusolutions/senior_ws/build/my_package/prefix_override:/usr/lib/python3/dist-packages/colcon_core/task/python/colcon_distutils_commands:/home/olympusolutions/senior_ws/install/my_package/lib/python3.12/site-packages:${PYTHONPATH} /usr/bin/python3 -W ignore:setup.py install is deprecated -W ignore:easy_install command is deprecated setup.py egg_info --egg-base ../../../../build/my_package build --build-base /home/olympusolutions/senior_ws/build/my_package/build install --record /home/olympusolutions/senior_ws/build/my_package/install.log --single-version-externally-managed install_data
[5.028s] running egg_info
[5.137s] writing ../../../../build/my_package/my_package.egg-info/PKG-INFO
[5.141s] writing dependency_links to ../../../../build/my_package/my_package.egg-info/dependency_links.txt
[5.143s] writing entry points to ../../../../build/my_package/my_package.egg-info/entry_points.txt
[5.147s] writing requirements to ../../../../build/my_package/my_package.egg-info/requires.txt
[5.147s] writing top-level names to ../../../../build/my_package/my_package.egg-info/top_level.txt
[5.324s] reading manifest file '../../../../build/my_package/my_package.egg-info/SOURCES.txt'
[5.328s] adding license file 'LICENSE'
[5.331s] writing manifest file '../../../../build/my_package/my_package.egg-info/SOURCES.txt'
[5.331s] running build
[5.331s] running build_py
[5.334s] copying my_package/__init__.py -> /home/olympusolutions/senior_ws/build/my_package/build/lib/my_package
[5.334s] copying my_package/my_node.py -> /home/olympusolutions/senior_ws/build/my_package/build/lib/my_package
[5.335s] running install
[5.351s] running install_lib
[5.423s] running install_data
[5.427s] running install_egg_info
[5.502s] removing '/home/olympusolutions/senior_ws/install/my_package/lib/python3.12/site-packages/my_package-0.0.0-py3.12.egg-info' (and everything under it)
[5.503s] Copying ../../../../build/my_package/my_package.egg-info to /home/olympusolutions/senior_ws/install/my_package/lib/python3.12/site-packages/my_package-0.0.0-py3.12.egg-info
[5.509s] running install_scripts
[5.980s] Installing my_node script to /home/olympusolutions/senior_ws/install/my_package/lib/my_package
[5.992s] writing list of installed files to '/home/olympusolutions/senior_ws/build/my_package/install.log'
[6.214s] Invoked command in '/home/olympusolutions/senior_ws/src/riley_ws/src/my_package' returned '0': DEBUGINFOD_URLS=https://debuginfod.ubuntu.com PYTHONPATH=/home/olympusolutions/senior_ws/build/my_package/prefix_override:/usr/lib/python3/dist-packages/colcon_core/task/python/colcon_distutils_commands:/home/olympusolutions/senior_ws/install/my_package/lib/python3.12/site-packages:${PYTHONPATH} /usr/bin/python3 -W ignore:setup.py install is deprecated -W ignore:easy_install command is deprecated setup.py egg_info --egg-base ../../../../build/my_package build --build-base /home/olympusolutions/senior_ws/build/my_package/build install --record /home/olympusolutions/senior_ws/build/my_package/install.log --single-version-externally-managed install_data
