[1.571s] Invoking command in '/home/olympusolutions/senior_ws/build/serial': CMAKE_PREFIX_PATH=${CMAKE_PREFIX_PATH}:/home/olympusolutions/senior_ws/install/twist_stamper:/home/olympusolutions/senior_ws/install/serial_motor_demo:/home/olympusolutions/senior_ws/install/my_package:/home/olympusolutions/senior_ws/install/listener_package:/home/olympusolutions/senior_ws/install/joy_tester:/opt/ros/jazzy DEBUGINFOD_URLS=https://debuginfod.ubuntu.com /usr/bin/cmake --build /home/olympusolutions/senior_ws/build/serial -- -j4 -l4
[2.130s] [ 28%] Built target serial
[2.269s] [ 42%] Built target gtest_main
[2.318s] [ 57%] Built target gtest
[2.483s] [ 71%] Built target serial_example
[2.565s] [ 85%] Built target serial-test
[2.573s] [100%] Built target serial-test-timer
[2.669s] Invoked command in '/home/olympusolutions/senior_ws/build/serial' returned '0': CMAKE_PREFIX_PATH=${CMAKE_PREFIX_PATH}:/home/olympusolutions/senior_ws/install/twist_stamper:/home/olympusolutions/senior_ws/install/serial_motor_demo:/home/olympusolutions/senior_ws/install/my_package:/home/olympusolutions/senior_ws/install/listener_package:/home/olympusolutions/senior_ws/install/joy_tester:/opt/ros/jazzy DEBUGINFOD_URLS=https://debuginfod.ubuntu.com /usr/bin/cmake --build /home/olympusolutions/senior_ws/build/serial -- -j4 -l4
[2.678s] Invoking command in '/home/olympusolutions/senior_ws/build/serial': CMAKE_PREFIX_PATH=${CMAKE_PREFIX_PATH}:/home/olympusolutions/senior_ws/install/twist_stamper:/home/olympusolutions/senior_ws/install/serial_motor_demo:/home/olympusolutions/senior_ws/install/my_package:/home/olympusolutions/senior_ws/install/listener_package:/home/olympusolutions/senior_ws/install/joy_tester:/opt/ros/jazzy DEBUGINFOD_URLS=https://debuginfod.ubuntu.com /usr/bin/cmake --install /home/olympusolutions/senior_ws/build/serial
[2.833s] -- Install configuration: ""
[2.838s] -- Up-to-date: /home/olympusolutions/senior_ws/install/serial/lib/libserial.a
[2.839s] -- Up-to-date: /home/olympusolutions/senior_ws/install/serial/include/serial/serial.h
[2.839s] -- Up-to-date: /home/olympusolutions/senior_ws/install/serial/include/serial/v8stdint.h
[2.839s] -- Up-to-date: /home/olympusolutions/senior_ws/install/serial/share/serial/environment/library_path.sh
[2.839s] -- Up-to-date: /home/olympusolutions/senior_ws/install/serial/share/serial/environment/library_path.dsv
[2.840s] -- Up-to-date: /home/olympusolutions/senior_ws/install/serial/share/ament_index/resource_index/package_run_dependencies/serial
[2.846s] -- Up-to-date: /home/olympusolutions/senior_ws/install/serial/share/ament_index/resource_index/parent_prefix_path/serial
[2.847s] -- Up-to-date: /home/olympusolutions/senior_ws/install/serial/share/serial/environment/ament_prefix_path.sh
[2.847s] -- Up-to-date: /home/olympusolutions/senior_ws/install/serial/share/serial/environment/ament_prefix_path.dsv
[2.847s] -- Up-to-date: /home/olympusolutions/senior_ws/install/serial/share/serial/environment/path.sh
[2.847s] -- Up-to-date: /home/olympusolutions/senior_ws/install/serial/share/serial/environment/path.dsv
[2.848s] -- Up-to-date: /home/olympusolutions/senior_ws/install/serial/share/serial/local_setup.bash
[2.848s] -- Up-to-date: /home/olympusolutions/senior_ws/install/serial/share/serial/local_setup.sh
[2.848s] -- Up-to-date: /home/olympusolutions/senior_ws/install/serial/share/serial/local_setup.zsh
[2.853s] -- Up-to-date: /home/olympusolutions/senior_ws/install/serial/share/serial/local_setup.dsv
[2.864s] -- Installing: /home/olympusolutions/senior_ws/install/serial/share/serial/package.dsv
[2.866s] -- Up-to-date: /home/olympusolutions/senior_ws/install/serial/share/ament_index/resource_index/packages/serial
[2.876s] -- Up-to-date: /home/olympusolutions/senior_ws/install/serial/share/serial/cmake/ament_cmake_export_include_directories-extras.cmake
[2.877s] -- Up-to-date: /home/olympusolutions/senior_ws/install/serial/share/serial/cmake/ament_cmake_export_libraries-extras.cmake
[2.877s] -- Up-to-date: /home/olympusolutions/senior_ws/install/serial/share/serial/cmake/serialConfig.cmake
[2.877s] -- Up-to-date: /home/olympusolutions/senior_ws/install/serial/share/serial/cmake/serialConfig-version.cmake
[2.878s] -- Up-to-date: /home/olympusolutions/senior_ws/install/serial/share/serial/package.xml
[2.919s] Invoked command in '/home/olympusolutions/senior_ws/build/serial' returned '0': CMAKE_PREFIX_PATH=${CMAKE_PREFIX_PATH}:/home/olympusolutions/senior_ws/install/twist_stamper:/home/olympusolutions/senior_ws/install/serial_motor_demo:/home/olympusolutions/senior_ws/install/my_package:/home/olympusolutions/senior_ws/install/listener_package:/home/olympusolutions/senior_ws/install/joy_tester:/opt/ros/jazzy DEBUGINFOD_URLS=https://debuginfod.ubuntu.com /usr/bin/cmake --install /home/olympusolutions/senior_ws/build/serial
