[17.632s] Invoking command in '/home/olympusolutions/senior_ws/src/riley_ws/src/listener_package': DEBUGINFOD_URLS=https://debuginfod.ubuntu.com PYTHONPATH=/home/olympusolutions/senior_ws/build/listener_package/prefix_override:/usr/lib/python3/dist-packages/colcon_core/task/python/colcon_distutils_commands:/home/olympusolutions/senior_ws/install/listener_package/lib/python3.12/site-packages:${PYTHONPATH} /usr/bin/python3 -W ignore:setup.py install is deprecated -W ignore:easy_install command is deprecated setup.py egg_info --egg-base ../../../../build/listener_package build --build-base /home/olympusolutions/senior_ws/build/listener_package/build install --record /home/olympusolutions/senior_ws/build/listener_package/install.log --single-version-externally-managed install_data
[28.610s] running egg_info
[29.449s] writing ../../../../build/listener_package/listener_package.egg-info/PKG-INFO
[29.461s] writing dependency_links to ../../../../build/listener_package/listener_package.egg-info/dependency_links.txt
[29.485s] writing entry points to ../../../../build/listener_package/listener_package.egg-info/entry_points.txt
[29.495s] writing requirements to ../../../../build/listener_package/listener_package.egg-info/requires.txt
[29.513s] writing top-level names to ../../../../build/listener_package/listener_package.egg-info/top_level.txt
[32.366s] reading manifest file '../../../../build/listener_package/listener_package.egg-info/SOURCES.txt'
[32.376s] adding license file 'LICENSE'
[32.395s] writing manifest file '../../../../build/listener_package/listener_package.egg-info/SOURCES.txt'
[32.395s] running build
[32.396s] running build_py
[32.396s] copying listener_package/phone_listener.py -> /home/olympusolutions/senior_ws/build/listener_package/build/lib/listener_package
[32.418s] running install
[32.605s] running install_lib
[33.732s] copying /home/olympusolutions/senior_ws/build/listener_package/build/lib/listener_package/phone_listener.py -> /home/olympusolutions/senior_ws/install/listener_package/lib/python3.12/site-packages/listener_package
[33.744s] byte-compiling /home/olympusolutions/senior_ws/install/listener_package/lib/python3.12/site-packages/listener_package/phone_listener.py to phone_listener.cpython-312.pyc
[33.744s] running install_data
[33.745s] running install_egg_info
[34.059s] removing '/home/olympusolutions/senior_ws/install/listener_package/lib/python3.12/site-packages/listener_package-0.0.0-py3.12.egg-info' (and everything under it)
[34.073s] Copying ../../../../build/listener_package/listener_package.egg-info to /home/olympusolutions/senior_ws/install/listener_package/lib/python3.12/site-packages/listener_package-0.0.0-py3.12.egg-info
[34.096s] running install_scripts
[38.519s] Installing listener script to /home/olympusolutions/senior_ws/install/listener_package/lib/listener_package
[38.534s] Installing map_publisher script to /home/olympusolutions/senior_ws/install/listener_package/lib/listener_package
[38.534s] Installing phone_listener script to /home/olympusolutions/senior_ws/install/listener_package/lib/listener_package
[38.554s] Installing talker script to /home/olympusolutions/senior_ws/install/listener_package/lib/listener_package
[38.554s] Installing tcp_map_node script to /home/olympusolutions/senior_ws/install/listener_package/lib/listener_package
[38.568s] writing list of installed files to '/home/olympusolutions/senior_ws/build/listener_package/install.log'
[41.401s] Invoked command in '/home/olympusolutions/senior_ws/src/riley_ws/src/listener_package' returned '0': DEBUGINFOD_URLS=https://debuginfod.ubuntu.com PYTHONPATH=/home/olympusolutions/senior_ws/build/listener_package/prefix_override:/usr/lib/python3/dist-packages/colcon_core/task/python/colcon_distutils_commands:/home/olympusolutions/senior_ws/install/listener_package/lib/python3.12/site-packages:${PYTHONPATH} /usr/bin/python3 -W ignore:setup.py install is deprecated -W ignore:easy_install command is deprecated setup.py egg_info --egg-base ../../../../build/listener_package build --build-base /home/olympusolutions/senior_ws/build/listener_package/build install --record /home/olympusolutions/senior_ws/build/listener_package/install.log --single-version-externally-managed install_data
