[12.085s] Invoking command in '/home/olympusolutions/senior_ws/src/riley_ws/src/my_package': DEBUGINFOD_URLS=https://debuginfod.ubuntu.com PYTHONPATH=/home/olympusolutions/senior_ws/build/my_package/prefix_override:/usr/lib/python3/dist-packages/colcon_core/task/python/colcon_distutils_commands:/home/olympusolutions/senior_ws/install/my_package/lib/python3.12/site-packages:${PYTHONPATH} /usr/bin/python3 -W ignore:setup.py install is deprecated -W ignore:easy_install command is deprecated setup.py egg_info --egg-base ../../../../build/my_package build --build-base /home/olympusolutions/senior_ws/build/my_package/build install --record /home/olympusolutions/senior_ws/build/my_package/install.log --single-version-externally-managed install_data
[19.403s] running egg_info
[19.641s] writing ../../../../build/my_package/my_package.egg-info/PKG-INFO
[19.664s] writing dependency_links to ../../../../build/my_package/my_package.egg-info/dependency_links.txt
[19.681s] writing entry points to ../../../../build/my_package/my_package.egg-info/entry_points.txt
[19.682s] writing requirements to ../../../../build/my_package/my_package.egg-info/requires.txt
[19.683s] writing top-level names to ../../../../build/my_package/my_package.egg-info/top_level.txt
[20.860s] reading manifest file '../../../../build/my_package/my_package.egg-info/SOURCES.txt'
[20.876s] adding license file 'LICENSE'
[20.894s] writing manifest file '../../../../build/my_package/my_package.egg-info/SOURCES.txt'
[20.903s] running build
[20.904s] running build_py
[20.924s] running install
[21.059s] running install_lib
[21.633s] running install_data
[21.639s] running install_egg_info
[21.897s] removing '/home/olympusolutions/senior_ws/install/my_package/lib/python3.12/site-packages/my_package-0.0.0-py3.12.egg-info' (and everything under it)
[21.901s] Copying ../../../../build/my_package/my_package.egg-info to /home/olympusolutions/senior_ws/install/my_package/lib/python3.12/site-packages/my_package-0.0.0-py3.12.egg-info
[21.906s] running install_scripts
[23.808s] Installing my_node script to /home/olympusolutions/senior_ws/install/my_package/lib/my_package
[23.816s] writing list of installed files to '/home/olympusolutions/senior_ws/build/my_package/install.log'
[24.158s] Invoked command in '/home/olympusolutions/senior_ws/src/riley_ws/src/my_package' returned '0': DEBUGINFOD_URLS=https://debuginfod.ubuntu.com PYTHONPATH=/home/olympusolutions/senior_ws/build/my_package/prefix_override:/usr/lib/python3/dist-packages/colcon_core/task/python/colcon_distutils_commands:/home/olympusolutions/senior_ws/install/my_package/lib/python3.12/site-packages:${PYTHONPATH} /usr/bin/python3 -W ignore:setup.py install is deprecated -W ignore:easy_install command is deprecated setup.py egg_info --egg-base ../../../../build/my_package build --build-base /home/olympusolutions/senior_ws/build/my_package/build install --record /home/olympusolutions/senior_ws/build/my_package/install.log --single-version-externally-managed install_data
