[2.423s] Invoking command in '/home/olympusolutions/senior_ws/src/riley_ws/src/my_package': DEBUGINFOD_URLS=https://debuginfod.ubuntu.com PYTHONPATH=/home/olympusolutions/senior_ws/build/my_package/prefix_override:/usr/lib/python3/dist-packages/colcon_core/task/python/colcon_distutils_commands:/home/olympusolutions/senior_ws/install/my_package/lib/python3.12/site-packages:${PYTHONPATH} /usr/bin/python3 -W ignore:setup.py install is deprecated -W ignore:easy_install command is deprecated setup.py egg_info --egg-base ../../../../build/my_package build --build-base /home/olympusolutions/senior_ws/build/my_package/build install --record /home/olympusolutions/senior_ws/build/my_package/install.log --single-version-externally-managed install_data
[3.070s] running egg_info
[3.102s] writing ../../../../build/my_package/my_package.egg-info/PKG-INFO
[3.106s] writing dependency_links to ../../../../build/my_package/my_package.egg-info/dependency_links.txt
[3.108s] writing entry points to ../../../../build/my_package/my_package.egg-info/entry_points.txt
[3.108s] writing requirements to ../../../../build/my_package/my_package.egg-info/requires.txt
[3.108s] writing top-level names to ../../../../build/my_package/my_package.egg-info/top_level.txt
[3.180s] reading manifest file '../../../../build/my_package/my_package.egg-info/SOURCES.txt'
[3.181s] adding license file 'LICENSE'
[3.182s] writing manifest file '../../../../build/my_package/my_package.egg-info/SOURCES.txt'
[3.183s] running build
[3.183s] running build_py
[3.183s] running install
[3.193s] running install_lib
[3.230s] running install_data
[3.230s] running install_egg_info
[3.280s] removing '/home/olympusolutions/senior_ws/install/my_package/lib/python3.12/site-packages/my_package-0.0.0-py3.12.egg-info' (and everything under it)
[3.282s] Copying ../../../../build/my_package/my_package.egg-info to /home/olympusolutions/senior_ws/install/my_package/lib/python3.12/site-packages/my_package-0.0.0-py3.12.egg-info
[3.286s] running install_scripts
[3.550s] Installing my_node script to /home/olympusolutions/senior_ws/install/my_package/lib/my_package
[3.552s] writing list of installed files to '/home/olympusolutions/senior_ws/build/my_package/install.log'
[3.661s] Invoked command in '/home/olympusolutions/senior_ws/src/riley_ws/src/my_package' returned '0': DEBUGINFOD_URLS=https://debuginfod.ubuntu.com PYTHONPATH=/home/olympusolutions/senior_ws/build/my_package/prefix_override:/usr/lib/python3/dist-packages/colcon_core/task/python/colcon_distutils_commands:/home/olympusolutions/senior_ws/install/my_package/lib/python3.12/site-packages:${PYTHONPATH} /usr/bin/python3 -W ignore:setup.py install is deprecated -W ignore:easy_install command is deprecated setup.py egg_info --egg-base ../../../../build/my_package build --build-base /home/olympusolutions/senior_ws/build/my_package/build install --record /home/olympusolutions/senior_ws/build/my_package/install.log --single-version-externally-managed install_data
