[14.979s] Invoking command in '/home/olympusolutions/senior_ws/src/twist_stamper': DEBUGINFOD_URLS=https://debuginfod.ubuntu.com PYTHONPATH=/home/olympusolutions/senior_ws/build/twist_stamper/prefix_override:/usr/lib/python3/dist-packages/colcon_core/task/python/colcon_distutils_commands:/home/olympusolutions/senior_ws/install/twist_stamper/lib/python3.12/site-packages:${PYTHONPATH} /usr/bin/python3 -W ignore:setup.py install is deprecated -W ignore:easy_install command is deprecated setup.py egg_info --egg-base ../../build/twist_stamper build --build-base /home/olympusolutions/senior_ws/build/twist_stamper/build install --record /home/olympusolutions/senior_ws/build/twist_stamper/install.log --single-version-externally-managed install_data
[20.571s] running egg_info
[21.028s] writing ../../build/twist_stamper/twist_stamper.egg-info/PKG-INFO
[21.035s] writing dependency_links to ../../build/twist_stamper/twist_stamper.egg-info/dependency_links.txt
[21.039s] writing entry points to ../../build/twist_stamper/twist_stamper.egg-info/entry_points.txt
[21.051s] writing requirements to ../../build/twist_stamper/twist_stamper.egg-info/requires.txt
[21.051s] writing top-level names to ../../build/twist_stamper/twist_stamper.egg-info/top_level.txt
[21.654s] reading manifest file '../../build/twist_stamper/twist_stamper.egg-info/SOURCES.txt'
[21.668s] adding license file 'LICENSE'
[21.686s] writing manifest file '../../build/twist_stamper/twist_stamper.egg-info/SOURCES.txt'
[21.686s] running build
[21.686s] running build_py
[21.690s] running install
[21.781s] running install_lib
[22.342s] running install_data
[22.350s] running install_egg_info
[23.058s] removing '/home/olympusolutions/senior_ws/install/twist_stamper/lib/python3.12/site-packages/twist_stamper-0.0.5-py3.12.egg-info' (and everything under it)
[23.075s] Copying ../../build/twist_stamper/twist_stamper.egg-info to /home/olympusolutions/senior_ws/install/twist_stamper/lib/python3.12/site-packages/twist_stamper-0.0.5-py3.12.egg-info
[23.088s] running install_scripts
[24.929s] Installing twist_stamper script to /home/olympusolutions/senior_ws/install/twist_stamper/lib/twist_stamper
[24.950s] Installing twist_unstamper script to /home/olympusolutions/senior_ws/install/twist_stamper/lib/twist_stamper
[24.951s] writing list of installed files to '/home/olympusolutions/senior_ws/build/twist_stamper/install.log'
[25.509s] Invoked command in '/home/olympusolutions/senior_ws/src/twist_stamper' returned '0': DEBUGINFOD_URLS=https://debuginfod.ubuntu.com PYTHONPATH=/home/olympusolutions/senior_ws/build/twist_stamper/prefix_override:/usr/lib/python3/dist-packages/colcon_core/task/python/colcon_distutils_commands:/home/olympusolutions/senior_ws/install/twist_stamper/lib/python3.12/site-packages:${PYTHONPATH} /usr/bin/python3 -W ignore:setup.py install is deprecated -W ignore:easy_install command is deprecated setup.py egg_info --egg-base ../../build/twist_stamper build --build-base /home/olympusolutions/senior_ws/build/twist_stamper/build install --record /home/olympusolutions/senior_ws/build/twist_stamper/install.log --single-version-externally-managed install_data
