[2.880s] Invoking command in '/home/olympusolutions/senior_ws/src/riley_ws/src/listener_package': DEBUGINFOD_URLS=https://debuginfod.ubuntu.com PYTHONPATH=/home/olympusolutions/senior_ws/build/listener_package/prefix_override:/usr/lib/python3/dist-packages/colcon_core/task/python/colcon_distutils_commands:/home/olympusolutions/senior_ws/install/listener_package/lib/python3.12/site-packages:${PYTHONPATH} /usr/bin/python3 -W ignore:setup.py install is deprecated -W ignore:easy_install command is deprecated setup.py egg_info --egg-base ../../../../build/listener_package build --build-base /home/olympusolutions/senior_ws/build/listener_package/build install --record /home/olympusolutions/senior_ws/build/listener_package/install.log --single-version-externally-managed install_data
[4.190s] running egg_info
[4.262s] writing ../../../../build/listener_package/listener_package.egg-info/PKG-INFO
[4.267s] writing dependency_links to ../../../../build/listener_package/listener_package.egg-info/dependency_links.txt
[4.272s] writing entry points to ../../../../build/listener_package/listener_package.egg-info/entry_points.txt
[4.273s] writing requirements to ../../../../build/listener_package/listener_package.egg-info/requires.txt
[4.279s] writing top-level names to ../../../../build/listener_package/listener_package.egg-info/top_level.txt
[4.409s] reading manifest file '../../../../build/listener_package/listener_package.egg-info/SOURCES.txt'
[4.409s] adding license file 'LICENSE'
[4.415s] writing manifest file '../../../../build/listener_package/listener_package.egg-info/SOURCES.txt'
[4.419s] running build
[4.419s] running build_py
[4.422s] copying listener_package/phone_listener.py -> /home/olympusolutions/senior_ws/build/listener_package/build/lib/listener_package
[4.423s] running install
[4.444s] running install_lib
[4.540s] copying /home/olympusolutions/senior_ws/build/listener_package/build/lib/listener_package/phone_listener.py -> /home/olympusolutions/senior_ws/install/listener_package/lib/python3.12/site-packages/listener_package
[4.543s] byte-compiling /home/olympusolutions/senior_ws/install/listener_package/lib/python3.12/site-packages/listener_package/phone_listener.py to phone_listener.cpython-312.pyc
[4.551s] running install_data
[4.551s] running install_egg_info
[4.651s] removing '/home/olympusolutions/senior_ws/install/listener_package/lib/python3.12/site-packages/listener_package-0.0.0-py3.12.egg-info' (and everything under it)
[4.652s] Copying ../../../../build/listener_package/listener_package.egg-info to /home/olympusolutions/senior_ws/install/listener_package/lib/python3.12/site-packages/listener_package-0.0.0-py3.12.egg-info
[4.660s] running install_scripts
[5.628s] Installing listener script to /home/olympusolutions/senior_ws/install/listener_package/lib/listener_package
[5.633s] Installing phone_listener script to /home/olympusolutions/senior_ws/install/listener_package/lib/listener_package
[5.636s] Installing talker script to /home/olympusolutions/senior_ws/install/listener_package/lib/listener_package
[5.636s] Installing tcp_map_node script to /home/olympusolutions/senior_ws/install/listener_package/lib/listener_package
[5.642s] writing list of installed files to '/home/olympusolutions/senior_ws/build/listener_package/install.log'
[6.872s] Invoked command in '/home/olympusolutions/senior_ws/src/riley_ws/src/listener_package' returned '0': DEBUGINFOD_URLS=https://debuginfod.ubuntu.com PYTHONPATH=/home/olympusolutions/senior_ws/build/listener_package/prefix_override:/usr/lib/python3/dist-packages/colcon_core/task/python/colcon_distutils_commands:/home/olympusolutions/senior_ws/install/listener_package/lib/python3.12/site-packages:${PYTHONPATH} /usr/bin/python3 -W ignore:setup.py install is deprecated -W ignore:easy_install command is deprecated setup.py egg_info --egg-base ../../../../build/listener_package build --build-base /home/olympusolutions/senior_ws/build/listener_package/build install --record /home/olympusolutions/senior_ws/build/listener_package/install.log --single-version-externally-managed install_data
