[15.076s] Invoking command in '/home/olympusolutions/senior_ws/src/twist_stamper': DEBUGINFOD_URLS=https://debuginfod.ubuntu.com PYTHONPATH=/home/olympusolutions/senior_ws/build/twist_stamper/prefix_override:/usr/lib/python3/dist-packages/colcon_core/task/python/colcon_distutils_commands:/home/olympusolutions/senior_ws/install/twist_stamper/lib/python3.12/site-packages:${PYTHONPATH} /usr/bin/python3 -W ignore:setup.py install is deprecated -W ignore:easy_install command is deprecated setup.py egg_info --egg-base ../../build/twist_stamper build --build-base /home/olympusolutions/senior_ws/build/twist_stamper/build install --record /home/olympusolutions/senior_ws/build/twist_stamper/install.log --single-version-externally-managed install_data
[17.898s] running egg_info
[18.160s] writing ../../build/twist_stamper/twist_stamper.egg-info/PKG-INFO
[18.161s] writing dependency_links to ../../build/twist_stamper/twist_stamper.egg-info/dependency_links.txt
[18.169s] writing entry points to ../../build/twist_stamper/twist_stamper.egg-info/entry_points.txt
[18.171s] writing requirements to ../../build/twist_stamper/twist_stamper.egg-info/requires.txt
[18.173s] writing top-level names to ../../build/twist_stamper/twist_stamper.egg-info/top_level.txt
[18.575s] reading manifest file '../../build/twist_stamper/twist_stamper.egg-info/SOURCES.txt'
[18.581s] adding license file 'LICENSE'
[18.592s] writing manifest file '../../build/twist_stamper/twist_stamper.egg-info/SOURCES.txt'
[18.594s] running build
[18.599s] running build_py
[18.606s] running install
[18.637s] running install_lib
[18.855s] running install_data
[18.856s] running install_egg_info
[19.197s] removing '/home/olympusolutions/senior_ws/install/twist_stamper/lib/python3.12/site-packages/twist_stamper-0.0.5-py3.12.egg-info' (and everything under it)
[19.204s] Copying ../../build/twist_stamper/twist_stamper.egg-info to /home/olympusolutions/senior_ws/install/twist_stamper/lib/python3.12/site-packages/twist_stamper-0.0.5-py3.12.egg-info
[19.220s] running install_scripts
[20.376s] Installing twist_stamper script to /home/olympusolutions/senior_ws/install/twist_stamper/lib/twist_stamper
[20.389s] Installing twist_unstamper script to /home/olympusolutions/senior_ws/install/twist_stamper/lib/twist_stamper
[20.399s] writing list of installed files to '/home/olympusolutions/senior_ws/build/twist_stamper/install.log'
[20.765s] Invoked command in '/home/olympusolutions/senior_ws/src/twist_stamper' returned '0': DEBUGINFOD_URLS=https://debuginfod.ubuntu.com PYTHONPATH=/home/olympusolutions/senior_ws/build/twist_stamper/prefix_override:/usr/lib/python3/dist-packages/colcon_core/task/python/colcon_distutils_commands:/home/olympusolutions/senior_ws/install/twist_stamper/lib/python3.12/site-packages:${PYTHONPATH} /usr/bin/python3 -W ignore:setup.py install is deprecated -W ignore:easy_install command is deprecated setup.py egg_info --egg-base ../../build/twist_stamper build --build-base /home/olympusolutions/senior_ws/build/twist_stamper/build install --record /home/olympusolutions/senior_ws/build/twist_stamper/install.log --single-version-externally-managed install_data
