[0.872s] Invoking command in '/home/olympusolutions/senior_ws/build/serial': CMAKE_PREFIX_PATH=${CMAKE_PREFIX_PATH}:/opt/ros/jazzy DEBUGINFOD_URLS=https://debuginfod.ubuntu.com /usr/bin/cmake --build /home/olympusolutions/senior_ws/build/serial -- -j4 -l4
[1.067s] [ 14%] Built target gtest_main
[1.074s] [ 28%] Built target gtest
[1.091s] [ 57%] Built target serial
[1.177s] [ 71%] Built target serial_example
[1.195s] [ 85%] Built target serial-test-timer
[1.220s] [100%] Built target serial-test
[1.260s] Invoked command in '/home/olympusolutions/senior_ws/build/serial' returned '0': CMAKE_PREFIX_PATH=${CMAKE_PREFIX_PATH}:/opt/ros/jazzy DEBUGINFOD_URLS=https://debuginfod.ubuntu.com /usr/bin/cmake --build /home/olympusolutions/senior_ws/build/serial -- -j4 -l4
[1.263s] Invoking command in '/home/olympusolutions/senior_ws/build/serial': CMAKE_PREFIX_PATH=${CMAKE_PREFIX_PATH}:/opt/ros/jazzy DEBUGINFOD_URLS=https://debuginfod.ubuntu.com /usr/bin/cmake --install /home/olympusolutions/senior_ws/build/serial
[1.288s] -- Install configuration: ""
[1.288s] -- Up-to-date: /home/olympusolutions/senior_ws/install/serial/lib/libserial.a
[1.290s] -- Up-to-date: /home/olympusolutions/senior_ws/install/serial/include/serial/serial.h
[1.290s] -- Up-to-date: /home/olympusolutions/senior_ws/install/serial/include/serial/v8stdint.h
[1.290s] -- Up-to-date: /home/olympusolutions/senior_ws/install/serial/share/serial/environment/library_path.sh
[1.291s] -- Up-to-date: /home/olympusolutions/senior_ws/install/serial/share/serial/environment/library_path.dsv
[1.291s] -- Up-to-date: /home/olympusolutions/senior_ws/install/serial/share/ament_index/resource_index/package_run_dependencies/serial
[1.291s] -- Up-to-date: /home/olympusolutions/senior_ws/install/serial/share/ament_index/resource_index/parent_prefix_path/serial
[1.291s] -- Up-to-date: /home/olympusolutions/senior_ws/install/serial/share/serial/environment/ament_prefix_path.sh
[1.291s] -- Up-to-date: /home/olympusolutions/senior_ws/install/serial/share/serial/environment/ament_prefix_path.dsv
[1.291s] -- Up-to-date: /home/olympusolutions/senior_ws/install/serial/share/serial/environment/path.sh
[1.291s] -- Up-to-date: /home/olympusolutions/senior_ws/install/serial/share/serial/environment/path.dsv
[1.291s] -- Up-to-date: /home/olympusolutions/senior_ws/install/serial/share/serial/local_setup.bash
[1.292s] -- Up-to-date: /home/olympusolutions/senior_ws/install/serial/share/serial/local_setup.sh
[1.292s] -- Up-to-date: /home/olympusolutions/senior_ws/install/serial/share/serial/local_setup.zsh
[1.292s] -- Up-to-date: /home/olympusolutions/senior_ws/install/serial/share/serial/local_setup.dsv
[1.292s] -- Installing: /home/olympusolutions/senior_ws/install/serial/share/serial/package.dsv
[1.296s] -- Up-to-date: /home/olympusolutions/senior_ws/install/serial/share/ament_index/resource_index/packages/serial
[1.296s] -- Up-to-date: /home/olympusolutions/senior_ws/install/serial/share/serial/cmake/ament_cmake_export_include_directories-extras.cmake
[1.296s] -- Up-to-date: /home/olympusolutions/senior_ws/install/serial/share/serial/cmake/ament_cmake_export_libraries-extras.cmake
[1.296s] -- Up-to-date: /home/olympusolutions/senior_ws/install/serial/share/serial/cmake/serialConfig.cmake
[1.296s] -- Up-to-date: /home/olympusolutions/senior_ws/install/serial/share/serial/cmake/serialConfig-version.cmake
[1.296s] -- Up-to-date: /home/olympusolutions/senior_ws/install/serial/share/serial/package.xml
[1.303s] Invoked command in '/home/olympusolutions/senior_ws/build/serial' returned '0': CMAKE_PREFIX_PATH=${CMAKE_PREFIX_PATH}:/opt/ros/jazzy DEBUGINFOD_URLS=https://debuginfod.ubuntu.com /usr/bin/cmake --install /home/olympusolutions/senior_ws/build/serial
