[2.079s] Invoking command in '/home/olympusolutions/senior_ws/src/riley_ws/src/listener_package': DEBUGINFOD_URLS=https://debuginfod.ubuntu.com PYTHONPATH=/home/olympusolutions/senior_ws/build/listener_package/prefix_override:/usr/lib/python3/dist-packages/colcon_core/task/python/colcon_distutils_commands:/home/olympusolutions/senior_ws/install/listener_package/lib/python3.12/site-packages:${PYTHONPATH} /usr/bin/python3 -W ignore:setup.py install is deprecated -W ignore:easy_install command is deprecated setup.py egg_info --egg-base ../../../../build/listener_package build --build-base /home/olympusolutions/senior_ws/build/listener_package/build install --record /home/olympusolutions/senior_ws/build/listener_package/install.log --single-version-externally-managed install_data
[2.741s] running egg_info
[2.741s] creating ../../../../build/listener_package/listener_package.egg-info
[2.804s] writing ../../../../build/listener_package/listener_package.egg-info/PKG-INFO
[2.804s] writing dependency_links to ../../../../build/listener_package/listener_package.egg-info/dependency_links.txt
[2.804s] writing entry points to ../../../../build/listener_package/listener_package.egg-info/entry_points.txt
[2.805s] writing requirements to ../../../../build/listener_package/listener_package.egg-info/requires.txt
[2.805s] writing top-level names to ../../../../build/listener_package/listener_package.egg-info/top_level.txt
[2.805s] writing manifest file '../../../../build/listener_package/listener_package.egg-info/SOURCES.txt'
[2.929s] reading manifest file '../../../../build/listener_package/listener_package.egg-info/SOURCES.txt'
[2.929s] adding license file 'LICENSE'
[2.929s] writing manifest file '../../../../build/listener_package/listener_package.egg-info/SOURCES.txt'
[2.929s] running build
[2.930s] running build_py
[2.930s] creating /home/olympusolutions/senior_ws/build/listener_package/build
[2.930s] creating /home/olympusolutions/senior_ws/build/listener_package/build/lib
[2.931s] creating /home/olympusolutions/senior_ws/build/listener_package/build/lib/listener_package
[2.931s] copying listener_package/__init__.py -> /home/olympusolutions/senior_ws/build/listener_package/build/lib/listener_package
[2.932s] copying listener_package/publisher_member_function.py -> /home/olympusolutions/senior_ws/build/listener_package/build/lib/listener_package
[2.932s] copying listener_package/phone_listener.py -> /home/olympusolutions/senior_ws/build/listener_package/build/lib/listener_package
[2.932s] copying listener_package/subscriber_member_function.py -> /home/olympusolutions/senior_ws/build/listener_package/build/lib/listener_package
[2.933s] running install
[2.947s] running install_lib
[3.012s] creating /home/olympusolutions/senior_ws/install/listener_package/lib/python3.12/site-packages/listener_package
[3.013s] copying /home/olympusolutions/senior_ws/build/listener_package/build/lib/listener_package/__init__.py -> /home/olympusolutions/senior_ws/install/listener_package/lib/python3.12/site-packages/listener_package
[3.013s] copying /home/olympusolutions/senior_ws/build/listener_package/build/lib/listener_package/publisher_member_function.py -> /home/olympusolutions/senior_ws/install/listener_package/lib/python3.12/site-packages/listener_package
[3.013s] copying /home/olympusolutions/senior_ws/build/listener_package/build/lib/listener_package/phone_listener.py -> /home/olympusolutions/senior_ws/install/listener_package/lib/python3.12/site-packages/listener_package
[3.015s] copying /home/olympusolutions/senior_ws/build/listener_package/build/lib/listener_package/subscriber_member_function.py -> /home/olympusolutions/senior_ws/install/listener_package/lib/python3.12/site-packages/listener_package
[3.015s] byte-compiling /home/olympusolutions/senior_ws/install/listener_package/lib/python3.12/site-packages/listener_package/__init__.py to __init__.cpython-312.pyc
[3.015s] byte-compiling /home/olympusolutions/senior_ws/install/listener_package/lib/python3.12/site-packages/listener_package/publisher_member_function.py to publisher_member_function.cpython-312.pyc
[3.017s] byte-compiling /home/olympusolutions/senior_ws/install/listener_package/lib/python3.12/site-packages/listener_package/phone_listener.py to phone_listener.cpython-312.pyc
[3.021s] byte-compiling /home/olympusolutions/senior_ws/install/listener_package/lib/python3.12/site-packages/listener_package/subscriber_member_function.py to subscriber_member_function.cpython-312.pyc
[3.021s] running install_data
[3.022s] creating /home/olympusolutions/senior_ws/install/listener_package/share/ament_index
[3.022s] creating /home/olympusolutions/senior_ws/install/listener_package/share/ament_index/resource_index
[3.025s] creating /home/olympusolutions/senior_ws/install/listener_package/share/ament_index/resource_index/packages
[3.025s] copying resource/listener_package -> /home/olympusolutions/senior_ws/install/listener_package/share/ament_index/resource_index/packages
[3.025s] copying package.xml -> /home/olympusolutions/senior_ws/install/listener_package/share/listener_package
[3.025s] running install_egg_info
[3.092s] Copying ../../../../build/listener_package/listener_package.egg-info to /home/olympusolutions/senior_ws/install/listener_package/lib/python3.12/site-packages/listener_package-0.0.0-py3.12.egg-info
[3.097s] running install_scripts
[3.491s] Installing listener script to /home/olympusolutions/senior_ws/install/listener_package/lib/listener_package
[3.491s] Installing phone_listener script to /home/olympusolutions/senior_ws/install/listener_package/lib/listener_package
[3.492s] Installing talker script to /home/olympusolutions/senior_ws/install/listener_package/lib/listener_package
[3.492s] writing list of installed files to '/home/olympusolutions/senior_ws/build/listener_package/install.log'
[3.627s] Invoked command in '/home/olympusolutions/senior_ws/src/riley_ws/src/listener_package' returned '0': DEBUGINFOD_URLS=https://debuginfod.ubuntu.com PYTHONPATH=/home/olympusolutions/senior_ws/build/listener_package/prefix_override:/usr/lib/python3/dist-packages/colcon_core/task/python/colcon_distutils_commands:/home/olympusolutions/senior_ws/install/listener_package/lib/python3.12/site-packages:${PYTHONPATH} /usr/bin/python3 -W ignore:setup.py install is deprecated -W ignore:easy_install command is deprecated setup.py egg_info --egg-base ../../../../build/listener_package build --build-base /home/olympusolutions/senior_ws/build/listener_package/build install --record /home/olympusolutions/senior_ws/build/listener_package/install.log --single-version-externally-managed install_data
