[1.490s] Invoking command in '/home/olympusolutions/senior_ws/src/riley_ws/src/listener_package': DEBUGINFOD_URLS=https://debuginfod.ubuntu.com PYTHONPATH=/home/olympusolutions/senior_ws/build/listener_package/prefix_override:/usr/lib/python3/dist-packages/colcon_core/task/python/colcon_distutils_commands:/home/olympusolutions/senior_ws/install/listener_package/lib/python3.12/site-packages:${PYTHONPATH} /usr/bin/python3 -W ignore:setup.py install is deprecated -W ignore:easy_install command is deprecated setup.py egg_info --egg-base ../../../../build/listener_package build --build-base /home/olympusolutions/senior_ws/build/listener_package/build install --record /home/olympusolutions/senior_ws/build/listener_package/install.log --single-version-externally-managed install_data
[1.897s] running egg_info
[1.930s] writing ../../../../build/listener_package/listener_package.egg-info/PKG-INFO
[1.931s] writing dependency_links to ../../../../build/listener_package/listener_package.egg-info/dependency_links.txt
[1.932s] writing entry points to ../../../../build/listener_package/listener_package.egg-info/entry_points.txt
[1.934s] writing requirements to ../../../../build/listener_package/listener_package.egg-info/requires.txt
[1.935s] writing top-level names to ../../../../build/listener_package/listener_package.egg-info/top_level.txt
[2.000s] reading manifest file '../../../../build/listener_package/listener_package.egg-info/SOURCES.txt'
[2.000s] adding license file 'LICENSE'
[2.001s] writing manifest file '../../../../build/listener_package/listener_package.egg-info/SOURCES.txt'
[2.001s] running build
[2.001s] running build_py
[2.002s] running install
[2.014s] running install_lib
[2.045s] running install_data
[2.046s] running install_egg_info
[2.079s] removing '/home/olympusolutions/senior_ws/install/listener_package/lib/python3.12/site-packages/listener_package-0.0.0-py3.12.egg-info' (and everything under it)
[2.080s] Copying ../../../../build/listener_package/listener_package.egg-info to /home/olympusolutions/senior_ws/install/listener_package/lib/python3.12/site-packages/listener_package-0.0.0-py3.12.egg-info
[2.081s] running install_scripts
[2.293s] Installing listener script to /home/olympusolutions/senior_ws/install/listener_package/lib/listener_package
[2.293s] Installing map_publisher script to /home/olympusolutions/senior_ws/install/listener_package/lib/listener_package
[2.294s] Installing phone_listener script to /home/olympusolutions/senior_ws/install/listener_package/lib/listener_package
[2.295s] Installing talker script to /home/olympusolutions/senior_ws/install/listener_package/lib/listener_package
[2.296s] Installing tcp_map_node script to /home/olympusolutions/senior_ws/install/listener_package/lib/listener_package
[2.297s] writing list of installed files to '/home/olympusolutions/senior_ws/build/listener_package/install.log'
[2.385s] Invoked command in '/home/olympusolutions/senior_ws/src/riley_ws/src/listener_package' returned '0': DEBUGINFOD_URLS=https://debuginfod.ubuntu.com PYTHONPATH=/home/olympusolutions/senior_ws/build/listener_package/prefix_override:/usr/lib/python3/dist-packages/colcon_core/task/python/colcon_distutils_commands:/home/olympusolutions/senior_ws/install/listener_package/lib/python3.12/site-packages:${PYTHONPATH} /usr/bin/python3 -W ignore:setup.py install is deprecated -W ignore:easy_install command is deprecated setup.py egg_info --egg-base ../../../../build/listener_package build --build-base /home/olympusolutions/senior_ws/build/listener_package/build install --record /home/olympusolutions/senior_ws/build/listener_package/install.log --single-version-externally-managed install_data
