[2.557s] Invoking command in '/home/olympusolutions/senior_ws/src/twist_stamper': DEBUGINFOD_URLS=https://debuginfod.ubuntu.com PYTHONPATH=/home/olympusolutions/senior_ws/build/twist_stamper/prefix_override:/usr/lib/python3/dist-packages/colcon_core/task/python/colcon_distutils_commands:/home/olympusolutions/senior_ws/install/twist_stamper/lib/python3.12/site-packages:${PYTHONPATH} /usr/bin/python3 -W ignore:setup.py install is deprecated -W ignore:easy_install command is deprecated setup.py egg_info --egg-base ../../build/twist_stamper build --build-base /home/olympusolutions/senior_ws/build/twist_stamper/build install --record /home/olympusolutions/senior_ws/build/twist_stamper/install.log --single-version-externally-managed install_data
[3.202s] running egg_info
[3.255s] writing ../../build/twist_stamper/twist_stamper.egg-info/PKG-INFO
[3.257s] writing dependency_links to ../../build/twist_stamper/twist_stamper.egg-info/dependency_links.txt
[3.258s] writing entry points to ../../build/twist_stamper/twist_stamper.egg-info/entry_points.txt
[3.259s] writing requirements to ../../build/twist_stamper/twist_stamper.egg-info/requires.txt
[3.259s] writing top-level names to ../../build/twist_stamper/twist_stamper.egg-info/top_level.txt
[3.392s] reading manifest file '../../build/twist_stamper/twist_stamper.egg-info/SOURCES.txt'
[3.393s] adding license file 'LICENSE'
[3.394s] writing manifest file '../../build/twist_stamper/twist_stamper.egg-info/SOURCES.txt'
[3.395s] running build
[3.395s] running build_py
[3.398s] running install
[3.411s] running install_lib
[3.472s] running install_data
[3.473s] running install_egg_info
[3.524s] removing '/home/olympusolutions/senior_ws/install/twist_stamper/lib/python3.12/site-packages/twist_stamper-0.0.5-py3.12.egg-info' (and everything under it)
[3.525s] Copying ../../build/twist_stamper/twist_stamper.egg-info to /home/olympusolutions/senior_ws/install/twist_stamper/lib/python3.12/site-packages/twist_stamper-0.0.5-py3.12.egg-info
[3.527s] running install_scripts
[3.895s] Installing twist_stamper script to /home/olympusolutions/senior_ws/install/twist_stamper/lib/twist_stamper
[3.895s] Installing twist_unstamper script to /home/olympusolutions/senior_ws/install/twist_stamper/lib/twist_stamper
[3.897s] writing list of installed files to '/home/olympusolutions/senior_ws/build/twist_stamper/install.log'
[4.040s] Invoked command in '/home/olympusolutions/senior_ws/src/twist_stamper' returned '0': DEBUGINFOD_URLS=https://debuginfod.ubuntu.com PYTHONPATH=/home/olympusolutions/senior_ws/build/twist_stamper/prefix_override:/usr/lib/python3/dist-packages/colcon_core/task/python/colcon_distutils_commands:/home/olympusolutions/senior_ws/install/twist_stamper/lib/python3.12/site-packages:${PYTHONPATH} /usr/bin/python3 -W ignore:setup.py install is deprecated -W ignore:easy_install command is deprecated setup.py egg_info --egg-base ../../build/twist_stamper build --build-base /home/olympusolutions/senior_ws/build/twist_stamper/build install --record /home/olympusolutions/senior_ws/build/twist_stamper/install.log --single-version-externally-managed install_data
