[2.550s] Invoking command in '/home/olympusolutions/senior_ws/src/twist_stamper': DEBUGINFOD_URLS=https://debuginfod.ubuntu.com PYTHONPATH=/home/olympusolutions/senior_ws/build/twist_stamper/prefix_override:/usr/lib/python3/dist-packages/colcon_core/task/python/colcon_distutils_commands:/home/olympusolutions/senior_ws/install/twist_stamper/lib/python3.12/site-packages:${PYTHONPATH} /usr/bin/python3 -W ignore:setup.py install is deprecated -W ignore:easy_install command is deprecated setup.py egg_info --egg-base ../../build/twist_stamper build --build-base /home/olympusolutions/senior_ws/build/twist_stamper/build install --record /home/olympusolutions/senior_ws/build/twist_stamper/install.log --single-version-externally-managed install_data
[3.047s] running egg_info
[3.095s] writing ../../build/twist_stamper/twist_stamper.egg-info/PKG-INFO
[3.096s] writing dependency_links to ../../build/twist_stamper/twist_stamper.egg-info/dependency_links.txt
[3.097s] writing entry points to ../../build/twist_stamper/twist_stamper.egg-info/entry_points.txt
[3.097s] writing requirements to ../../build/twist_stamper/twist_stamper.egg-info/requires.txt
[3.098s] writing top-level names to ../../build/twist_stamper/twist_stamper.egg-info/top_level.txt
[3.184s] reading manifest file '../../build/twist_stamper/twist_stamper.egg-info/SOURCES.txt'
[3.185s] adding license file 'LICENSE'
[3.186s] writing manifest file '../../build/twist_stamper/twist_stamper.egg-info/SOURCES.txt'
[3.187s] running build
[3.187s] running build_py
[3.187s] running install
[3.200s] running install_lib
[3.236s] running install_data
[3.236s] running install_egg_info
[3.273s] removing '/home/olympusolutions/senior_ws/install/twist_stamper/lib/python3.12/site-packages/twist_stamper-0.0.5-py3.12.egg-info' (and everything under it)
[3.273s] Copying ../../build/twist_stamper/twist_stamper.egg-info to /home/olympusolutions/senior_ws/install/twist_stamper/lib/python3.12/site-packages/twist_stamper-0.0.5-py3.12.egg-info
[3.275s] running install_scripts
[3.525s] Installing twist_stamper script to /home/olympusolutions/senior_ws/install/twist_stamper/lib/twist_stamper
[3.526s] Installing twist_unstamper script to /home/olympusolutions/senior_ws/install/twist_stamper/lib/twist_stamper
[3.527s] writing list of installed files to '/home/olympusolutions/senior_ws/build/twist_stamper/install.log'
[3.642s] Invoked command in '/home/olympusolutions/senior_ws/src/twist_stamper' returned '0': DEBUGINFOD_URLS=https://debuginfod.ubuntu.com PYTHONPATH=/home/olympusolutions/senior_ws/build/twist_stamper/prefix_override:/usr/lib/python3/dist-packages/colcon_core/task/python/colcon_distutils_commands:/home/olympusolutions/senior_ws/install/twist_stamper/lib/python3.12/site-packages:${PYTHONPATH} /usr/bin/python3 -W ignore:setup.py install is deprecated -W ignore:easy_install command is deprecated setup.py egg_info --egg-base ../../build/twist_stamper build --build-base /home/olympusolutions/senior_ws/build/twist_stamper/build install --record /home/olympusolutions/senior_ws/build/twist_stamper/install.log --single-version-externally-managed install_data
