[4.418s] Invoking command in '/home/olympusolutions/senior_ws/src/riley_ws/src/my_package': DEBUGINFOD_URLS=https://debuginfod.ubuntu.com PYTHONPATH=/home/olympusolutions/senior_ws/build/my_package/prefix_override:/usr/lib/python3/dist-packages/colcon_core/task/python/colcon_distutils_commands:/home/olympusolutions/senior_ws/install/my_package/lib/python3.12/site-packages:${PYTHONPATH} /usr/bin/python3 -W ignore:setup.py install is deprecated -W ignore:easy_install command is deprecated setup.py egg_info --egg-base ../../../../build/my_package build --build-base /home/olympusolutions/senior_ws/build/my_package/build install --record /home/olympusolutions/senior_ws/build/my_package/install.log --single-version-externally-managed install_data
[6.065s] running egg_info
[6.153s] writing ../../../../build/my_package/my_package.egg-info/PKG-INFO
[6.159s] writing dependency_links to ../../../../build/my_package/my_package.egg-info/dependency_links.txt
[6.163s] writing entry points to ../../../../build/my_package/my_package.egg-info/entry_points.txt
[6.167s] writing requirements to ../../../../build/my_package/my_package.egg-info/requires.txt
[6.168s] writing top-level names to ../../../../build/my_package/my_package.egg-info/top_level.txt
[6.463s] reading manifest file '../../../../build/my_package/my_package.egg-info/SOURCES.txt'
[6.465s] adding license file 'LICENSE'
[6.466s] writing manifest file '../../../../build/my_package/my_package.egg-info/SOURCES.txt'
[6.466s] running build
[6.466s] running build_py
[6.466s] running install
[6.495s] running install_lib
[6.606s] running install_data
[6.611s] running install_egg_info
[6.760s] removing '/home/olympusolutions/senior_ws/install/my_package/lib/python3.12/site-packages/my_package-0.0.0-py3.12.egg-info' (and everything under it)
[6.768s] Copying ../../../../build/my_package/my_package.egg-info to /home/olympusolutions/senior_ws/install/my_package/lib/python3.12/site-packages/my_package-0.0.0-py3.12.egg-info
[6.775s] running install_scripts
[7.516s] Installing my_node script to /home/olympusolutions/senior_ws/install/my_package/lib/my_package
[7.518s] writing list of installed files to '/home/olympusolutions/senior_ws/build/my_package/install.log'
[7.807s] Invoked command in '/home/olympusolutions/senior_ws/src/riley_ws/src/my_package' returned '0': DEBUGINFOD_URLS=https://debuginfod.ubuntu.com PYTHONPATH=/home/olympusolutions/senior_ws/build/my_package/prefix_override:/usr/lib/python3/dist-packages/colcon_core/task/python/colcon_distutils_commands:/home/olympusolutions/senior_ws/install/my_package/lib/python3.12/site-packages:${PYTHONPATH} /usr/bin/python3 -W ignore:setup.py install is deprecated -W ignore:easy_install command is deprecated setup.py egg_info --egg-base ../../../../build/my_package build --build-base /home/olympusolutions/senior_ws/build/my_package/build install --record /home/olympusolutions/senior_ws/build/my_package/install.log --single-version-externally-managed install_data
