[6.891s] Invoking command in '/home/olympusolutions/senior_ws/src/riley_ws/src/listener_package': DEBUGINFOD_URLS=https://debuginfod.ubuntu.com PYTHONPATH=/home/olympusolutions/senior_ws/build/listener_package/prefix_override:/usr/lib/python3/dist-packages/colcon_core/task/python/colcon_distutils_commands:/home/olympusolutions/senior_ws/install/listener_package/lib/python3.12/site-packages:${PYTHONPATH} /usr/bin/python3 -W ignore:setup.py install is deprecated -W ignore:easy_install command is deprecated setup.py egg_info --egg-base ../../../../build/listener_package build --build-base /home/olympusolutions/senior_ws/build/listener_package/build install --record /home/olympusolutions/senior_ws/build/listener_package/install.log --single-version-externally-managed install_data
[7.681s] running egg_info
[7.725s] writing ../../../../build/listener_package/listener_package.egg-info/PKG-INFO
[7.725s] writing dependency_links to ../../../../build/listener_package/listener_package.egg-info/dependency_links.txt
[7.730s] writing entry points to ../../../../build/listener_package/listener_package.egg-info/entry_points.txt
[7.730s] writing requirements to ../../../../build/listener_package/listener_package.egg-info/requires.txt
[7.733s] writing top-level names to ../../../../build/listener_package/listener_package.egg-info/top_level.txt
[7.872s] reading manifest file '../../../../build/listener_package/listener_package.egg-info/SOURCES.txt'
[7.872s] adding license file 'LICENSE'
[7.872s] writing manifest file '../../../../build/listener_package/listener_package.egg-info/SOURCES.txt'
[7.875s] running build
[7.875s] running build_py
[7.882s] copying listener_package/phone_listener.py -> /home/olympusolutions/senior_ws/build/listener_package/build/lib/listener_package
[7.883s] running install
[7.887s] running install_lib
[7.950s] copying /home/olympusolutions/senior_ws/build/listener_package/build/lib/listener_package/phone_listener.py -> /home/olympusolutions/senior_ws/install/listener_package/lib/python3.12/site-packages/listener_package
[7.955s] byte-compiling /home/olympusolutions/senior_ws/install/listener_package/lib/python3.12/site-packages/listener_package/phone_listener.py to phone_listener.cpython-312.pyc
[7.956s] running install_data
[7.957s] running install_egg_info
[8.018s] removing '/home/olympusolutions/senior_ws/install/listener_package/lib/python3.12/site-packages/listener_package-0.0.0-py3.12.egg-info' (and everything under it)
[8.018s] Copying ../../../../build/listener_package/listener_package.egg-info to /home/olympusolutions/senior_ws/install/listener_package/lib/python3.12/site-packages/listener_package-0.0.0-py3.12.egg-info
[8.018s] running install_scripts
[8.361s] Installing listener script to /home/olympusolutions/senior_ws/install/listener_package/lib/listener_package
[8.362s] Installing phone_listener script to /home/olympusolutions/senior_ws/install/listener_package/lib/listener_package
[8.363s] Installing talker script to /home/olympusolutions/senior_ws/install/listener_package/lib/listener_package
[8.364s] Installing tcp_map_node script to /home/olympusolutions/senior_ws/install/listener_package/lib/listener_package
[8.366s] writing list of installed files to '/home/olympusolutions/senior_ws/build/listener_package/install.log'
[8.627s] Invoked command in '/home/olympusolutions/senior_ws/src/riley_ws/src/listener_package' returned '0': DEBUGINFOD_URLS=https://debuginfod.ubuntu.com PYTHONPATH=/home/olympusolutions/senior_ws/build/listener_package/prefix_override:/usr/lib/python3/dist-packages/colcon_core/task/python/colcon_distutils_commands:/home/olympusolutions/senior_ws/install/listener_package/lib/python3.12/site-packages:${PYTHONPATH} /usr/bin/python3 -W ignore:setup.py install is deprecated -W ignore:easy_install command is deprecated setup.py egg_info --egg-base ../../../../build/listener_package build --build-base /home/olympusolutions/senior_ws/build/listener_package/build install --record /home/olympusolutions/senior_ws/build/listener_package/install.log --single-version-externally-managed install_data
