[0.039s] Invoking command in '/home/olympusolutions/senior_ws/build/extender_arduino': CMAKE_PREFIX_PATH=${CMAKE_PREFIX_PATH}:/opt/ros/jazzy DEBUGINFOD_URLS=https://debuginfod.ubuntu.com /usr/bin/cmake /home/olympusolutions/senior_ws/src/extender_arduino -DCMAKE_INSTALL_PREFIX=/home/olympusolutions/senior_ws/install/extender_arduino
[0.853s] -- The CXX compiler identification is GNU 13.3.0
[0.959s] -- Detecting CXX compiler ABI info
[1.381s] -- Detecting CXX compiler ABI info - done
[1.405s] -- Check for working CXX compiler: /usr/bin/c++ - skipped
[1.406s] -- Detecting CXX compile features
[1.413s] -- Detecting CXX compile features - done
[1.440s] -- Found ament_cmake: 2.5.3 (/opt/ros/jazzy/share/ament_cmake/cmake)
[2.083s] -- Found Python3: /usr/bin/python3 (found version "3.12.3") found components: Interpreter 
[2.459s] -- Found hardware_interface: 4.24.0 (/opt/ros/jazzy/share/hardware_interface/cmake)
[2.618s] -- Found rosidl_generator_c: 4.6.5 (/opt/ros/jazzy/share/rosidl_generator_c/cmake)
[2.663s] -- Found rosidl_generator_cpp: 4.6.5 (/opt/ros/jazzy/share/rosidl_generator_cpp/cmake)
[2.722s] -- Using all available rosidl_typesupport_c: rosidl_typesupport_fastrtps_c;rosidl_typesupport_introspection_c
[2.789s] -- Using all available rosidl_typesupport_cpp: rosidl_typesupport_fastrtps_cpp;rosidl_typesupport_introspection_cpp
[3.347s] -- Found TinyXML2 via Config file: /usr/lib/aarch64-linux-gnu/cmake/tinyxml2
[3.473s] -- Found rmw_implementation_cmake: 7.3.1 (/opt/ros/jazzy/share/rmw_implementation_cmake/cmake)
[3.482s] -- Found rmw_fastrtps_cpp: 8.4.1 (/opt/ros/jazzy/share/rmw_fastrtps_cpp/cmake)
[3.559s] -- Found TinyXML2 via Config file: /usr/lib/aarch64-linux-gnu/cmake/tinyxml2
[3.744s] -- Found OpenSSL: /usr/lib/aarch64-linux-gnu/libcrypto.so (found version "3.0.13")  
[3.755s] -- Found TinyXML2 via Config file: /usr/lib/aarch64-linux-gnu/cmake/tinyxml2
[3.786s] -- Found FastRTPS: /opt/ros/jazzy/include (Required is at least version "2.13") 
[3.791s] -- Found TinyXML2 via Config file: /usr/lib/aarch64-linux-gnu/cmake/tinyxml2
[3.817s] -- Found TinyXML2 via Config file: /usr/lib/aarch64-linux-gnu/cmake/tinyxml2
[3.849s] -- Using RMW implementation 'rmw_fastrtps_cpp' as default
[4.586s] -- Found ament_cmake_gtest: 2.5.3 (/opt/ros/jazzy/share/ament_cmake_gtest/cmake)
[4.898s] -- Configuring done (4.8s)
[5.001s] -- Generating done (0.1s)
[5.015s] -- Build files have been written to: /home/olympusolutions/senior_ws/build/extender_arduino
[5.055s] Invoked command in '/home/olympusolutions/senior_ws/build/extender_arduino' returned '0': CMAKE_PREFIX_PATH=${CMAKE_PREFIX_PATH}:/opt/ros/jazzy DEBUGINFOD_URLS=https://debuginfod.ubuntu.com /usr/bin/cmake /home/olympusolutions/senior_ws/src/extender_arduino -DCMAKE_INSTALL_PREFIX=/home/olympusolutions/senior_ws/install/extender_arduino
[5.058s] Invoking command in '/home/olympusolutions/senior_ws/build/extender_arduino': CMAKE_PREFIX_PATH=${CMAKE_PREFIX_PATH}:/opt/ros/jazzy DEBUGINFOD_URLS=https://debuginfod.ubuntu.com /usr/bin/cmake --build /home/olympusolutions/senior_ws/build/extender_arduino -- -j4 -l4
[5.287s] [ 50%] [32mBuilding CXX object CMakeFiles/extender_arduino.dir/hardware/diffbot_system.cpp.o[0m
[19.099s] [100%] [32m[1mLinking CXX shared library libextender_arduino.so[0m
[20.158s] [100%] Built target extender_arduino
[20.201s] Invoked command in '/home/olympusolutions/senior_ws/build/extender_arduino' returned '0': CMAKE_PREFIX_PATH=${CMAKE_PREFIX_PATH}:/opt/ros/jazzy DEBUGINFOD_URLS=https://debuginfod.ubuntu.com /usr/bin/cmake --build /home/olympusolutions/senior_ws/build/extender_arduino -- -j4 -l4
[20.225s] Invoking command in '/home/olympusolutions/senior_ws/build/extender_arduino': CMAKE_PREFIX_PATH=${CMAKE_PREFIX_PATH}:/opt/ros/jazzy DEBUGINFOD_URLS=https://debuginfod.ubuntu.com /usr/bin/cmake --install /home/olympusolutions/senior_ws/build/extender_arduino
[20.266s] -- Install configuration: ""
[20.267s] -- Installing: /home/olympusolutions/senior_ws/install/extender_arduino/share/extender_arduino/extender_arduino.xml
[20.268s] -- Installing: /home/olympusolutions/senior_ws/install/extender_arduino/include/extender_arduino
[20.269s] -- Installing: /home/olympusolutions/senior_ws/install/extender_arduino/include/extender_arduino/extender_arduino
[20.269s] -- Installing: /home/olympusolutions/senior_ws/install/extender_arduino/include/extender_arduino/extender_arduino/arduino_comms.hpp
[20.269s] -- Installing: /home/olympusolutions/senior_ws/install/extender_arduino/include/extender_arduino/extender_arduino/diffbot_system.hpp
[20.271s] -- Installing: /home/olympusolutions/senior_ws/install/extender_arduino/include/extender_arduino/extender_arduino/wheel.hpp
[20.271s] -- Installing: /home/olympusolutions/senior_ws/install/extender_arduino/include/extender_arduino/extender_arduino/visibility_control.h
[20.271s] -- Installing: /home/olympusolutions/senior_ws/install/extender_arduino/include/extender_arduino/extender_arduino/gripper.hpp
[20.273s] -- Installing: /home/olympusolutions/senior_ws/install/extender_arduino/share/extender_arduino/launch
[20.273s] -- Installing: /home/olympusolutions/senior_ws/install/extender_arduino/share/extender_arduino/launch/view_robot.launch.py
[20.273s] -- Installing: /home/olympusolutions/senior_ws/install/extender_arduino/share/extender_arduino/ros2_control
[20.274s] -- Installing: /home/olympusolutions/senior_ws/install/extender_arduino/share/extender_arduino/ros2_control/diffbot.ros2_control.xacro
[20.274s] -- Installing: /home/olympusolutions/senior_ws/install/extender_arduino/share/extender_arduino/urdf
[20.274s] -- Installing: /home/olympusolutions/senior_ws/install/extender_arduino/share/extender_arduino/urdf/diffbot.materials.xacro
[20.275s] -- Installing: /home/olympusolutions/senior_ws/install/extender_arduino/share/extender_arduino/urdf/diffbot.urdf.xacro
[20.278s] -- Installing: /home/olympusolutions/senior_ws/install/extender_arduino/share/extender_arduino/urdf/diffbot_description.urdf.xacro
[20.279s] -- Installing: /home/olympusolutions/senior_ws/install/extender_arduino/share/extender_arduino/rviz
[20.281s] -- Installing: /home/olympusolutions/senior_ws/install/extender_arduino/share/extender_arduino/rviz/diffbot.rviz
[20.281s] -- Installing: /home/olympusolutions/senior_ws/install/extender_arduino/share/extender_arduino/rviz/diffbot_view.rviz
[20.282s] -- Up-to-date: /home/olympusolutions/senior_ws/install/extender_arduino/share/extender_arduino/launch
[20.282s] -- Installing: /home/olympusolutions/senior_ws/install/extender_arduino/share/extender_arduino/launch/diffbot.launch.py
[20.282s] -- Installing: /home/olympusolutions/senior_ws/install/extender_arduino/share/extender_arduino/config
[20.282s] -- Installing: /home/olympusolutions/senior_ws/install/extender_arduino/share/extender_arduino/config/diffbot_controllers.yaml
[20.282s] -- Installing: /home/olympusolutions/senior_ws/install/extender_arduino/share/extender_arduino/config/extender_controllers.yaml
[20.285s] -- Installing: /home/olympusolutions/senior_ws/install/extender_arduino/lib/libextender_arduino.so
[20.290s] -- Set non-toolchain portion of runtime path of "/home/olympusolutions/senior_ws/install/extender_arduino/lib/libextender_arduino.so" to ""
[20.290s] -- Installing: /home/olympusolutions/senior_ws/install/extender_arduino/share/extender_arduino/environment/library_path.sh
[20.291s] -- Installing: /home/olympusolutions/senior_ws/install/extender_arduino/share/extender_arduino/environment/library_path.dsv
[20.291s] -- Installing: /home/olympusolutions/senior_ws/install/extender_arduino/share/ament_index/resource_index/package_run_dependencies/extender_arduino
[20.291s] -- Installing: /home/olympusolutions/senior_ws/install/extender_arduino/share/ament_index/resource_index/parent_prefix_path/extender_arduino
[20.291s] -- Installing: /home/olympusolutions/senior_ws/install/extender_arduino/share/extender_arduino/environment/ament_prefix_path.sh
[20.291s] -- Installing: /home/olympusolutions/senior_ws/install/extender_arduino/share/extender_arduino/environment/ament_prefix_path.dsv
[20.296s] -- Installing: /home/olympusolutions/senior_ws/install/extender_arduino/share/extender_arduino/environment/path.sh
[20.296s] -- Installing: /home/olympusolutions/senior_ws/install/extender_arduino/share/extender_arduino/environment/path.dsv
[20.296s] -- Installing: /home/olympusolutions/senior_ws/install/extender_arduino/share/extender_arduino/local_setup.bash
[20.296s] -- Installing: /home/olympusolutions/senior_ws/install/extender_arduino/share/extender_arduino/local_setup.sh
[20.296s] -- Installing: /home/olympusolutions/senior_ws/install/extender_arduino/share/extender_arduino/local_setup.zsh
[20.296s] -- Installing: /home/olympusolutions/senior_ws/install/extender_arduino/share/extender_arduino/local_setup.dsv
[20.297s] -- Installing: /home/olympusolutions/senior_ws/install/extender_arduino/share/extender_arduino/package.dsv
[20.297s] -- Installing: /home/olympusolutions/senior_ws/install/extender_arduino/share/ament_index/resource_index/packages/extender_arduino
[20.297s] -- Installing: /home/olympusolutions/senior_ws/install/extender_arduino/share/ament_index/resource_index/hardware_interface__pluginlib__plugin/extender_arduino
[20.301s] -- Installing: /home/olympusolutions/senior_ws/install/extender_arduino/share/extender_arduino/cmake/export_extender_arduinoExport.cmake
[20.301s] -- Installing: /home/olympusolutions/senior_ws/install/extender_arduino/share/extender_arduino/cmake/export_extender_arduinoExport-noconfig.cmake
[20.301s] -- Installing: /home/olympusolutions/senior_ws/install/extender_arduino/share/extender_arduino/cmake/ament_cmake_export_targets-extras.cmake
[20.301s] -- Installing: /home/olympusolutions/senior_ws/install/extender_arduino/share/extender_arduino/cmake/ament_cmake_export_dependencies-extras.cmake
[20.301s] -- Installing: /home/olympusolutions/senior_ws/install/extender_arduino/share/extender_arduino/cmake/extender_arduinoConfig.cmake
[20.302s] -- Installing: /home/olympusolutions/senior_ws/install/extender_arduino/share/extender_arduino/cmake/extender_arduinoConfig-version.cmake
[20.302s] -- Installing: /home/olympusolutions/senior_ws/install/extender_arduino/share/extender_arduino/package.xml
[20.360s] Invoked command in '/home/olympusolutions/senior_ws/build/extender_arduino' returned '0': CMAKE_PREFIX_PATH=${CMAKE_PREFIX_PATH}:/opt/ros/jazzy DEBUGINFOD_URLS=https://debuginfod.ubuntu.com /usr/bin/cmake --install /home/olympusolutions/senior_ws/build/extender_arduino
