[4.934s] Invoking command in '/home/olympusolutions/senior_ws/src/riley_ws/src/listener_package': DEBUGINFOD_URLS=https://debuginfod.ubuntu.com PYTHONPATH=/home/olympusolutions/senior_ws/build/listener_package/prefix_override:/usr/lib/python3/dist-packages/colcon_core/task/python/colcon_distutils_commands:/home/olympusolutions/senior_ws/install/listener_package/lib/python3.12/site-packages:${PYTHONPATH} /usr/bin/python3 -W ignore:setup.py install is deprecated -W ignore:easy_install command is deprecated setup.py egg_info --egg-base ../../../../build/listener_package build --build-base /home/olympusolutions/senior_ws/build/listener_package/build install --record /home/olympusolutions/senior_ws/build/listener_package/install.log --single-version-externally-managed install_data
[6.557s] running egg_info
[6.632s] writing ../../../../build/listener_package/listener_package.egg-info/PKG-INFO
[6.644s] writing dependency_links to ../../../../build/listener_package/listener_package.egg-info/dependency_links.txt
[6.644s] writing entry points to ../../../../build/listener_package/listener_package.egg-info/entry_points.txt
[6.646s] writing requirements to ../../../../build/listener_package/listener_package.egg-info/requires.txt
[6.647s] writing top-level names to ../../../../build/listener_package/listener_package.egg-info/top_level.txt
[6.798s] reading manifest file '../../../../build/listener_package/listener_package.egg-info/SOURCES.txt'
[6.804s] adding license file 'LICENSE'
[6.804s] writing manifest file '../../../../build/listener_package/listener_package.egg-info/SOURCES.txt'
[6.805s] running build
[6.805s] running build_py
[6.816s] copying listener_package/phone_listener.py -> /home/olympusolutions/senior_ws/build/listener_package/build/lib/listener_package
[6.816s] running install
[6.824s] running install_lib
[6.925s] copying /home/olympusolutions/senior_ws/build/listener_package/build/lib/listener_package/phone_listener.py -> /home/olympusolutions/senior_ws/install/listener_package/lib/python3.12/site-packages/listener_package
[6.935s] byte-compiling /home/olympusolutions/senior_ws/install/listener_package/lib/python3.12/site-packages/listener_package/phone_listener.py to phone_listener.cpython-312.pyc
[6.935s] running install_data
[6.937s] running install_egg_info
[7.041s] removing '/home/olympusolutions/senior_ws/install/listener_package/lib/python3.12/site-packages/listener_package-0.0.0-py3.12.egg-info' (and everything under it)
[7.041s] Copying ../../../../build/listener_package/listener_package.egg-info to /home/olympusolutions/senior_ws/install/listener_package/lib/python3.12/site-packages/listener_package-0.0.0-py3.12.egg-info
[7.042s] running install_scripts
[8.091s] Installing listener script to /home/olympusolutions/senior_ws/install/listener_package/lib/listener_package
[8.091s] Installing phone_listener script to /home/olympusolutions/senior_ws/install/listener_package/lib/listener_package
[8.098s] Installing talker script to /home/olympusolutions/senior_ws/install/listener_package/lib/listener_package
[8.098s] Installing tcp_map_node script to /home/olympusolutions/senior_ws/install/listener_package/lib/listener_package
[8.101s] writing list of installed files to '/home/olympusolutions/senior_ws/build/listener_package/install.log'
[8.344s] Invoked command in '/home/olympusolutions/senior_ws/src/riley_ws/src/listener_package' returned '0': DEBUGINFOD_URLS=https://debuginfod.ubuntu.com PYTHONPATH=/home/olympusolutions/senior_ws/build/listener_package/prefix_override:/usr/lib/python3/dist-packages/colcon_core/task/python/colcon_distutils_commands:/home/olympusolutions/senior_ws/install/listener_package/lib/python3.12/site-packages:${PYTHONPATH} /usr/bin/python3 -W ignore:setup.py install is deprecated -W ignore:easy_install command is deprecated setup.py egg_info --egg-base ../../../../build/listener_package build --build-base /home/olympusolutions/senior_ws/build/listener_package/build install --record /home/olympusolutions/senior_ws/build/listener_package/install.log --single-version-externally-managed install_data
