[16.404s] Invoking command in '/home/olympusolutions/senior_ws/src/riley_ws/src/listener_package': DEBUGINFOD_URLS=https://debuginfod.ubuntu.com PYTHONPATH=/home/olympusolutions/senior_ws/build/listener_package/prefix_override:/usr/lib/python3/dist-packages/colcon_core/task/python/colcon_distutils_commands:/home/olympusolutions/senior_ws/install/listener_package/lib/python3.12/site-packages:${PYTHONPATH} /usr/bin/python3 -W ignore:setup.py install is deprecated -W ignore:easy_install command is deprecated setup.py egg_info --egg-base ../../../../build/listener_package build --build-base /home/olympusolutions/senior_ws/build/listener_package/build install --record /home/olympusolutions/senior_ws/build/listener_package/install.log --single-version-externally-managed install_data
[20.439s] running egg_info
[20.507s] writing ../../../../build/listener_package/listener_package.egg-info/PKG-INFO
[20.513s] writing dependency_links to ../../../../build/listener_package/listener_package.egg-info/dependency_links.txt
[20.523s] writing entry points to ../../../../build/listener_package/listener_package.egg-info/entry_points.txt
[20.533s] writing requirements to ../../../../build/listener_package/listener_package.egg-info/requires.txt
[20.533s] writing top-level names to ../../../../build/listener_package/listener_package.egg-info/top_level.txt
[21.327s] reading manifest file '../../../../build/listener_package/listener_package.egg-info/SOURCES.txt'
[21.329s] adding license file 'LICENSE'
[21.343s] writing manifest file '../../../../build/listener_package/listener_package.egg-info/SOURCES.txt'
[21.343s] running build
[21.346s] running build_py
[21.346s] running install
[21.372s] running install_lib
[21.754s] running install_data
[21.758s] running install_egg_info
[22.058s] removing '/home/olympusolutions/senior_ws/install/listener_package/lib/python3.12/site-packages/listener_package-0.0.0-py3.12.egg-info' (and everything under it)
[22.058s] Copying ../../../../build/listener_package/listener_package.egg-info to /home/olympusolutions/senior_ws/install/listener_package/lib/python3.12/site-packages/listener_package-0.0.0-py3.12.egg-info
[22.083s] running install_scripts
[23.583s] Installing listener script to /home/olympusolutions/senior_ws/install/listener_package/lib/listener_package
[23.591s] Installing phone_listener script to /home/olympusolutions/senior_ws/install/listener_package/lib/listener_package
[23.598s] Installing talker script to /home/olympusolutions/senior_ws/install/listener_package/lib/listener_package
[23.611s] writing list of installed files to '/home/olympusolutions/senior_ws/build/listener_package/install.log'
[25.341s] Invoked command in '/home/olympusolutions/senior_ws/src/riley_ws/src/listener_package' returned '0': DEBUGINFOD_URLS=https://debuginfod.ubuntu.com PYTHONPATH=/home/olympusolutions/senior_ws/build/listener_package/prefix_override:/usr/lib/python3/dist-packages/colcon_core/task/python/colcon_distutils_commands:/home/olympusolutions/senior_ws/install/listener_package/lib/python3.12/site-packages:${PYTHONPATH} /usr/bin/python3 -W ignore:setup.py install is deprecated -W ignore:easy_install command is deprecated setup.py egg_info --egg-base ../../../../build/listener_package build --build-base /home/olympusolutions/senior_ws/build/listener_package/build install --record /home/olympusolutions/senior_ws/build/listener_package/install.log --single-version-externally-managed install_data
