[0.539s] Invoking command in '/home/olympusolutions/senior_ws/build/minibot': CMAKE_PREFIX_PATH=${CMAKE_PREFIX_PATH}:/opt/ros/jazzy DEBUGINFOD_URLS=https://debuginfod.ubuntu.com /usr/bin/cmake --build /home/olympusolutions/senior_ws/build/minibot -- -j4 -l4
[0.721s] [100%] Built target velocity_publisher
[0.846s] Invoked command in '/home/olympusolutions/senior_ws/build/minibot' returned '0': CMAKE_PREFIX_PATH=${CMAKE_PREFIX_PATH}:/opt/ros/jazzy DEBUGINFOD_URLS=https://debuginfod.ubuntu.com /usr/bin/cmake --build /home/olympusolutions/senior_ws/build/minibot -- -j4 -l4
[0.853s] Invoking command in '/home/olympusolutions/senior_ws/build/minibot': CMAKE_PREFIX_PATH=${CMAKE_PREFIX_PATH}:/opt/ros/jazzy DEBUGINFOD_URLS=https://debuginfod.ubuntu.com /usr/bin/cmake --install /home/olympusolutions/senior_ws/build/minibot
[0.903s] -- Install configuration: ""
[0.903s] -- Up-to-date: /home/olympusolutions/senior_ws/install/minibot/lib/minibot/velocity_publisher
[0.903s] -- Up-to-date: /home/olympusolutions/senior_ws/install/minibot/share/minibot/config
[0.903s] -- Up-to-date: /home/olympusolutions/senior_ws/install/minibot/share/minibot/config/minibot_display.rviz
[0.903s] -- Up-to-date: /home/olympusolutions/senior_ws/install/minibot/share/minibot/config/empty.yaml
[0.903s] -- Up-to-date: /home/olympusolutions/senior_ws/install/minibot/share/minibot/config/minibot_config.rviz
[0.904s] -- Up-to-date: /home/olympusolutions/senior_ws/install/minibot/share/minibot/config/controller_gz_sim.yaml
[0.904s] -- Up-to-date: /home/olympusolutions/senior_ws/install/minibot/share/minibot/config/gz_params.yaml
[0.904s] -- Up-to-date: /home/olympusolutions/senior_ws/install/minibot/share/minibot/config/twist_mux.yaml
[0.904s] -- Up-to-date: /home/olympusolutions/senior_ws/install/minibot/share/minibot/config/mapper_params_online_async.yaml
[0.904s] -- Up-to-date: /home/olympusolutions/senior_ws/install/minibot/share/minibot/config/controller.yaml
[0.904s] -- Up-to-date: /home/olympusolutions/senior_ws/install/minibot/share/minibot/config/sim_config.rviz
[0.904s] -- Up-to-date: /home/olympusolutions/senior_ws/install/minibot/share/minibot/config/nav2_params.yaml
[0.904s] -- Up-to-date: /home/olympusolutions/senior_ws/install/minibot/share/minibot/config/joystick_params.yaml
[0.905s] -- Up-to-date: /home/olympusolutions/senior_ws/install/minibot/share/minibot/config/mapper_params_localization.yaml
[0.905s] -- Up-to-date: /home/olympusolutions/senior_ws/install/minibot/share/minibot/description
[0.905s] -- Up-to-date: /home/olympusolutions/senior_ws/install/minibot/share/minibot/description/robot.urdf.xacro
[0.905s] -- Up-to-date: /home/olympusolutions/senior_ws/install/minibot/share/minibot/description/inertial_macros.xacro
[0.905s] -- Up-to-date: /home/olympusolutions/senior_ws/install/minibot/share/minibot/description/robot_main.xacro
[0.911s] -- Up-to-date: /home/olympusolutions/senior_ws/install/minibot/share/minibot/description/ros2_control.xacro
[0.911s] -- Up-to-date: /home/olympusolutions/senior_ws/install/minibot/share/minibot/description/gz_diff_drive_control.xacro
[0.911s] -- Up-to-date: /home/olympusolutions/senior_ws/install/minibot/share/minibot/description/depth_camera.xacro
[0.912s] -- Up-to-date: /home/olympusolutions/senior_ws/install/minibot/share/minibot/description/camera.xacro
[0.912s] -- Up-to-date: /home/olympusolutions/senior_ws/install/minibot/share/minibot/description/lidar.xacro
[0.912s] -- Up-to-date: /home/olympusolutions/senior_ws/install/minibot/share/minibot/launch
[0.912s] -- Up-to-date: /home/olympusolutions/senior_ws/install/minibot/share/minibot/launch/navigation_launch.py
[0.912s] -- Up-to-date: /home/olympusolutions/senior_ws/install/minibot/share/minibot/launch/joystick_teleop.launch.py
[0.912s] -- Up-to-date: /home/olympusolutions/senior_ws/install/minibot/share/minibot/launch/sim.launch.py
[0.912s] -- Up-to-date: /home/olympusolutions/senior_ws/install/minibot/share/minibot/launch/robot_remote_station.launch.py
[0.912s] -- Up-to-date: /home/olympusolutions/senior_ws/install/minibot/share/minibot/launch/keyboard_combine.launch.py
[0.914s] -- Up-to-date: /home/olympusolutions/senior_ws/install/minibot/share/minibot/launch/sim_control_station.launch.py
[0.914s] -- Up-to-date: /home/olympusolutions/senior_ws/install/minibot/share/minibot/launch/keyboard.launch.py
[0.914s] -- Up-to-date: /home/olympusolutions/senior_ws/install/minibot/share/minibot/launch/robot.launch.py
[0.914s] -- Up-to-date: /home/olympusolutions/senior_ws/install/minibot/share/minibot/launch/camera.launch.py
[0.914s] -- Up-to-date: /home/olympusolutions/senior_ws/install/minibot/share/minibot/worlds
[0.914s] -- Up-to-date: /home/olympusolutions/senior_ws/install/minibot/share/minibot/worlds/empty.sdf
[0.914s] -- Up-to-date: /home/olympusolutions/senior_ws/install/minibot/share/minibot/worlds/playground.sdf
[0.914s] -- Up-to-date: /home/olympusolutions/senior_ws/install/minibot/share/minibot/demo_publisher_node
[0.915s] -- Up-to-date: /home/olympusolutions/senior_ws/install/minibot/share/minibot/demo_publisher_node/gripper_teleop_node.py
[0.915s] -- Up-to-date: /home/olympusolutions/senior_ws/install/minibot/share/minibot/demo_publisher_node/platform_teleop_node.py
[0.915s] -- Up-to-date: /home/olympusolutions/senior_ws/install/minibot/share/minibot/demo_publisher_node/extender_teleop_node.py
[0.915s] -- Up-to-date: /home/olympusolutions/senior_ws/install/minibot/share/minibot/demo_publisher_node/emergent_shutdown_node.py
[0.915s] -- Up-to-date: /home/olympusolutions/senior_ws/install/minibot/share/minibot/demo_publisher_node/imu_publisher_node.py
[0.921s] -- Up-to-date: /home/olympusolutions/senior_ws/install/minibot/share/minibot/demo_publisher_node/velocity_publisher.cpp
[0.921s] -- Up-to-date: /home/olympusolutions/senior_ws/install/minibot/share/minibot/demo_publisher_node/linear_data_collector_node.py
[0.921s] -- Up-to-date: /home/olympusolutions/senior_ws/install/minibot/share/minibot/maps
[0.921s] -- Up-to-date: /home/olympusolutions/senior_ws/install/minibot/share/minibot/maps/sample_map.pgm
[0.921s] -- Up-to-date: /home/olympusolutions/senior_ws/install/minibot/share/minibot/maps/map_01.pgm
[0.921s] -- Up-to-date: /home/olympusolutions/senior_ws/install/minibot/share/minibot/maps/sample_map_serial.data
[0.921s] -- Up-to-date: /home/olympusolutions/senior_ws/install/minibot/share/minibot/maps/map_01_serial.posegraph
[0.921s] -- Up-to-date: /home/olympusolutions/senior_ws/install/minibot/share/minibot/maps/sample_map.yaml
[0.921s] -- Up-to-date: /home/olympusolutions/senior_ws/install/minibot/share/minibot/maps/sample_map_serial.posegraph
[0.922s] -- Up-to-date: /home/olympusolutions/senior_ws/install/minibot/share/minibot/maps/map_01_serial.data
[0.922s] -- Up-to-date: /home/olympusolutions/senior_ws/install/minibot/share/minibot/maps/map_01.yaml
[0.922s] -- Up-to-date: /home/olympusolutions/senior_ws/install/minibot/share/minibot/visual_demos
[0.922s] -- Up-to-date: /home/olympusolutions/senior_ws/install/minibot/share/minibot/visual_demos/robot_hardware.jpg
[0.922s] -- Up-to-date: /home/olympusolutions/senior_ws/install/minibot/share/minibot/visual_demos/robot_visual.jpg
[0.922s] -- Up-to-date: /home/olympusolutions/senior_ws/install/minibot/share/minibot/visual_demos/SLAM_demostration-ezgif.com-video-to-gif-converter.gif
[0.922s] -- Up-to-date: /home/olympusolutions/senior_ws/install/minibot/share/minibot/visual_demos/Nav2_demostration-ezgif.com-video-to-gif-converter.gif
[0.922s] -- Up-to-date: /home/olympusolutions/senior_ws/install/minibot/share/minibot/launch
[0.922s] -- Up-to-date: /home/olympusolutions/senior_ws/install/minibot/share/minibot/launch/navigation_launch.py
[0.922s] -- Up-to-date: /home/olympusolutions/senior_ws/install/minibot/share/minibot/launch/joystick_teleop.launch.py
[0.923s] -- Up-to-date: /home/olympusolutions/senior_ws/install/minibot/share/minibot/launch/sim.launch.py
[0.923s] -- Up-to-date: /home/olympusolutions/senior_ws/install/minibot/share/minibot/launch/robot_remote_station.launch.py
[0.923s] -- Up-to-date: /home/olympusolutions/senior_ws/install/minibot/share/minibot/launch/keyboard_combine.launch.py
[0.923s] -- Up-to-date: /home/olympusolutions/senior_ws/install/minibot/share/minibot/launch/sim_control_station.launch.py
[0.931s] -- Up-to-date: /home/olympusolutions/senior_ws/install/minibot/share/minibot/launch/keyboard.launch.py
[0.932s] -- Up-to-date: /home/olympusolutions/senior_ws/install/minibot/share/minibot/launch/robot.launch.py
[0.932s] -- Up-to-date: /home/olympusolutions/senior_ws/install/minibot/share/minibot/launch/camera.launch.py
[0.932s] -- Up-to-date: /home/olympusolutions/senior_ws/install/minibot/share/minibot/config
[0.932s] -- Up-to-date: /home/olympusolutions/senior_ws/install/minibot/share/minibot/config/minibot_display.rviz
[0.932s] -- Up-to-date: /home/olympusolutions/senior_ws/install/minibot/share/minibot/config/empty.yaml
[0.933s] -- Up-to-date: /home/olympusolutions/senior_ws/install/minibot/share/minibot/config/minibot_config.rviz
[0.933s] -- Up-to-date: /home/olympusolutions/senior_ws/install/minibot/share/minibot/config/controller_gz_sim.yaml
[0.933s] -- Up-to-date: /home/olympusolutions/senior_ws/install/minibot/share/minibot/config/gz_params.yaml
[0.933s] -- Up-to-date: /home/olympusolutions/senior_ws/install/minibot/share/minibot/config/twist_mux.yaml
[0.933s] -- Up-to-date: /home/olympusolutions/senior_ws/install/minibot/share/minibot/config/mapper_params_online_async.yaml
[0.933s] -- Up-to-date: /home/olympusolutions/senior_ws/install/minibot/share/minibot/config/controller.yaml
[0.933s] -- Up-to-date: /home/olympusolutions/senior_ws/install/minibot/share/minibot/config/sim_config.rviz
[0.933s] -- Up-to-date: /home/olympusolutions/senior_ws/install/minibot/share/minibot/config/nav2_params.yaml
[0.933s] -- Up-to-date: /home/olympusolutions/senior_ws/install/minibot/share/minibot/config/joystick_params.yaml
[0.933s] -- Up-to-date: /home/olympusolutions/senior_ws/install/minibot/share/minibot/config/mapper_params_localization.yaml
[0.934s] -- Up-to-date: /home/olympusolutions/senior_ws/install/minibot/lib/minibot/extender_teleop_node.py
[0.934s] -- Up-to-date: /home/olympusolutions/senior_ws/install/minibot/lib/minibot/gripper_teleop_node.py
[0.934s] -- Up-to-date: /home/olympusolutions/senior_ws/install/minibot/lib/minibot/platform_teleop_node.py
[0.934s] -- Up-to-date: /home/olympusolutions/senior_ws/install/minibot/lib/minibot/linear_data_collector_node.py
[0.934s] -- Up-to-date: /home/olympusolutions/senior_ws/install/minibot/lib/minibot/imu_publisher_node.py
[0.937s] -- Up-to-date: /home/olympusolutions/senior_ws/install/minibot/lib/minibot/emergent_shutdown_node.py
[0.937s] -- Up-to-date: /home/olympusolutions/senior_ws/install/minibot/share/ament_index/resource_index/package_run_dependencies/minibot
[0.938s] -- Up-to-date: /home/olympusolutions/senior_ws/install/minibot/share/ament_index/resource_index/parent_prefix_path/minibot
[0.938s] -- Up-to-date: /home/olympusolutions/senior_ws/install/minibot/share/minibot/environment/ament_prefix_path.sh
[0.938s] -- Up-to-date: /home/olympusolutions/senior_ws/install/minibot/share/minibot/environment/ament_prefix_path.dsv
[0.938s] -- Up-to-date: /home/olympusolutions/senior_ws/install/minibot/share/minibot/environment/path.sh
[0.938s] -- Up-to-date: /home/olympusolutions/senior_ws/install/minibot/share/minibot/environment/path.dsv
[0.938s] -- Up-to-date: /home/olympusolutions/senior_ws/install/minibot/share/minibot/local_setup.bash
[0.938s] -- Up-to-date: /home/olympusolutions/senior_ws/install/minibot/share/minibot/local_setup.sh
[0.938s] -- Up-to-date: /home/olympusolutions/senior_ws/install/minibot/share/minibot/local_setup.zsh
[0.938s] -- Up-to-date: /home/olympusolutions/senior_ws/install/minibot/share/minibot/local_setup.dsv
[0.939s] -- Installing: /home/olympusolutions/senior_ws/install/minibot/share/minibot/package.dsv
[0.939s] -- Up-to-date: /home/olympusolutions/senior_ws/install/minibot/share/ament_index/resource_index/packages/minibot
[0.939s] -- Up-to-date: /home/olympusolutions/senior_ws/install/minibot/share/minibot/cmake/minibotConfig.cmake
[0.939s] -- Up-to-date: /home/olympusolutions/senior_ws/install/minibot/share/minibot/cmake/minibotConfig-version.cmake
[0.939s] -- Up-to-date: /home/olympusolutions/senior_ws/install/minibot/share/minibot/package.xml
[1.588s] Invoked command in '/home/olympusolutions/senior_ws/build/minibot' returned '0': CMAKE_PREFIX_PATH=${CMAKE_PREFIX_PATH}:/opt/ros/jazzy DEBUGINFOD_URLS=https://debuginfod.ubuntu.com /usr/bin/cmake --install /home/olympusolutions/senior_ws/build/minibot
