[1.490s] Invoking command in '/home/olympusolutions/senior_ws/src/riley_ws/src/listener_package': DEBUGINFOD_URLS=https://debuginfod.ubuntu.com PYTHONPATH=/home/olympusolutions/senior_ws/build/listener_package/prefix_override:/usr/lib/python3/dist-packages/colcon_core/task/python/colcon_distutils_commands:/home/olympusolutions/senior_ws/install/listener_package/lib/python3.12/site-packages:${PYTHONPATH} /usr/bin/python3 -W ignore:setup.py install is deprecated -W ignore:easy_install command is deprecated setup.py egg_info --egg-base ../../../../build/listener_package build --build-base /home/olympusolutions/senior_ws/build/listener_package/build install --record /home/olympusolutions/senior_ws/build/listener_package/install.log --single-version-externally-managed install_data
[2.043s] running egg_info
[2.072s] writing ../../../../build/listener_package/listener_package.egg-info/PKG-INFO
[2.073s] writing dependency_links to ../../../../build/listener_package/listener_package.egg-info/dependency_links.txt
[2.074s] writing entry points to ../../../../build/listener_package/listener_package.egg-info/entry_points.txt
[2.076s] writing requirements to ../../../../build/listener_package/listener_package.egg-info/requires.txt
[2.077s] writing top-level names to ../../../../build/listener_package/listener_package.egg-info/top_level.txt
[2.141s] reading manifest file '../../../../build/listener_package/listener_package.egg-info/SOURCES.txt'
[2.141s] adding license file 'LICENSE'
[2.142s] writing manifest file '../../../../build/listener_package/listener_package.egg-info/SOURCES.txt'
[2.142s] running build
[2.142s] running build_py
[2.143s] copying listener_package/phone_listener.py -> /home/olympusolutions/senior_ws/build/listener_package/build/lib/listener_package
[2.143s] running install
[2.153s] running install_lib
[2.183s] copying /home/olympusolutions/senior_ws/build/listener_package/build/lib/listener_package/phone_listener.py -> /home/olympusolutions/senior_ws/install/listener_package/lib/python3.12/site-packages/listener_package
[2.184s] byte-compiling /home/olympusolutions/senior_ws/install/listener_package/lib/python3.12/site-packages/listener_package/phone_listener.py to phone_listener.cpython-312.pyc
[2.187s] running install_data
[2.187s] running install_egg_info
[2.222s] removing '/home/olympusolutions/senior_ws/install/listener_package/lib/python3.12/site-packages/listener_package-0.0.0-py3.12.egg-info' (and everything under it)
[2.222s] Copying ../../../../build/listener_package/listener_package.egg-info to /home/olympusolutions/senior_ws/install/listener_package/lib/python3.12/site-packages/listener_package-0.0.0-py3.12.egg-info
[2.223s] running install_scripts
[2.441s] Installing listener script to /home/olympusolutions/senior_ws/install/listener_package/lib/listener_package
[2.442s] Installing map_publisher script to /home/olympusolutions/senior_ws/install/listener_package/lib/listener_package
[2.443s] Installing phone_listener script to /home/olympusolutions/senior_ws/install/listener_package/lib/listener_package
[2.445s] Installing talker script to /home/olympusolutions/senior_ws/install/listener_package/lib/listener_package
[2.446s] Installing tcp_map_node script to /home/olympusolutions/senior_ws/install/listener_package/lib/listener_package
[2.448s] writing list of installed files to '/home/olympusolutions/senior_ws/build/listener_package/install.log'
[2.535s] Invoked command in '/home/olympusolutions/senior_ws/src/riley_ws/src/listener_package' returned '0': DEBUGINFOD_URLS=https://debuginfod.ubuntu.com PYTHONPATH=/home/olympusolutions/senior_ws/build/listener_package/prefix_override:/usr/lib/python3/dist-packages/colcon_core/task/python/colcon_distutils_commands:/home/olympusolutions/senior_ws/install/listener_package/lib/python3.12/site-packages:${PYTHONPATH} /usr/bin/python3 -W ignore:setup.py install is deprecated -W ignore:easy_install command is deprecated setup.py egg_info --egg-base ../../../../build/listener_package build --build-base /home/olympusolutions/senior_ws/build/listener_package/build install --record /home/olympusolutions/senior_ws/build/listener_package/install.log --single-version-externally-managed install_data
