[4.044s] Invoking command in '/home/olympusolutions/senior_ws/build/listener_package': DEBUGINFOD_URLS=https://debuginfod.ubuntu.com PYTHONPATH=/home/olympusolutions/senior_ws/build/listener_package/prefix_override:/home/olympusolutions/.espressif/python_env/idf5.4_py3.12_env/lib/python3.12/site-packages/colcon_core/task/python/colcon_distutils_commands:/home/olympusolutions/senior_ws/install/listener_package/lib/python3.12/site-packages:${PYTHONPATH} /home/olympusolutions/.espressif/python_env/idf5.4_py3.12_env/bin/python -W ignore:setup.py install is deprecated -W ignore:easy_install command is deprecated setup.py develop --editable --build-directory /home/olympusolutions/senior_ws/build/listener_package/build --no-deps symlink_data
[6.924s] running develop
[8.254s] running egg_info
[8.670s] writing listener_package.egg-info/PKG-INFO
[8.670s] writing dependency_links to listener_package.egg-info/dependency_links.txt
[8.670s] writing entry points to listener_package.egg-info/entry_points.txt
[8.671s] writing requirements to listener_package.egg-info/requires.txt
[8.671s] writing top-level names to listener_package.egg-info/top_level.txt
[8.804s] reading manifest file 'listener_package.egg-info/SOURCES.txt'
[8.804s] writing manifest file 'listener_package.egg-info/SOURCES.txt'
[8.903s] running build_ext
[8.905s] Creating /home/olympusolutions/senior_ws/install/listener_package/lib/python3.12/site-packages/listener-package.egg-link (link to .)
[8.905s] Installing listener script to /home/olympusolutions/senior_ws/install/listener_package/lib/listener_package
[8.905s] Installing map_publisher script to /home/olympusolutions/senior_ws/install/listener_package/lib/listener_package
[8.905s] Installing phone_listener script to /home/olympusolutions/senior_ws/install/listener_package/lib/listener_package
[8.906s] Installing talker script to /home/olympusolutions/senior_ws/install/listener_package/lib/listener_package
[8.906s] Installing tcp_map_node script to /home/olympusolutions/senior_ws/install/listener_package/lib/listener_package
[8.906s] 
[8.927s] Installed /home/olympusolutions/senior_ws/build/listener_package
[8.928s] running symlink_data
[11.659s] Invoked command in '/home/olympusolutions/senior_ws/build/listener_package' returned '0': DEBUGINFOD_URLS=https://debuginfod.ubuntu.com PYTHONPATH=/home/olympusolutions/senior_ws/build/listener_package/prefix_override:/home/olympusolutions/.espressif/python_env/idf5.4_py3.12_env/lib/python3.12/site-packages/colcon_core/task/python/colcon_distutils_commands:/home/olympusolutions/senior_ws/install/listener_package/lib/python3.12/site-packages:${PYTHONPATH} /home/olympusolutions/.espressif/python_env/idf5.4_py3.12_env/bin/python -W ignore:setup.py install is deprecated -W ignore:easy_install command is deprecated setup.py develop --editable --build-directory /home/olympusolutions/senior_ws/build/listener_package/build --no-deps symlink_data
