[2.815s] Invoking command in '/home/olympusolutions/senior_ws/src/riley_ws/src/listener_package': DEBUGINFOD_URLS=https://debuginfod.ubuntu.com PYTHONPATH=/home/olympusolutions/senior_ws/build/listener_package/prefix_override:/usr/lib/python3/dist-packages/colcon_core/task/python/colcon_distutils_commands:/home/olympusolutions/senior_ws/install/listener_package/lib/python3.12/site-packages:${PYTHONPATH} /usr/bin/python3 -W ignore:setup.py install is deprecated -W ignore:easy_install command is deprecated setup.py egg_info --egg-base ../../../../build/listener_package build --build-base /home/olympusolutions/senior_ws/build/listener_package/build install --record /home/olympusolutions/senior_ws/build/listener_package/install.log --single-version-externally-managed install_data
[3.665s] running egg_info
[3.777s] writing ../../../../build/listener_package/listener_package.egg-info/PKG-INFO
[3.782s] writing dependency_links to ../../../../build/listener_package/listener_package.egg-info/dependency_links.txt
[3.783s] writing entry points to ../../../../build/listener_package/listener_package.egg-info/entry_points.txt
[3.788s] writing requirements to ../../../../build/listener_package/listener_package.egg-info/requires.txt
[3.797s] writing top-level names to ../../../../build/listener_package/listener_package.egg-info/top_level.txt
[3.983s] reading manifest file '../../../../build/listener_package/listener_package.egg-info/SOURCES.txt'
[3.984s] adding license file 'LICENSE'
[3.986s] writing manifest file '../../../../build/listener_package/listener_package.egg-info/SOURCES.txt'
[3.989s] running build
[3.989s] running build_py
[3.989s] copying listener_package/phone_listener.py -> /home/olympusolutions/senior_ws/build/listener_package/build/lib/listener_package
[3.989s] running install
[4.004s] running install_lib
[4.061s] copying /home/olympusolutions/senior_ws/build/listener_package/build/lib/listener_package/phone_listener.py -> /home/olympusolutions/senior_ws/install/listener_package/lib/python3.12/site-packages/listener_package
[4.065s] byte-compiling /home/olympusolutions/senior_ws/install/listener_package/lib/python3.12/site-packages/listener_package/phone_listener.py to phone_listener.cpython-312.pyc
[4.069s] running install_data
[4.070s] running install_egg_info
[4.132s] removing '/home/olympusolutions/senior_ws/install/listener_package/lib/python3.12/site-packages/listener_package-0.0.0-py3.12.egg-info' (and everything under it)
[4.135s] Copying ../../../../build/listener_package/listener_package.egg-info to /home/olympusolutions/senior_ws/install/listener_package/lib/python3.12/site-packages/listener_package-0.0.0-py3.12.egg-info
[4.142s] running install_scripts
[5.017s] Installing listener script to /home/olympusolutions/senior_ws/install/listener_package/lib/listener_package
[5.023s] Installing map_publisher script to /home/olympusolutions/senior_ws/install/listener_package/lib/listener_package
[5.029s] Installing phone_listener script to /home/olympusolutions/senior_ws/install/listener_package/lib/listener_package
[5.033s] Installing talker script to /home/olympusolutions/senior_ws/install/listener_package/lib/listener_package
[5.034s] Installing tcp_map_node script to /home/olympusolutions/senior_ws/install/listener_package/lib/listener_package
[5.049s] writing list of installed files to '/home/olympusolutions/senior_ws/build/listener_package/install.log'
[5.621s] Invoked command in '/home/olympusolutions/senior_ws/src/riley_ws/src/listener_package' returned '0': DEBUGINFOD_URLS=https://debuginfod.ubuntu.com PYTHONPATH=/home/olympusolutions/senior_ws/build/listener_package/prefix_override:/usr/lib/python3/dist-packages/colcon_core/task/python/colcon_distutils_commands:/home/olympusolutions/senior_ws/install/listener_package/lib/python3.12/site-packages:${PYTHONPATH} /usr/bin/python3 -W ignore:setup.py install is deprecated -W ignore:easy_install command is deprecated setup.py egg_info --egg-base ../../../../build/listener_package build --build-base /home/olympusolutions/senior_ws/build/listener_package/build install --record /home/olympusolutions/senior_ws/build/listener_package/install.log --single-version-externally-managed install_data
