[2.012s] Invoking command in '/home/olympusolutions/senior_ws/build/serial': CMAKE_PREFIX_PATH=${CMAKE_PREFIX_PATH}:/opt/ros/jazzy DEBUGINFOD_URLS=https://debuginfod.ubuntu.com /usr/bin/cmake --build /home/olympusolutions/senior_ws/build/serial -- -j4 -l4
[2.484s] [ 14%] Built target gtest_main
[2.517s] [ 42%] Built target serial
[2.517s] [ 57%] Built target gtest
[2.716s] [ 71%] Built target serial_example
[2.728s] [ 85%] Built target serial-test-timer
[2.882s] [100%] Built target serial-test
[2.973s] Invoked command in '/home/olympusolutions/senior_ws/build/serial' returned '0': CMAKE_PREFIX_PATH=${CMAKE_PREFIX_PATH}:/opt/ros/jazzy DEBUGINFOD_URLS=https://debuginfod.ubuntu.com /usr/bin/cmake --build /home/olympusolutions/senior_ws/build/serial -- -j4 -l4
[2.983s] Invoking command in '/home/olympusolutions/senior_ws/build/serial': CMAKE_PREFIX_PATH=${CMAKE_PREFIX_PATH}:/opt/ros/jazzy DEBUGINFOD_URLS=https://debuginfod.ubuntu.com /usr/bin/cmake --install /home/olympusolutions/senior_ws/build/serial
[3.034s] -- Install configuration: ""
[3.039s] -- Up-to-date: /home/olympusolutions/senior_ws/install/serial/lib/libserial.a
[3.041s] -- Up-to-date: /home/olympusolutions/senior_ws/install/serial/include/serial/serial.h
[3.041s] -- Up-to-date: /home/olympusolutions/senior_ws/install/serial/include/serial/v8stdint.h
[3.041s] -- Up-to-date: /home/olympusolutions/senior_ws/install/serial/share/serial/environment/library_path.sh
[3.047s] -- Up-to-date: /home/olympusolutions/senior_ws/install/serial/share/serial/environment/library_path.dsv
[3.047s] -- Up-to-date: /home/olympusolutions/senior_ws/install/serial/share/ament_index/resource_index/package_run_dependencies/serial
[3.048s] -- Up-to-date: /home/olympusolutions/senior_ws/install/serial/share/ament_index/resource_index/parent_prefix_path/serial
[3.048s] -- Up-to-date: /home/olympusolutions/senior_ws/install/serial/share/serial/environment/ament_prefix_path.sh
[3.048s] -- Up-to-date: /home/olympusolutions/senior_ws/install/serial/share/serial/environment/ament_prefix_path.dsv
[3.048s] -- Up-to-date: /home/olympusolutions/senior_ws/install/serial/share/serial/environment/path.sh
[3.048s] -- Up-to-date: /home/olympusolutions/senior_ws/install/serial/share/serial/environment/path.dsv
[3.062s] -- Up-to-date: /home/olympusolutions/senior_ws/install/serial/share/serial/local_setup.bash
[3.062s] -- Up-to-date: /home/olympusolutions/senior_ws/install/serial/share/serial/local_setup.sh
[3.062s] -- Up-to-date: /home/olympusolutions/senior_ws/install/serial/share/serial/local_setup.zsh
[3.066s] -- Up-to-date: /home/olympusolutions/senior_ws/install/serial/share/serial/local_setup.dsv
[3.067s] -- Installing: /home/olympusolutions/senior_ws/install/serial/share/serial/package.dsv
[3.067s] -- Up-to-date: /home/olympusolutions/senior_ws/install/serial/share/ament_index/resource_index/packages/serial
[3.067s] -- Up-to-date: /home/olympusolutions/senior_ws/install/serial/share/serial/cmake/ament_cmake_export_include_directories-extras.cmake
[3.067s] -- Up-to-date: /home/olympusolutions/senior_ws/install/serial/share/serial/cmake/ament_cmake_export_libraries-extras.cmake
[3.067s] -- Up-to-date: /home/olympusolutions/senior_ws/install/serial/share/serial/cmake/serialConfig.cmake
[3.067s] -- Up-to-date: /home/olympusolutions/senior_ws/install/serial/share/serial/cmake/serialConfig-version.cmake
[3.067s] -- Up-to-date: /home/olympusolutions/senior_ws/install/serial/share/serial/package.xml
[3.069s] Invoked command in '/home/olympusolutions/senior_ws/build/serial' returned '0': CMAKE_PREFIX_PATH=${CMAKE_PREFIX_PATH}:/opt/ros/jazzy DEBUGINFOD_URLS=https://debuginfod.ubuntu.com /usr/bin/cmake --install /home/olympusolutions/senior_ws/build/serial
