[2.339s] Invoking command in '/home/olympusolutions/senior_ws/build/minibot': CMAKE_PREFIX_PATH=${CMAKE_PREFIX_PATH}:/home/olympusolutions/senior_ws/install/twist_stamper:/home/olympusolutions/senior_ws/install/serial_motor_demo:/home/olympusolutions/senior_ws/install/my_package:/home/olympusolutions/senior_ws/install/listener_package:/home/olympusolutions/senior_ws/install/joy_tester:/opt/ros/jazzy DEBUGINFOD_URLS=https://debuginfod.ubuntu.com /usr/bin/cmake --build /home/olympusolutions/senior_ws/build/minibot -- -j4 -l4
[2.688s] [100%] Built target velocity_publisher
[2.750s] Invoked command in '/home/olympusolutions/senior_ws/build/minibot' returned '0': CMAKE_PREFIX_PATH=${CMAKE_PREFIX_PATH}:/home/olympusolutions/senior_ws/install/twist_stamper:/home/olympusolutions/senior_ws/install/serial_motor_demo:/home/olympusolutions/senior_ws/install/my_package:/home/olympusolutions/senior_ws/install/listener_package:/home/olympusolutions/senior_ws/install/joy_tester:/opt/ros/jazzy DEBUGINFOD_URLS=https://debuginfod.ubuntu.com /usr/bin/cmake --build /home/olympusolutions/senior_ws/build/minibot -- -j4 -l4
[2.764s] Invoking command in '/home/olympusolutions/senior_ws/build/minibot': CMAKE_PREFIX_PATH=${CMAKE_PREFIX_PATH}:/home/olympusolutions/senior_ws/install/twist_stamper:/home/olympusolutions/senior_ws/install/serial_motor_demo:/home/olympusolutions/senior_ws/install/my_package:/home/olympusolutions/senior_ws/install/listener_package:/home/olympusolutions/senior_ws/install/joy_tester:/opt/ros/jazzy DEBUGINFOD_URLS=https://debuginfod.ubuntu.com /usr/bin/cmake --install /home/olympusolutions/senior_ws/build/minibot
[2.900s] -- Install configuration: ""
[2.905s] -- Up-to-date: /home/olympusolutions/senior_ws/install/minibot/lib/minibot/velocity_publisher
[2.918s] -- Up-to-date: /home/olympusolutions/senior_ws/install/minibot/share/minibot/config
[2.937s] -- Up-to-date: /home/olympusolutions/senior_ws/install/minibot/share/minibot/config/minibot_display.rviz
[2.945s] -- Up-to-date: /home/olympusolutions/senior_ws/install/minibot/share/minibot/config/empty.yaml
[2.950s] -- Up-to-date: /home/olympusolutions/senior_ws/install/minibot/share/minibot/config/minibot_config.rviz
[2.959s] -- Up-to-date: /home/olympusolutions/senior_ws/install/minibot/share/minibot/config/controller_gz_sim.yaml
[2.969s] -- Up-to-date: /home/olympusolutions/senior_ws/install/minibot/share/minibot/config/gz_params.yaml
[2.970s] -- Up-to-date: /home/olympusolutions/senior_ws/install/minibot/share/minibot/config/twist_mux.yaml
[2.974s] -- Up-to-date: /home/olympusolutions/senior_ws/install/minibot/share/minibot/config/mapper_params_online_async.yaml
[3.001s] -- Up-to-date: /home/olympusolutions/senior_ws/install/minibot/share/minibot/config/controller.yaml
[3.008s] -- Up-to-date: /home/olympusolutions/senior_ws/install/minibot/share/minibot/config/sim_config.rviz
[3.008s] -- Up-to-date: /home/olympusolutions/senior_ws/install/minibot/share/minibot/config/nav2_params.yaml
[3.008s] -- Up-to-date: /home/olympusolutions/senior_ws/install/minibot/share/minibot/config/joystick_params.yaml
[3.013s] -- Up-to-date: /home/olympusolutions/senior_ws/install/minibot/share/minibot/config/mapper_params_localization.yaml
[3.028s] -- Up-to-date: /home/olympusolutions/senior_ws/install/minibot/share/minibot/description
[3.028s] -- Up-to-date: /home/olympusolutions/senior_ws/install/minibot/share/minibot/description/robot.urdf.xacro
[3.030s] -- Up-to-date: /home/olympusolutions/senior_ws/install/minibot/share/minibot/description/inertial_macros.xacro
[3.032s] -- Up-to-date: /home/olympusolutions/senior_ws/install/minibot/share/minibot/description/robot_main.xacro
[3.032s] -- Up-to-date: /home/olympusolutions/senior_ws/install/minibot/share/minibot/description/ros2_control.xacro
[3.045s] -- Up-to-date: /home/olympusolutions/senior_ws/install/minibot/share/minibot/description/gz_diff_drive_control.xacro
[3.062s] -- Up-to-date: /home/olympusolutions/senior_ws/install/minibot/share/minibot/description/depth_camera.xacro
[3.064s] -- Up-to-date: /home/olympusolutions/senior_ws/install/minibot/share/minibot/description/camera.xacro
[3.069s] -- Up-to-date: /home/olympusolutions/senior_ws/install/minibot/share/minibot/description/lidar.xacro
[3.074s] -- Up-to-date: /home/olympusolutions/senior_ws/install/minibot/share/minibot/launch
[3.074s] -- Up-to-date: /home/olympusolutions/senior_ws/install/minibot/share/minibot/launch/navigation_launch.py
[3.087s] -- Up-to-date: /home/olympusolutions/senior_ws/install/minibot/share/minibot/launch/joystick_teleop.launch.py
[3.093s] -- Up-to-date: /home/olympusolutions/senior_ws/install/minibot/share/minibot/launch/sim.launch.py
[3.099s] -- Up-to-date: /home/olympusolutions/senior_ws/install/minibot/share/minibot/launch/robot_remote_station.launch.py
[3.103s] -- Up-to-date: /home/olympusolutions/senior_ws/install/minibot/share/minibot/launch/keyboard_combine.launch.py
[3.113s] -- Up-to-date: /home/olympusolutions/senior_ws/install/minibot/share/minibot/launch/sim_control_station.launch.py
[3.117s] -- Up-to-date: /home/olympusolutions/senior_ws/install/minibot/share/minibot/launch/keyboard.launch.py
[3.119s] -- Up-to-date: /home/olympusolutions/senior_ws/install/minibot/share/minibot/launch/robot.launch.py
[3.123s] -- Up-to-date: /home/olympusolutions/senior_ws/install/minibot/share/minibot/launch/camera.launch.py
[3.123s] -- Up-to-date: /home/olympusolutions/senior_ws/install/minibot/share/minibot/worlds
[3.124s] -- Up-to-date: /home/olympusolutions/senior_ws/install/minibot/share/minibot/worlds/empty.sdf
[3.126s] -- Up-to-date: /home/olympusolutions/senior_ws/install/minibot/share/minibot/worlds/playground.sdf
[3.126s] -- Up-to-date: /home/olympusolutions/senior_ws/install/minibot/share/minibot/demo_publisher_node
[3.128s] -- Up-to-date: /home/olympusolutions/senior_ws/install/minibot/share/minibot/demo_publisher_node/gripper_teleop_node.py
[3.129s] -- Up-to-date: /home/olympusolutions/senior_ws/install/minibot/share/minibot/demo_publisher_node/platform_teleop_node.py
[3.135s] -- Up-to-date: /home/olympusolutions/senior_ws/install/minibot/share/minibot/demo_publisher_node/extender_teleop_node.py
[3.135s] -- Up-to-date: /home/olympusolutions/senior_ws/install/minibot/share/minibot/demo_publisher_node/emergent_shutdown_node.py
[3.138s] -- Up-to-date: /home/olympusolutions/senior_ws/install/minibot/share/minibot/demo_publisher_node/imu_publisher_node.py
[3.151s] -- Up-to-date: /home/olympusolutions/senior_ws/install/minibot/share/minibot/demo_publisher_node/tcp_map_node.py
[3.152s] -- Up-to-date: /home/olympusolutions/senior_ws/install/minibot/share/minibot/demo_publisher_node/velocity_publisher.cpp
[3.152s] -- Up-to-date: /home/olympusolutions/senior_ws/install/minibot/share/minibot/demo_publisher_node/linear_data_collector_node.py
[3.152s] -- Up-to-date: /home/olympusolutions/senior_ws/install/minibot/share/minibot/maps
[3.152s] -- Up-to-date: /home/olympusolutions/senior_ws/install/minibot/share/minibot/maps/sample_map.pgm
[3.152s] -- Up-to-date: /home/olympusolutions/senior_ws/install/minibot/share/minibot/maps/map_01.pgm
[3.156s] -- Up-to-date: /home/olympusolutions/senior_ws/install/minibot/share/minibot/maps/sample_map_serial.data
[3.156s] -- Up-to-date: /home/olympusolutions/senior_ws/install/minibot/share/minibot/maps/map_01_serial.posegraph
[3.156s] -- Up-to-date: /home/olympusolutions/senior_ws/install/minibot/share/minibot/maps/sample_map.yaml
[3.160s] -- Up-to-date: /home/olympusolutions/senior_ws/install/minibot/share/minibot/maps/sample_map_serial.posegraph
[3.160s] -- Up-to-date: /home/olympusolutions/senior_ws/install/minibot/share/minibot/maps/map_01_serial.data
[3.160s] -- Up-to-date: /home/olympusolutions/senior_ws/install/minibot/share/minibot/maps/map_01.yaml
[3.160s] -- Up-to-date: /home/olympusolutions/senior_ws/install/minibot/share/minibot/visual_demos
[3.162s] -- Up-to-date: /home/olympusolutions/senior_ws/install/minibot/share/minibot/visual_demos/robot_hardware.jpg
[3.168s] -- Up-to-date: /home/olympusolutions/senior_ws/install/minibot/share/minibot/visual_demos/robot_visual.jpg
[3.168s] -- Up-to-date: /home/olympusolutions/senior_ws/install/minibot/share/minibot/visual_demos/SLAM_demostration-ezgif.com-video-to-gif-converter.gif
[3.168s] -- Up-to-date: /home/olympusolutions/senior_ws/install/minibot/share/minibot/visual_demos/Nav2_demostration-ezgif.com-video-to-gif-converter.gif
[3.171s] -- Up-to-date: /home/olympusolutions/senior_ws/install/minibot/share/minibot/launch
[3.178s] -- Up-to-date: /home/olympusolutions/senior_ws/install/minibot/share/minibot/launch/navigation_launch.py
[3.179s] -- Up-to-date: /home/olympusolutions/senior_ws/install/minibot/share/minibot/launch/joystick_teleop.launch.py
[3.181s] -- Up-to-date: /home/olympusolutions/senior_ws/install/minibot/share/minibot/launch/sim.launch.py
[3.186s] -- Up-to-date: /home/olympusolutions/senior_ws/install/minibot/share/minibot/launch/robot_remote_station.launch.py
[3.187s] -- Up-to-date: /home/olympusolutions/senior_ws/install/minibot/share/minibot/launch/keyboard_combine.launch.py
[3.205s] -- Up-to-date: /home/olympusolutions/senior_ws/install/minibot/share/minibot/launch/sim_control_station.launch.py
[3.209s] -- Up-to-date: /home/olympusolutions/senior_ws/install/minibot/share/minibot/launch/keyboard.launch.py
[3.210s] -- Up-to-date: /home/olympusolutions/senior_ws/install/minibot/share/minibot/launch/robot.launch.py
[3.210s] -- Up-to-date: /home/olympusolutions/senior_ws/install/minibot/share/minibot/launch/camera.launch.py
[3.210s] -- Up-to-date: /home/olympusolutions/senior_ws/install/minibot/share/minibot/config
[3.210s] -- Up-to-date: /home/olympusolutions/senior_ws/install/minibot/share/minibot/config/minibot_display.rviz
[3.210s] -- Up-to-date: /home/olympusolutions/senior_ws/install/minibot/share/minibot/config/empty.yaml
[3.210s] -- Up-to-date: /home/olympusolutions/senior_ws/install/minibot/share/minibot/config/minibot_config.rviz
[3.210s] -- Up-to-date: /home/olympusolutions/senior_ws/install/minibot/share/minibot/config/controller_gz_sim.yaml
[3.211s] -- Up-to-date: /home/olympusolutions/senior_ws/install/minibot/share/minibot/config/gz_params.yaml
[3.211s] -- Up-to-date: /home/olympusolutions/senior_ws/install/minibot/share/minibot/config/twist_mux.yaml
[3.216s] -- Up-to-date: /home/olympusolutions/senior_ws/install/minibot/share/minibot/config/mapper_params_online_async.yaml
[3.223s] -- Up-to-date: /home/olympusolutions/senior_ws/install/minibot/share/minibot/config/controller.yaml
[3.224s] -- Up-to-date: /home/olympusolutions/senior_ws/install/minibot/share/minibot/config/sim_config.rviz
[3.227s] -- Up-to-date: /home/olympusolutions/senior_ws/install/minibot/share/minibot/config/nav2_params.yaml
[3.233s] -- Up-to-date: /home/olympusolutions/senior_ws/install/minibot/share/minibot/config/joystick_params.yaml
[3.234s] -- Up-to-date: /home/olympusolutions/senior_ws/install/minibot/share/minibot/config/mapper_params_localization.yaml
[3.236s] -- Up-to-date: /home/olympusolutions/senior_ws/install/minibot/lib/minibot/extender_teleop_node.py
[3.240s] -- Up-to-date: /home/olympusolutions/senior_ws/install/minibot/lib/minibot/gripper_teleop_node.py
[3.241s] -- Up-to-date: /home/olympusolutions/senior_ws/install/minibot/lib/minibot/platform_teleop_node.py
[3.244s] -- Up-to-date: /home/olympusolutions/senior_ws/install/minibot/lib/minibot/linear_data_collector_node.py
[3.252s] -- Up-to-date: /home/olympusolutions/senior_ws/install/minibot/lib/minibot/imu_publisher_node.py
[3.260s] -- Up-to-date: /home/olympusolutions/senior_ws/install/minibot/lib/minibot/emergent_shutdown_node.py
[3.261s] -- Up-to-date: /home/olympusolutions/senior_ws/install/minibot/share/ament_index/resource_index/package_run_dependencies/minibot
[3.262s] -- Up-to-date: /home/olympusolutions/senior_ws/install/minibot/share/ament_index/resource_index/parent_prefix_path/minibot
[3.265s] -- Up-to-date: /home/olympusolutions/senior_ws/install/minibot/share/minibot/environment/ament_prefix_path.sh
[3.271s] -- Up-to-date: /home/olympusolutions/senior_ws/install/minibot/share/minibot/environment/ament_prefix_path.dsv
[3.284s] -- Up-to-date: /home/olympusolutions/senior_ws/install/minibot/share/minibot/environment/path.sh
[3.287s] -- Up-to-date: /home/olympusolutions/senior_ws/install/minibot/share/minibot/environment/path.dsv
[3.294s] -- Up-to-date: /home/olympusolutions/senior_ws/install/minibot/share/minibot/local_setup.bash
[3.312s] -- Up-to-date: /home/olympusolutions/senior_ws/install/minibot/share/minibot/local_setup.sh
[3.316s] -- Up-to-date: /home/olympusolutions/senior_ws/install/minibot/share/minibot/local_setup.zsh
[3.320s] -- Up-to-date: /home/olympusolutions/senior_ws/install/minibot/share/minibot/local_setup.dsv
[3.324s] -- Installing: /home/olympusolutions/senior_ws/install/minibot/share/minibot/package.dsv
[3.330s] -- Up-to-date: /home/olympusolutions/senior_ws/install/minibot/share/ament_index/resource_index/packages/minibot
[3.330s] -- Up-to-date: /home/olympusolutions/senior_ws/install/minibot/share/minibot/cmake/minibotConfig.cmake
[3.334s] -- Up-to-date: /home/olympusolutions/senior_ws/install/minibot/share/minibot/cmake/minibotConfig-version.cmake
[3.335s] -- Up-to-date: /home/olympusolutions/senior_ws/install/minibot/share/minibot/package.xml
[3.337s] Invoked command in '/home/olympusolutions/senior_ws/build/minibot' returned '0': CMAKE_PREFIX_PATH=${CMAKE_PREFIX_PATH}:/home/olympusolutions/senior_ws/install/twist_stamper:/home/olympusolutions/senior_ws/install/serial_motor_demo:/home/olympusolutions/senior_ws/install/my_package:/home/olympusolutions/senior_ws/install/listener_package:/home/olympusolutions/senior_ws/install/joy_tester:/opt/ros/jazzy DEBUGINFOD_URLS=https://debuginfod.ubuntu.com /usr/bin/cmake --install /home/olympusolutions/senior_ws/build/minibot
