[4.490s] Invoking command in '/home/olympusolutions/senior_ws/build/twist_stamper': DEBUGINFOD_URLS=https://debuginfod.ubuntu.com PYTHONPATH=/home/olympusolutions/senior_ws/build/twist_stamper/prefix_override:/usr/lib/python3/dist-packages/colcon_core/task/python/colcon_distutils_commands:/home/olympusolutions/senior_ws/install/twist_stamper/lib/python3.12/site-packages:${PYTHONPATH} /usr/bin/python3 -W ignore:setup.py install is deprecated -W ignore:easy_install command is deprecated setup.py develop --uninstall --editable --build-directory /home/olympusolutions/senior_ws/build/twist_stamper/build
[6.077s] running develop
[6.754s] Removing /home/olympusolutions/senior_ws/install/twist_stamper/lib/python3.12/site-packages/twist-stamper.egg-link (link to .)
[6.945s] Invoked command in '/home/olympusolutions/senior_ws/build/twist_stamper' returned '0': DEBUGINFOD_URLS=https://debuginfod.ubuntu.com PYTHONPATH=/home/olympusolutions/senior_ws/build/twist_stamper/prefix_override:/usr/lib/python3/dist-packages/colcon_core/task/python/colcon_distutils_commands:/home/olympusolutions/senior_ws/install/twist_stamper/lib/python3.12/site-packages:${PYTHONPATH} /usr/bin/python3 -W ignore:setup.py install is deprecated -W ignore:easy_install command is deprecated setup.py develop --uninstall --editable --build-directory /home/olympusolutions/senior_ws/build/twist_stamper/build
[6.951s] Invoking command in '/home/olympusolutions/senior_ws/src/twist_stamper': DEBUGINFOD_URLS=https://debuginfod.ubuntu.com PYTHONPATH=/home/olympusolutions/senior_ws/build/twist_stamper/prefix_override:/usr/lib/python3/dist-packages/colcon_core/task/python/colcon_distutils_commands:/home/olympusolutions/senior_ws/install/twist_stamper/lib/python3.12/site-packages:${PYTHONPATH} /usr/bin/python3 -W ignore:setup.py install is deprecated -W ignore:easy_install command is deprecated setup.py egg_info --egg-base ../../build/twist_stamper build --build-base /home/olympusolutions/senior_ws/build/twist_stamper/build install --record /home/olympusolutions/senior_ws/build/twist_stamper/install.log --single-version-externally-managed install_data --force
[7.746s] running egg_info
[7.795s] writing ../../build/twist_stamper/twist_stamper.egg-info/PKG-INFO
[7.796s] writing dependency_links to ../../build/twist_stamper/twist_stamper.egg-info/dependency_links.txt
[7.797s] writing entry points to ../../build/twist_stamper/twist_stamper.egg-info/entry_points.txt
[7.798s] writing requirements to ../../build/twist_stamper/twist_stamper.egg-info/requires.txt
[7.799s] writing top-level names to ../../build/twist_stamper/twist_stamper.egg-info/top_level.txt
[7.868s] reading manifest file '../../build/twist_stamper/twist_stamper.egg-info/SOURCES.txt'
[7.869s] adding license file 'LICENSE'
[7.870s] writing manifest file '../../build/twist_stamper/twist_stamper.egg-info/SOURCES.txt'
[7.870s] running build
[7.870s] running build_py
[7.872s] running install
[7.883s] running install_lib
[7.921s] creating /home/olympusolutions/senior_ws/install/twist_stamper/lib/python3.12/site-packages/twist_stamper
[7.921s] copying /home/olympusolutions/senior_ws/build/twist_stamper/build/lib/twist_stamper/__init__.py -> /home/olympusolutions/senior_ws/install/twist_stamper/lib/python3.12/site-packages/twist_stamper
[7.922s] copying /home/olympusolutions/senior_ws/build/twist_stamper/build/lib/twist_stamper/twist_stamper.py -> /home/olympusolutions/senior_ws/install/twist_stamper/lib/python3.12/site-packages/twist_stamper
[7.922s] copying /home/olympusolutions/senior_ws/build/twist_stamper/build/lib/twist_stamper/twist_unstamper.py -> /home/olympusolutions/senior_ws/install/twist_stamper/lib/python3.12/site-packages/twist_stamper
[7.924s] byte-compiling /home/olympusolutions/senior_ws/install/twist_stamper/lib/python3.12/site-packages/twist_stamper/__init__.py to __init__.cpython-312.pyc
[7.924s] byte-compiling /home/olympusolutions/senior_ws/install/twist_stamper/lib/python3.12/site-packages/twist_stamper/twist_stamper.py to twist_stamper.cpython-312.pyc
[7.927s] byte-compiling /home/olympusolutions/senior_ws/install/twist_stamper/lib/python3.12/site-packages/twist_stamper/twist_unstamper.py to twist_unstamper.cpython-312.pyc
[7.927s] running install_data
[7.928s] copying resource/twist_stamper -> /home/olympusolutions/senior_ws/install/twist_stamper/share/ament_index/resource_index/packages
[7.928s] copying package.xml -> /home/olympusolutions/senior_ws/install/twist_stamper/share/twist_stamper
[7.928s] running install_egg_info
[7.974s] Copying ../../build/twist_stamper/twist_stamper.egg-info to /home/olympusolutions/senior_ws/install/twist_stamper/lib/python3.12/site-packages/twist_stamper-0.0.5-py3.12.egg-info
[7.982s] running install_scripts
[8.300s] Installing twist_stamper script to /home/olympusolutions/senior_ws/install/twist_stamper/lib/twist_stamper
[8.303s] Installing twist_unstamper script to /home/olympusolutions/senior_ws/install/twist_stamper/lib/twist_stamper
[8.306s] writing list of installed files to '/home/olympusolutions/senior_ws/build/twist_stamper/install.log'
[8.463s] Invoked command in '/home/olympusolutions/senior_ws/src/twist_stamper' returned '0': DEBUGINFOD_URLS=https://debuginfod.ubuntu.com PYTHONPATH=/home/olympusolutions/senior_ws/build/twist_stamper/prefix_override:/usr/lib/python3/dist-packages/colcon_core/task/python/colcon_distutils_commands:/home/olympusolutions/senior_ws/install/twist_stamper/lib/python3.12/site-packages:${PYTHONPATH} /usr/bin/python3 -W ignore:setup.py install is deprecated -W ignore:easy_install command is deprecated setup.py egg_info --egg-base ../../build/twist_stamper build --build-base /home/olympusolutions/senior_ws/build/twist_stamper/build install --record /home/olympusolutions/senior_ws/build/twist_stamper/install.log --single-version-externally-managed install_data --force
