[10.309s] Invoking command in '/home/olympusolutions/senior_ws/src/riley_ws/src/listener_package': DEBUGINFOD_URLS=https://debuginfod.ubuntu.com PYTHONPATH=/home/olympusolutions/senior_ws/build/listener_package/prefix_override:/usr/lib/python3/dist-packages/colcon_core/task/python/colcon_distutils_commands:/home/olympusolutions/senior_ws/install/listener_package/lib/python3.12/site-packages:${PYTHONPATH} /usr/bin/python3 -W ignore:setup.py install is deprecated -W ignore:easy_install command is deprecated setup.py egg_info --egg-base ../../../../build/listener_package build --build-base /home/olympusolutions/senior_ws/build/listener_package/build install --record /home/olympusolutions/senior_ws/build/listener_package/install.log --single-version-externally-managed install_data
[13.679s] running egg_info
[13.679s] writing ../../../../build/listener_package/listener_package.egg-info/PKG-INFO
[13.679s] writing dependency_links to ../../../../build/listener_package/listener_package.egg-info/dependency_links.txt
[13.680s] writing entry points to ../../../../build/listener_package/listener_package.egg-info/entry_points.txt
[13.710s] writing requirements to ../../../../build/listener_package/listener_package.egg-info/requires.txt
[13.710s] writing top-level names to ../../../../build/listener_package/listener_package.egg-info/top_level.txt
[13.711s] reading manifest file '../../../../build/listener_package/listener_package.egg-info/SOURCES.txt'
[13.711s] adding license file 'LICENSE'
[13.711s] writing manifest file '../../../../build/listener_package/listener_package.egg-info/SOURCES.txt'
[13.711s] running build
[13.711s] running build_py
[13.711s] copying listener_package/phone_listener.py -> /home/olympusolutions/senior_ws/build/listener_package/build/lib/listener_package
[13.712s] running install
[13.712s] running install_lib
[13.712s] copying /home/olympusolutions/senior_ws/build/listener_package/build/lib/listener_package/phone_listener.py -> /home/olympusolutions/senior_ws/install/listener_package/lib/python3.12/site-packages/listener_package
[13.712s] byte-compiling /home/olympusolutions/senior_ws/install/listener_package/lib/python3.12/site-packages/listener_package/phone_listener.py to phone_listener.cpython-312.pyc
[13.777s] running install_data
[13.816s] running install_egg_info
[13.824s] removing '/home/olympusolutions/senior_ws/install/listener_package/lib/python3.12/site-packages/listener_package-0.0.0-py3.12.egg-info' (and everything under it)
[13.825s] Copying ../../../../build/listener_package/listener_package.egg-info to /home/olympusolutions/senior_ws/install/listener_package/lib/python3.12/site-packages/listener_package-0.0.0-py3.12.egg-info
[13.825s] running install_scripts
[14.858s] Installing listener script to /home/olympusolutions/senior_ws/install/listener_package/lib/listener_package
[14.957s] Installing map_publisher script to /home/olympusolutions/senior_ws/install/listener_package/lib/listener_package
[14.957s] Installing phone_listener script to /home/olympusolutions/senior_ws/install/listener_package/lib/listener_package
[14.957s] Installing talker script to /home/olympusolutions/senior_ws/install/listener_package/lib/listener_package
[14.958s] Installing tcp_map_node script to /home/olympusolutions/senior_ws/install/listener_package/lib/listener_package
[14.961s] writing list of installed files to '/home/olympusolutions/senior_ws/build/listener_package/install.log'
[18.669s] Invoked command in '/home/olympusolutions/senior_ws/src/riley_ws/src/listener_package' returned '0': DEBUGINFOD_URLS=https://debuginfod.ubuntu.com PYTHONPATH=/home/olympusolutions/senior_ws/build/listener_package/prefix_override:/usr/lib/python3/dist-packages/colcon_core/task/python/colcon_distutils_commands:/home/olympusolutions/senior_ws/install/listener_package/lib/python3.12/site-packages:${PYTHONPATH} /usr/bin/python3 -W ignore:setup.py install is deprecated -W ignore:easy_install command is deprecated setup.py egg_info --egg-base ../../../../build/listener_package build --build-base /home/olympusolutions/senior_ws/build/listener_package/build install --record /home/olympusolutions/senior_ws/build/listener_package/install.log --single-version-externally-managed install_data
