[2.636s] Invoking command in '/home/olympusolutions/senior_ws/src/riley_ws/src/my_package': DEBUGINFOD_URLS=https://debuginfod.ubuntu.com PYTHONPATH=/home/olympusolutions/senior_ws/build/my_package/prefix_override:/usr/lib/python3/dist-packages/colcon_core/task/python/colcon_distutils_commands:/home/olympusolutions/senior_ws/install/my_package/lib/python3.12/site-packages:${PYTHONPATH} /usr/bin/python3 -W ignore:setup.py install is deprecated -W ignore:easy_install command is deprecated setup.py egg_info --egg-base ../../../../build/my_package build --build-base /home/olympusolutions/senior_ws/build/my_package/build install --record /home/olympusolutions/senior_ws/build/my_package/install.log --single-version-externally-managed install_data
[3.360s] running egg_info
[3.362s] creating ../../../../build/my_package/my_package.egg-info
[3.435s] writing ../../../../build/my_package/my_package.egg-info/PKG-INFO
[3.435s] writing dependency_links to ../../../../build/my_package/my_package.egg-info/dependency_links.txt
[3.436s] writing entry points to ../../../../build/my_package/my_package.egg-info/entry_points.txt
[3.436s] writing requirements to ../../../../build/my_package/my_package.egg-info/requires.txt
[3.436s] writing top-level names to ../../../../build/my_package/my_package.egg-info/top_level.txt
[3.436s] writing manifest file '../../../../build/my_package/my_package.egg-info/SOURCES.txt'
[3.626s] reading manifest file '../../../../build/my_package/my_package.egg-info/SOURCES.txt'
[3.628s] adding license file 'LICENSE'
[3.632s] writing manifest file '../../../../build/my_package/my_package.egg-info/SOURCES.txt'
[3.632s] running build
[3.632s] running build_py
[3.635s] creating /home/olympusolutions/senior_ws/build/my_package/build
[3.637s] creating /home/olympusolutions/senior_ws/build/my_package/build/lib
[3.637s] creating /home/olympusolutions/senior_ws/build/my_package/build/lib/my_package
[3.641s] copying my_package/__init__.py -> /home/olympusolutions/senior_ws/build/my_package/build/lib/my_package
[3.646s] copying my_package/my_node.py -> /home/olympusolutions/senior_ws/build/my_package/build/lib/my_package
[3.648s] running install
[3.676s] running install_lib
[3.763s] creating /home/olympusolutions/senior_ws/install/my_package/lib/python3.12/site-packages/my_package
[3.763s] copying /home/olympusolutions/senior_ws/build/my_package/build/lib/my_package/__init__.py -> /home/olympusolutions/senior_ws/install/my_package/lib/python3.12/site-packages/my_package
[3.764s] copying /home/olympusolutions/senior_ws/build/my_package/build/lib/my_package/my_node.py -> /home/olympusolutions/senior_ws/install/my_package/lib/python3.12/site-packages/my_package
[3.766s] byte-compiling /home/olympusolutions/senior_ws/install/my_package/lib/python3.12/site-packages/my_package/__init__.py to __init__.cpython-312.pyc
[3.769s] byte-compiling /home/olympusolutions/senior_ws/install/my_package/lib/python3.12/site-packages/my_package/my_node.py to my_node.cpython-312.pyc
[3.770s] running install_data
[3.771s] creating /home/olympusolutions/senior_ws/install/my_package/share/ament_index
[3.772s] creating /home/olympusolutions/senior_ws/install/my_package/share/ament_index/resource_index
[3.772s] creating /home/olympusolutions/senior_ws/install/my_package/share/ament_index/resource_index/packages
[3.774s] copying resource/my_package -> /home/olympusolutions/senior_ws/install/my_package/share/ament_index/resource_index/packages
[3.776s] copying package.xml -> /home/olympusolutions/senior_ws/install/my_package/share/my_package
[3.778s] running install_egg_info
[3.883s] Copying ../../../../build/my_package/my_package.egg-info to /home/olympusolutions/senior_ws/install/my_package/lib/python3.12/site-packages/my_package-0.0.0-py3.12.egg-info
[3.886s] running install_scripts
[4.333s] Installing my_node script to /home/olympusolutions/senior_ws/install/my_package/lib/my_package
[4.335s] writing list of installed files to '/home/olympusolutions/senior_ws/build/my_package/install.log'
[4.465s] Invoked command in '/home/olympusolutions/senior_ws/src/riley_ws/src/my_package' returned '0': DEBUGINFOD_URLS=https://debuginfod.ubuntu.com PYTHONPATH=/home/olympusolutions/senior_ws/build/my_package/prefix_override:/usr/lib/python3/dist-packages/colcon_core/task/python/colcon_distutils_commands:/home/olympusolutions/senior_ws/install/my_package/lib/python3.12/site-packages:${PYTHONPATH} /usr/bin/python3 -W ignore:setup.py install is deprecated -W ignore:easy_install command is deprecated setup.py egg_info --egg-base ../../../../build/my_package build --build-base /home/olympusolutions/senior_ws/build/my_package/build install --record /home/olympusolutions/senior_ws/build/my_package/install.log --single-version-externally-managed install_data
