[11.262s] Invoking command in '/home/olympusolutions/senior_ws/src/twist_stamper': DEBUGINFOD_URLS=https://debuginfod.ubuntu.com PYTHONPATH=/home/olympusolutions/senior_ws/build/twist_stamper/prefix_override:/usr/lib/python3/dist-packages/colcon_core/task/python/colcon_distutils_commands:/home/olympusolutions/senior_ws/install/twist_stamper/lib/python3.12/site-packages:${PYTHONPATH} /usr/bin/python3 -W ignore:setup.py install is deprecated -W ignore:easy_install command is deprecated setup.py egg_info --egg-base ../../build/twist_stamper build --build-base /home/olympusolutions/senior_ws/build/twist_stamper/build install --record /home/olympusolutions/senior_ws/build/twist_stamper/install.log --single-version-externally-managed install_data
[14.589s] running egg_info
[14.823s] writing ../../build/twist_stamper/twist_stamper.egg-info/PKG-INFO
[14.829s] writing dependency_links to ../../build/twist_stamper/twist_stamper.egg-info/dependency_links.txt
[14.838s] writing entry points to ../../build/twist_stamper/twist_stamper.egg-info/entry_points.txt
[14.838s] writing requirements to ../../build/twist_stamper/twist_stamper.egg-info/requires.txt
[14.845s] writing top-level names to ../../build/twist_stamper/twist_stamper.egg-info/top_level.txt
[15.321s] reading manifest file '../../build/twist_stamper/twist_stamper.egg-info/SOURCES.txt'
[15.331s] adding license file 'LICENSE'
[15.342s] writing manifest file '../../build/twist_stamper/twist_stamper.egg-info/SOURCES.txt'
[15.346s] running build
[15.351s] running build_py
[15.351s] running install
[15.379s] running install_lib
[15.675s] running install_data
[15.675s] running install_egg_info
[15.783s] removing '/home/olympusolutions/senior_ws/install/twist_stamper/lib/python3.12/site-packages/twist_stamper-0.0.5-py3.12.egg-info' (and everything under it)
[15.789s] Copying ../../build/twist_stamper/twist_stamper.egg-info to /home/olympusolutions/senior_ws/install/twist_stamper/lib/python3.12/site-packages/twist_stamper-0.0.5-py3.12.egg-info
[15.789s] running install_scripts
[16.898s] Installing twist_stamper script to /home/olympusolutions/senior_ws/install/twist_stamper/lib/twist_stamper
[16.907s] Installing twist_unstamper script to /home/olympusolutions/senior_ws/install/twist_stamper/lib/twist_stamper
[16.909s] writing list of installed files to '/home/olympusolutions/senior_ws/build/twist_stamper/install.log'
[17.610s] Invoked command in '/home/olympusolutions/senior_ws/src/twist_stamper' returned '0': DEBUGINFOD_URLS=https://debuginfod.ubuntu.com PYTHONPATH=/home/olympusolutions/senior_ws/build/twist_stamper/prefix_override:/usr/lib/python3/dist-packages/colcon_core/task/python/colcon_distutils_commands:/home/olympusolutions/senior_ws/install/twist_stamper/lib/python3.12/site-packages:${PYTHONPATH} /usr/bin/python3 -W ignore:setup.py install is deprecated -W ignore:easy_install command is deprecated setup.py egg_info --egg-base ../../build/twist_stamper build --build-base /home/olympusolutions/senior_ws/build/twist_stamper/build install --record /home/olympusolutions/senior_ws/build/twist_stamper/install.log --single-version-externally-managed install_data
